<html>
<body>
<pre>
<h1>µVision Build Log</h1>
<h2>Tool Versions:</h2>
IDE-Version: ¦ÌVision V5.14.0.0
Copyright (C) 2015 ARM Ltd and ARM Germany GmbH. All rights reserved.
License Information: 1222 DELL, 121212, LIC=65ISZ-J91T2-63EMB-2BQ1E-S14VN-5LPAY
 
Tool Versions:
Toolchain:       MDK-ARM Standard  Version: 5.14.0.0
Toolchain Path:  D:\RoRo\Keil\Keil5\ARM\ARMCC\Bin
C Compiler:      Armcc.exe V5.05 update 1 (build 106)
Assembler:       Armasm.exe V5.05 update 1 (build 106)
Linker/Locator:  ArmLink.exe V5.05 update 1 (build 106)
Library Manager: ArmAr.exe V5.05 update 1 (build 106)
Hex Converter:   FromElf.exe V5.05 update 1 (build 106)
CPU DLL:         SARMCM3.DLL V5.14.0.0
Dialog DLL:      DCM.DLL V1.13.1.0
Target DLL:      STLink\ST-LINKIII-KEIL_SWO.dll V2.0.14.0_KEIL
Dialog DLL:      TCM.DLL V1.14.4.0
 
<h2>Project:</h2>
C:\Users\DELL\Documents\GitHub\GL\LH_SPI -420 -(3)__ TM7707_\USER\Template.uvprojx
Project File Date:  03/22/2022

<h2>Output:</h2>
Build target 'Template'
compiling timer.c...
..\Hardware\AD1239\TM7707.h(39): warning:  #1295-D: Deprecated declaration read_byte1 - give arg types
  u8 read_byte1 ();
..\Hardware\AD1239\TM7707.h(58): warning:  #1295-D: Deprecated declaration DIO_IN - give arg types
  void DIO_IN( );
..\Hardware\AD1239\TM7707.h(59): warning:  #1295-D: Deprecated declaration DIO_OUT - give arg types
  void DIO_OUT( );
..\Hardware\TIMER\timer.c(167): warning:  #111-D: statement is unreachable
  EXTI->IMR|=0X80;
..\Hardware\TIMER\timer.c(179): warning:  #177-D: variable "dianliu" was declared but never referenced
        static u16 dianliu;
..\Hardware\TIMER\timer.c(180): warning:  #177-D: variable "js" was declared but never referenced
        static u8 js;
..\Hardware\TIMER\timer.c(274): warning:  #111-D: statement is unreachable
        EXTI_ClearITPendingBit(EXTI_Line16);
..\Hardware\TIMER\timer.c(21): warning:  #177-D: variable "buf" was declared but never referenced
  static uint8_t buf[3];
..\Hardware\TIMER\timer.c: 8 warnings, 0 errors
compiling gui.c...
compiling setcs.c...
linking...
Program Size: Code=35514 RO-data=8774 RW-data=524 ZI-data=1047220  
FromELF: creating hex file...
"..\OBJ\tt.axf" - 0 Error(s), 8 Warning(s).

<h2>Collection of Component include folders:</h2>
  C:\Users\DELL\Documents\GitHub\GL\LH_SPI -420 -(3)__ TM7707_\USER\RTE
  D:\RoRo\Keil\Keil5\ARM\PACK\Keil\STM32F1xx_DFP\2.4.0

<h2>Collection of Component Files used:</h2>
</pre>
</body>
</html>
