<html>
<body>
<pre>
<h1>礦ision Build Log</h1>
<h2>Tool Versions:</h2>
IDE-Version: μVision V5.24.2.86
Copyright (C) 2017 ARM Ltd and ARM Germany GmbH. All rights reserved.
License Information: 8989 User, China, LIC=UJWP0-BKRN5-MMA9I-T3MA2-BFK8Z-35IW2
 
Tool Versions:
Toolchain:       MDK-ARM Plus  Version: 5.27.1.0
Toolchain Path:  D:\2122\Keil\ARM\ARMCC\Bin
C Compiler:      Armcc.exe V5.06 update 6 (build 750)
Assembler:       Armasm.exe V5.06 update 6 (build 750)
Linker/Locator:  ArmLink.exe V5.06 update 6 (build 750)
Library Manager: ArmAr.exe V5.06 update 6 (build 750)
Hex Converter:   FromElf.exe V5.06 update 6 (build 750)
CPU DLL:         SARMCM3.DLL V5.27.1.0
Dialog DLL:      DARMSTM.DLL V1.68.0.0
Target DLL:      STLink\ST-LINKIII-KEIL_SWO.dll V3.0.6.0
Dialog DLL:      TARMSTM.DLL V1.66.0.0
 
<h2>Project:</h2>
D:\2122\软件\GitHub2122\GL\LH_SPI -420 -(3)__ TM7707_\USER\Template.uvprojx
Project File Date:  11/05/2021

<h2>Output:</h2>
*** Using Compiler 'V5.06 update 6 (build 750)', folder: 'D:\2122\Keil\ARM\ARMCC\Bin'
Rebuild target 'Template'
compiling system_stm32f10x.c...
compiling delay.c...
compiling main.c...
..\Hardware\AD1239\TM7707.h(39): warning:  #1295-D: Deprecated declaration read_byte1 - give arg types
  u8 read_byte1 ();
..\Hardware\AD1239\TM7707.h(58): warning:  #1295-D: Deprecated declaration DIO_IN - give arg types
  void DIO_IN( );
..\Hardware\AD1239\TM7707.h(59): warning:  #1295-D: Deprecated declaration DIO_OUT - give arg types
  void DIO_OUT( );
main.c(52): warning:  #177-D: variable "yei"  was declared but never referenced
  	u8 cnt=0,old_key=0,hmqh,yei;
main.c: 4 warnings, 0 errors
compiling stm32f10x_it.c...
assembling startup_stm32f10x_hd.s...
compiling core_cm3.c...
compiling sys.c...
compiling usart.c...
compiling can.c...
compiling key.c...
compiling myiic.c...
compiling wdg.c...
compiling timer.c...
..\Hardware\AD1239\TM7707.h(39): warning:  #1295-D: Deprecated declaration read_byte1 - give arg types
  u8 read_byte1 ();
..\Hardware\AD1239\TM7707.h(58): warning:  #1295-D: Deprecated declaration DIO_IN - give arg types
  void DIO_IN( );
..\Hardware\AD1239\TM7707.h(59): warning:  #1295-D: Deprecated declaration DIO_OUT - give arg types
  void DIO_OUT( );
..\Hardware\TIMER\timer.c(167): warning:  #111-D: statement is unreachable
  EXTI->IMR|=0X80;
..\Hardware\TIMER\timer.c(179): warning:  #177-D: variable "dianliu"  was declared but never referenced
  	static u16 dianliu;
..\Hardware\TIMER\timer.c(180): warning:  #177-D: variable "js"  was declared but never referenced
  	static u8 js;
..\Hardware\TIMER\timer.c(275): warning:  #111-D: statement is unreachable
  	EXTI_ClearITPendingBit(EXTI_Line16);
..\Hardware\TIMER\timer.c(21): warning:  #177-D: variable "buf"  was declared but never referenced
  static uint8_t buf[3];
..\Hardware\TIMER\timer.c: 8 warnings, 0 errors
compiling oled.c...
compiling gui.c...
..\Hardware\SETCS\gui.c(1403): warning:  #177-D: variable "dianliu"  was declared but never referenced
  	static u16 dianliu;
..\Hardware\SETCS\gui.c(1474): warning:  #177-D: variable "ii"  was declared but never referenced
  	double u0,i,ii, u1,u2,r2;//ii   Vs    2.498/16777125=148    1.1822  1.3158  1.249
..\Hardware\SETCS\gui.c(1521): warning:  #177-D: variable "i"  was declared but never referenced
  	u8 i=0 ,ii=0;
..\Hardware\SETCS\gui.c(1521): warning:  #177-D: variable "ii"  was declared but never referenced
  	u8 i=0 ,ii=0;
..\Hardware\SETCS\gui.c(1522): warning:  #177-D: variable "b"  was declared but never referenced
  	u16 b=0,bb;
..\Hardware\SETCS\gui.c(1522): warning:  #177-D: variable "bb"  was declared but never referenced
  	u16 b=0,bb;
..\Hardware\SETCS\gui.c(48): warning:  #177-D: variable "WD_1"  was declared but never referenced
  	static int32_t WD_1;
..\Hardware\SETCS\gui.c: 7 warnings, 0 errors
compiling pic.c...
..\Hardware\SETCS\pic.c(146): warning:  #177-D: variable "i"  was declared but never referenced
  	u8 i,a;
..\Hardware\SETCS\pic.c(146): warning:  #177-D: variable "a"  was declared but never referenced
  	u8 i,a;
..\Hardware\SETCS\pic.c: 2 warnings, 0 errors
compiling setcs.c...
compiling iic.c...
compiling led.c...
compiling spi.c...
compiling 24c64.c...
compiling TM7707.c...
..\Hardware\AD1239\TM7707.h(39): warning:  #1295-D: Deprecated declaration read_byte1 - give arg types
  u8 read_byte1 ();
..\Hardware\AD1239\TM7707.h(58): warning:  #1295-D: Deprecated declaration DIO_IN - give arg types
  void DIO_IN( );
..\Hardware\AD1239\TM7707.h(59): warning:  #1295-D: Deprecated declaration DIO_OUT - give arg types
  void DIO_OUT( );
..\Hardware\AD1239\TM7707.c(454): warning:  #940-D: missing return statement at end of non-void function "TM7705_WaitDRDY" 
  }
..\Hardware\AD1239\TM7707.c(246): warning:  #177-D: function "TM7705_SyncSPI"  was declared but never referenced
  static void TM7705_SyncSPI(void)
..\Hardware\AD1239\TM7707.c: 5 warnings, 0 errors
compiling GP8302 .c...
compiling stm32f10x_usart.c...
compiling misc.c...
compiling stm32f10x_can.c...
compiling stm32f10x_crc.c...
compiling stm32f10x_cec.c...
compiling stm32f10x_exti.c...
compiling stm32f10x_gpio.c...
compiling stm32f10x_i2c.c...
compiling stm32f10x_iwdg.c...
compiling stm32f10x_rtc.c...
compiling stm32f10x_rcc.c...
compiling stm32f10x_spi.c...
compiling stm32f10x_tim.c...
compiling stm32f10x_pwr.c...
compiling stm32f10x_adc.c...
compiling stm32f10x_bkp.c...
compiling malloc.c...
compiling mcheck.c...
compiling protocol.c...
..\Hardware\MODBUS\protocol.c(129): warning:  #177-D: variable "i"  was declared but never referenced
  	u16 i;
..\Hardware\MODBUS\protocol.c(130): warning:  #550-D: variable "calchkval"  was set but never used
  	u16 calchkval=0;			//计算得到的校验值	
..\Hardware\MODBUS\protocol.c(131): warning:  #177-D: variable "framelen"  was declared but never referenced
  	u16 framelen=0;				//打包后的帧长度
..\Hardware\MODBUS\protocol.c: 3 warnings, 0 errors
compiling mport.c...
linking...
Program Size: Code=34914 RO-data=8158 RW-data=524 ZI-data=1047220  
FromELF: creating hex file...
"..\OBJ\tt.axf" - 0 Error(s), 29 Warning(s).

<h2>Software Packages used:</h2>

Package Vendor: Keil
                http://www.keil.com/pack/Keil.STM32F1xx_DFP.2.3.0.pack
                Keil.STM32F1xx_DFP.2.3.0
                STMicroelectronics STM32F1 Series Device Support, Drivers and Examples

<h2>Collection of Component include folders:</h2>
  .\RTE\_Template
  D:\2122\Keil\2122\Keil\STM32F1xx_DFP\2.3.0\Device\Include

<h2>Collection of Component Files used:</h2>
Build Time Elapsed:  00:00:14
</pre>
</body>
</html>
