<html>
<body>
<pre>
<h1>µVision Build Log</h1>
<h2>Tool Versions:</h2>
IDE-Version: ¦ÌVision V5.14.0.0
Copyright (C) 2015 ARM Ltd and ARM Germany GmbH. All rights reserved.
License Information: 1222 DELL, 121212, LIC=65ISZ-J91T2-63EMB-2BQ1E-S14VN-5LPAY
 
Tool Versions:
Toolchain:       MDK-ARM Standard  Version: 5.14.0.0
Toolchain Path:  D:\RoRo\Keil\Keil5\ARM\ARMCC\Bin
C Compiler:      Armcc.exe V5.05 update 1 (build 106)
Assembler:       Armasm.exe V5.05 update 1 (build 106)
Linker/Locator:  ArmLink.exe V5.05 update 1 (build 106)
Library Manager: ArmAr.exe V5.05 update 1 (build 106)
Hex Converter:   FromElf.exe V5.05 update 1 (build 106)
CPU DLL:         SARMCM3.DLL V5.14.0.0
Dialog DLL:      DARMSTM.DLL V1.65.0.0
Target DLL:      STLink\ST-LINKIII-KEIL_SWO.dll V2.0.14.0_KEIL
Dialog DLL:      TARMSTM.DLL
 
<h2>Project:</h2>
C:\Users\DELL\Documents\GitHub\GL\LH_SPI -420 -(3)__ TM7707_\USER\Template.uvprojx
Project File Date:  08/04/2023

<h2>Output:</h2>
Build target 'Template'
compiling main.c...
..\Hardware\AD1239\TM7707.h(40): warning:  #1295-D: Deprecated declaration read_byte1 - give arg types
  u8 read_byte1 ();
..\Hardware\AD1239\TM7707.h(60): warning:  #1295-D: Deprecated declaration DIO_IN - give arg types
  void DIO_IN( );
..\Hardware\AD1239\TM7707.h(61): warning:  #1295-D: Deprecated declaration DIO_OUT - give arg types
  void DIO_OUT( );
main.c(57): warning:  #177-D: variable "yei" was declared but never referenced
        u8 cnt=0,old_key=0,hmqh,yei,Bx=0;
main.c(59): warning:  #177-D: variable "OFF_error" was declared but never referenced
    u8 OFF_error=1;
main.c: 5 warnings, 0 errors
compiling timer.c...
..\Hardware\AD1239\TM7707.h(40): warning:  #1295-D: Deprecated declaration read_byte1 - give arg types
  u8 read_byte1 ();
..\Hardware\AD1239\TM7707.h(60): warning:  #1295-D: Deprecated declaration DIO_IN - give arg types
  void DIO_IN( );
..\Hardware\AD1239\TM7707.h(61): warning:  #1295-D: Deprecated declaration DIO_OUT - give arg types
  void DIO_OUT( );
..\Hardware\TIMER\timer.c(168): warning:  #111-D: statement is unreachable
  EXTI->IMR|=0X80;
..\Hardware\TIMER\timer.c(180): warning:  #177-D: variable "dianliu" was declared but never referenced
        static u16 dianliu;
..\Hardware\TIMER\timer.c(181): warning:  #177-D: variable "js" was declared but never referenced
        static u8 js;
..\Hardware\TIMER\timer.c(212): warning:  #177-D: variable "c" was declared but never referenced
        int32_t a,b,c,d;
..\Hardware\TIMER\timer.c(212): warning:  #177-D: variable "d" was declared but never referenced
        int32_t a,b,c,d;
..\Hardware\TIMER\timer.c(277): warning:  #111-D: statement is unreachable
        EXTI_ClearITPendingBit(EXTI_Line16);
..\Hardware\TIMER\timer.c(22): warning:  #177-D: variable "buf" was declared but never referenced
  static uint8_t buf[3];
..\Hardware\TIMER\timer.c: 10 warnings, 0 errors
compiling gui.c...
..\Hardware\SETCS\gui.c(1387): warning:  #550-D: variable "buc" was set but never used
  u32 buc=0;
..\Hardware\SETCS\gui.c(1435): warning:  #177-D: variable "sm" was declared but never referenced
        int32_t cc,ccll,sm=0;
..\Hardware\SETCS\gui.c: 2 warnings, 0 errors
compiling GP8302 .c...
linking...
Program Size: Code=38234 RO-data=8590 RW-data=572 ZI-data=1047220  
FromELF: creating hex file...
"..\OBJ\tt2122.axf" - 0 Error(s), 17 Warning(s).

<h2>Collection of Component include folders:</h2>
  C:\Users\DELL\Documents\GitHub\GL\LH_SPI -420 -(3)__ TM7707_\USER\RTE
  D:\RoRo\Keil\Keil5\ARM\PACK\Keil\STM32F1xx_DFP\1.1.0\Device\Include

<h2>Collection of Component Files used:</h2>
</pre>
</body>
</html>
