<html>
<body>
<pre>
<h1>µVision Build Log</h1>
<h2>Tool Versions:</h2>
IDE-Version: ¦ÌVision V5.14.0.0
Copyright (C) 2015 ARM Ltd and ARM Germany GmbH. All rights reserved.
License Information: 1222 DELL, 121212, LIC=65ISZ-J91T2-63EMB-2BQ1E-S14VN-5LPAY
 
Tool Versions:
Toolchain:       MDK-ARM Standard  Version: 5.14.0.0
Toolchain Path:  D:\RoRo\Keil\Keil5\ARM\ARMCC\Bin
C Compiler:      Armcc.exe V5.05 update 1 (build 106)
Assembler:       Armasm.exe V5.05 update 1 (build 106)
Linker/Locator:  ArmLink.exe V5.05 update 1 (build 106)
Library Manager: ArmAr.exe V5.05 update 1 (build 106)
Hex Converter:   FromElf.exe V5.05 update 1 (build 106)
CPU DLL:         SARMCM3.DLL V5.14.0.0
Dialog DLL:      DCM.DLL V1.13.1.0
Target DLL:      STLink\ST-LINKIII-KEIL_SWO.dll V2.0.14.0_KEIL
Dialog DLL:      TARMSTM.DLL V1.64.0.0
 
<h2>Project:</h2>
C:\Users\DELL\Documents\GitHub\GL\LH_SPI -420 -(3)__ TM7707_\USER\Template.uvprojx
Project File Date:  08/11/2022

<h2>Output:</h2>
Build target 'Template'
compiling main.c...
..\Hardware\AD1239\TM7707.h(39): warning:  #1295-D: Deprecated declaration read_byte1 - give arg types
  u8 read_byte1 ();
..\Hardware\AD1239\TM7707.h(59): warning:  #1295-D: Deprecated declaration DIO_IN - give arg types
  void DIO_IN( );
..\Hardware\AD1239\TM7707.h(60): warning:  #1295-D: Deprecated declaration DIO_OUT - give arg types
  void DIO_OUT( );
main.c(57): warning:  #177-D: variable "yei" was declared but never referenced
        u8 cnt=0,old_key=0,hmqh,yei,Bx=0;
main.c: 4 warnings, 0 errors
linking...
Program Size: Code=37618 RO-data=9046 RW-data=572 ZI-data=1047220  
FromELF: creating hex file...
"..\OBJ\tt2122.axf" - 0 Error(s), 4 Warning(s).

<h2>Collection of Component include folders:</h2>
  C:\Users\DELL\Documents\GitHub\GL\LH_SPI -420 -(3)__ TM7707_\USER\RTE
  D:\RoRo\Keil\Keil5\ARM\PACK\Keil\STM32F1xx_DFP\2.4.0

<h2>Collection of Component Files used:</h2>
</pre>
</body>
</html>
