Component: ARM Compiler 5.06 update 6 (build 750) Tool: armlink [4d35ed]

==============================================================================

Section Cross References

    main.o(i.main) refers to delay.o(i.delay_init) for delay_init
    main.o(i.main) refers to misc.o(i.NVIC_PriorityGroupConfig) for NVIC_PriorityGroupConfig
    main.o(i.main) refers to usart.o(i.uart_init) for uart_init
    main.o(i.main) refers to led.o(i.LED_Init) for LED_Init
    main.o(i.main) refers to key.o(i.KEY_Init) for KEY_Init
    main.o(i.main) refers to 24c64.o(i.AT24CXX_Init) for AT24CXX_Init
    main.o(i.main) refers to tm7707.o(i.TM7707_init) for TM7707_init
    main.o(i.main) refers to oled.o(i.OLED_Init) for OLED_Init
    main.o(i.main) refers to pic.o(i.FIRST) for FIRST
    main.o(i.main) refers to timer.o(i.TIM4_init) for TIM4_init
    main.o(i.main) refers to can.o(i.CAN_Mode_Init) for CAN_Mode_Init
    main.o(i.main) refers to can.o(i.Can_Receive_Msg) for Can_Receive_Msg
    main.o(i.main) refers to 24c64.o(i.BL_24c64) for BL_24c64
    main.o(i.main) refers to delay.o(i.delay_ms) for delay_ms
    main.o(i.main) refers to setcs.o(i.CAN_Answer) for CAN_Answer
    main.o(i.main) refers to setcs.o(i.CAN_SAVE) for CAN_SAVE
    main.o(i.main) refers to key.o(i.KEY_Scan) for KEY_Scan
    main.o(i.main) refers to setcs.o(i.SET_IN) for SET_IN
    main.o(i.main) refers to pic.o(i.FIRST_2) for FIRST_2
    main.o(i.main) refers to gui.o(i.GUI_ShowString) for GUI_ShowString
    main.o(i.main) refers to gui.o(i.GUI_ShowNum) for GUI_ShowNum
    main.o(i.main) refers to setcs.o(i.SET_COME) for SET_COME
    main.o(i.main) refers to timer.o(i.Made_Data) for Made_Data
    main.o(i.main) refers to timer.o(i.LJLL_Data) for LJLL_Data
    main.o(i.main) refers to can.o(i.Can_Send_Msg) for Can_Send_Msg
    main.o(i.main) refers to timer.o(.data) for ljks
    main.o(i.main) refers to main.o(.data) for run
    main.o(i.main) refers to setcs.o(.data) for key
    main.o(i.main) refers to gui.o(.data) for WD_Ohm
    main.o(i.main) refers to can.o(.data) for myid
    system_stm32f10x.o(i.SetSysClock) refers to system_stm32f10x.o(i.SetSysClockTo72) for SetSysClockTo72
    system_stm32f10x.o(i.SystemCoreClockUpdate) refers to system_stm32f10x.o(.data) for SystemCoreClock
    system_stm32f10x.o(i.SystemInit) refers to system_stm32f10x.o(i.SetSysClock) for SetSysClock
    delay.o(i.delay_init) refers to misc.o(i.SysTick_CLKSourceConfig) for SysTick_CLKSourceConfig
    delay.o(i.delay_init) refers to system_stm32f10x.o(.data) for SystemCoreClock
    delay.o(i.delay_init) refers to delay.o(.data) for fac_us
    delay.o(i.delay_ms) refers to delay.o(.data) for fac_ms
    delay.o(i.delay_us) refers to delay.o(.data) for fac_us
    usart.o(i.Usart_SendArray) refers (Special) to use_no_semi_2.o(.text) for __use_no_semihosting
    usart.o(i.Usart_SendArray) refers to usart.o(i.Usart_SendByte) for Usart_SendByte
    usart.o(i.Usart_SendArray) refers to stm32f10x_usart.o(i.USART_GetFlagStatus) for USART_GetFlagStatus
    usart.o(i.Usart_SendByte) refers (Special) to use_no_semi_2.o(.text) for __use_no_semihosting
    usart.o(i.Usart_SendByte) refers to stm32f10x_usart.o(i.USART_SendData) for USART_SendData
    usart.o(i.Usart_SendByte) refers to stm32f10x_usart.o(i.USART_GetFlagStatus) for USART_GetFlagStatus
    usart.o(i.Usart_SendHalfWord) refers (Special) to use_no_semi_2.o(.text) for __use_no_semihosting
    usart.o(i.Usart_SendHalfWord) refers to stm32f10x_usart.o(i.USART_SendData) for USART_SendData
    usart.o(i.Usart_SendHalfWord) refers to stm32f10x_usart.o(i.USART_GetFlagStatus) for USART_GetFlagStatus
    usart.o(i.Usart_SendString) refers (Special) to use_no_semi_2.o(.text) for __use_no_semihosting
    usart.o(i.Usart_SendString) refers to usart.o(i.Usart_SendByte) for Usart_SendByte
    usart.o(i.Usart_SendString) refers to stm32f10x_usart.o(i.USART_GetFlagStatus) for USART_GetFlagStatus
    usart.o(i._sys_exit) refers (Special) to use_no_semi_2.o(.text) for __use_no_semihosting
    usart.o(i.fgetc) refers (Special) to use_no_semi_2.o(.text) for __use_no_semihosting
    usart.o(i.fgetc) refers to stm32f10x_usart.o(i.USART_GetFlagStatus) for USART_GetFlagStatus
    usart.o(i.fgetc) refers to stm32f10x_usart.o(i.USART_ReceiveData) for USART_ReceiveData
    usart.o(i.fputc) refers (Special) to use_no_semi_2.o(.text) for __use_no_semihosting
    usart.o(i.fputc) refers to stm32f10x_usart.o(i.USART_SendData) for USART_SendData
    usart.o(i.fputc) refers to stm32f10x_usart.o(i.USART_GetFlagStatus) for USART_GetFlagStatus
    usart.o(i.uart_init) refers (Special) to use_no_semi_2.o(.text) for __use_no_semihosting
    usart.o(i.uart_init) refers to stm32f10x_rcc.o(i.RCC_APB2PeriphClockCmd) for RCC_APB2PeriphClockCmd
    usart.o(i.uart_init) refers to stm32f10x_gpio.o(i.GPIO_Init) for GPIO_Init
    usart.o(i.uart_init) refers to misc.o(i.NVIC_Init) for NVIC_Init
[...]
    .text                                    0x0800024e   Section       16  aeabi_memset.o(.text)
    .text                                    0x0800025e   Section       68  rt_memclr.o(.text)
    .text                                    0x080002a2   Section        0  heapauxi.o(.text)
    .text                                    0x080002a8   Section        2  use_no_semi.o(.text)
    .text                                    0x080002aa   Section        0  _rserrno.o(.text)
    .text                                    0x080002c0   Section       78  rt_memclr_w.o(.text)
    .text                                    0x08000310   Section        8  rt_errno_addr_intlibspace.o(.text)
    .text                                    0x08000318   Section        8  libspace.o(.text)
    .text                                    0x08000320   Section       74  sys_stackheap_outer.o(.text)
    .text                                    0x0800036a   Section        0  exit.o(.text)
    i.AT24CXX_Init                           0x0800037c   Section        0  24c64.o(i.AT24CXX_Init)
    i.AT24CXX_Read                           0x08000754   Section        0  24c64.o(i.AT24CXX_Read)
    i.AT24CXX_Write                          0x080007c4   Section        0  24c64.o(i.AT24CXX_Write)
    i.A_N_24C64                              0x08000834   Section        0  24c64.o(i.A_N_24C64)
    i.BL_24c64                               0x0800088c   Section        0  24c64.o(i.BL_24c64)
    i.BusFault_Handler                       0x08000a9c   Section        0  stm32f10x_it.o(i.BusFault_Handler)
    i.CAN_Answer                             0x08000aa0   Section        0  setcs.o(i.CAN_Answer)
    i.CAN_FilterInit                         0x0800152c   Section        0  stm32f10x_can.o(i.CAN_FilterInit)
    i.CAN_Init                               0x08001634   Section        0  stm32f10x_can.o(i.CAN_Init)
    i.CAN_MessagePending                     0x08001748   Section        0  stm32f10x_can.o(i.CAN_MessagePending)
    i.CAN_Mode_Init                          0x08001768   Section        0  can.o(i.CAN_Mode_Init)
    i.CAN_Receive                            0x08001838   Section        0  stm32f10x_can.o(i.CAN_Receive)
    i.CAN_SAVE                               0x08001928   Section        0  setcs.o(i.CAN_SAVE)
    i.CAN_SET                                0x08001c44   Section        0  pic.o(i.CAN_SET)
    i.CAN_Transmit                           0x08001ce0   Section        0  stm32f10x_can.o(i.CAN_Transmit)
    i.CAN_TransmitStatus                     0x08001e08   Section        0  stm32f10x_can.o(i.CAN_TransmitStatus)
    i.Can_Receive_Msg                        0x08001ea8   Section        0  can.o(i.Can_Receive_Msg)
    i.Can_Send_Msg                           0x08001ee4   Section        0  can.o(i.Can_Send_Msg)
    i.DebugMon_Handler                       0x08001f4c   Section        0  stm32f10x_it.o(i.DebugMon_Handler)
    i.EXTI1_IRQHandler                       0x08001f50   Section        0  timer.o(i.EXTI1_IRQHandler)
    i.EXTI_GetITStatus                       0x08001f8c   Section        0  stm32f10x_exti.o(i.EXTI_GetITStatus)
    i.FIRST                                  0x08001fb4   Section        0  pic.o(i.FIRST)
    i.FIRST_2                                0x0800207c   Section        0  pic.o(i.FIRST_2)
    i.FIVE                                   0x0800214c   Section        0  pic.o(i.FIVE)
    i.FOUR                                   0x080021ac   Section        0  pic.o(i.FOUR)
    i.GPIO_Init                              0x08002234   Section        0  stm32f10x_gpio.o(i.GPIO_Init)
    i.GPIO_ReadInputDataBit                  0x0800234a   Section        0  stm32f10x_gpio.o(i.GPIO_ReadInputDataBit)
    i.GPIO_ResetBits                         0x0800235c   Section        0  stm32f10x_gpio.o(i.GPIO_ResetBits)
    i.GPIO_SetBits                           0x08002360   Section        0  stm32f10x_gpio.o(i.GPIO_SetBits)
    i.GUI_DrawLine                           0x08002364   Section        0  gui.o(i.GUI_DrawLine)
    i.GUI_DrawRectangle                      0x08002414   Section        0  gui.o(i.GUI_DrawRectangle)
    i.GUI_ShowCHinese                        0x0800245e   Section        0  gui.o(i.GUI_ShowCHinese)
    i.GUI_ShowChar                           0x080024c8   Section        0  gui.o(i.GUI_ShowChar)
    i.GUI_ShowFont16                         0x080026c4   Section        0  gui.o(i.GUI_ShowFont16)
    i.GUI_ShowFont24                         0x080027b4   Section        0  gui.o(i.GUI_ShowFont24)
    i.GUI_ShowFont32                         0x080028b8   Section        0  gui.o(i.GUI_ShowFont32)
    i.GUI_ShowNum                            0x080029b0   Section        0  gui.o(i.GUI_ShowNum)
    i.GUI_ShowString                         0x08002a88   Section        0  gui.o(i.GUI_ShowString)
    i.HardFault_Handler                      0x08002b18   Section        0  stm32f10x_it.o(i.HardFault_Handler)
    i.I1C_Ack                                0x08002b1c   Section        0  myiic.o(i.I1C_Ack)
    i.I1C_Init                               0x08002b68   Section        0  myiic.o(i.I1C_Init)
    i.I1C_NAck                               0x08002b9c   Section        0  myiic.o(i.I1C_NAck)
    i.I1C_Read_Byte                          0x08002be8   Section        0  myiic.o(i.I1C_Read_Byte)
    i.I1C_Send_Byte                          0x08002c40   Section        0  myiic.o(i.I1C_Send_Byte)
    i.I1C_Start                              0x08002ca0   Section        0  myiic.o(i.I1C_Start)
    i.I1C_Stop                               0x08002cfc   Section        0  myiic.o(i.I1C_Stop)
    i.I1C_Wait_Ack                           0x08002d54   Section        0  myiic.o(i.I1C_Wait_Ack)
    i.KEY_Init                               0x08002d98   Section        0  key.o(i.KEY_Init)
    i.KEY_Scan                               0x08002dc4   Section        0  key.o(i.KEY_Scan)
    i.LED_Init                               0x08002e30   Section        0  led.o(i.LED_Init)
    i.LJLL_Data                              0x08002e5c   Section        0  timer.o(i.LJLL_Data)
    i.MENU                                   0x08002f20   Section        0  pic.o(i.MENU)
    i.Made_Data                              0x08002fbc   Section        0  timer.o(i.Made_Data)
    i.MemManage_Handler                      0x08003020   Section        0  stm32f10x_it.o(i.MemManage_Handler)
    i.NMI_Handler                            0x08003024   Section        0  stm32f10x_it.o(i.NMI_Handler)
    i.NUM_A                                  0x08003026   Section        0  gui.o(i.NUM_A)
    i.NVIC_Init                              0x0800306c   Section        0  misc.o(i.NVIC_Init)
    i.NVIC_PriorityGroupConfig               0x080030dc   Section        0  misc.o(i.NVIC_PriorityGroupConfig)
    i.N_A                                    0x080030f0   Section        0  timer.o(i.N_A)
    i.OLED_Clear                             0x08003114   Section        0  oled.o(i.OLED_Clear)
    i.OLED_Display                           0x0800313c   Section        0  oled.o(i.OLED_Display)
    i.OLED_Display_Off                       0x08003184   Section        0  oled.o(i.OLED_Display_Off)
    i.OLED_Display_On                        0x080031a0   Section        0  oled.o(i.OLED_Display_On)
    i.OLED_Init                              0x080031bc   Section        0  oled.o(i.OLED_Init)
    i.OLED_Init_GPIO                         0x080032bc   Section        0  oled.o(i.OLED_Init_GPIO)
    i.OLED_Reset                             0x080032f0   Section        0  oled.o(i.OLED_Reset)
    i.OLED_Set_Pixel                         0x0800331c   Section        0  oled.o(i.OLED_Set_Pixel)
    i.OLED_WR_Byte                           0x0800339c   Section        0  oled.o(i.OLED_WR_Byte)
    i.ONE                                    0x080033d8   Section        0  pic.o(i.ONE)
    i.PVD_IRQHandler                         0x08003498   Section        0  timer.o(i.PVD_IRQHandler)
    i.PendSV_Handler                         0x080034f0   Section        0  stm32f10x_it.o(i.PendSV_Handler)
    i.QJHM                                   0x080034f4   Section        0  pic.o(i.QJHM)
    i.RCC_APB1PeriphClockCmd                 0x08003570   Section        0  stm32f10x_rcc.o(i.RCC_APB1PeriphClockCmd)
    i.RCC_APB2PeriphClockCmd                 0x08003590   Section        0  stm32f10x_rcc.o(i.RCC_APB2PeriphClockCmd)
    i.RCC_GetClocksFreq                      0x080035b0   Section        0  stm32f10x_rcc.o(i.RCC_GetClocksFreq)
    i.SDA_IN                                 0x08003684   Section        0  myiic.o(i.SDA_IN)
    i.SET_COME                               0x080036b0   Section        0  setcs.o(i.SET_COME)
    i.SET_IN                                 0x08004818   Section        0  setcs.o(i.SET_IN)
    i.SEV                                    0x08004854   Section        0  pic.o(i.SEV)
    i.SIX                                    0x0800487c   Section        0  pic.o(i.SIX)
    i.SPI1_Init                              0x08004924   Section        0  spi.o(i.SPI1_Init)
    i.SPI_Cmd                                0x080049bc   Section        0  stm32f10x_spi.o(i.SPI_Cmd)
    i.SPI_Init                               0x080049d4   Section        0  stm32f10x_spi.o(i.SPI_Init)
    i.SPI_WriteByte                          0x08004a10   Section        0  spi.o(i.SPI_WriteByte)
    i.SVC_Handler                            0x08004a32   Section        0  stm32f10x_it.o(i.SVC_Handler)
    i.SetSysClock                            0x08004a34   Section        0  system_stm32f10x.o(i.SetSysClock)
    SetSysClock                              0x08004a35   Thumb Code     8  system_stm32f10x.o(i.SetSysClock)
    i.SetSysClockTo72                        0x08004a3c   Section        0  system_stm32f10x.o(i.SetSysClockTo72)
    SetSysClockTo72                          0x08004a3d   Thumb Code   214  system_stm32f10x.o(i.SetSysClockTo72)
    i.SysTick_CLKSourceConfig                0x08004b1c   Section        0  misc.o(i.SysTick_CLKSourceConfig)
    i.SysTick_Handler                        0x08004b44   Section        0  stm32f10x_it.o(i.SysTick_Handler)
    i.SystemInit                             0x08004b48   Section        0  system_stm32f10x.o(i.SystemInit)
    i.THERR                                  0x08004ba8   Section        0  pic.o(i.THERR)
    i.TIM4_IRQHandler                        0x08004c30   Section        0  timer.o(i.TIM4_IRQHandler)
    i.TIM4_init                              0x08004cd4   Section        0  timer.o(i.TIM4_init)
    i.TIM_ClearITPendingBit                  0x08004d34   Section        0  stm32f10x_tim.o(i.TIM_ClearITPendingBit)
    i.TIM_Cmd                                0x08004d3a   Section        0  stm32f10x_tim.o(i.TIM_Cmd)
    i.TIM_GetITStatus                        0x08004d52   Section        0  stm32f10x_tim.o(i.TIM_GetITStatus)
    i.TIM_ITConfig                           0x08004d74   Section        0  stm32f10x_tim.o(i.TIM_ITConfig)
    i.TIM_TimeBaseInit                       0x08004d88   Section        0  stm32f10x_tim.o(i.TIM_TimeBaseInit)
    i.TM7705_CalibSelf                       0x08004e2c   Section        0  tm7707.o(i.TM7705_CalibSelf)
    i.TM7705_Delay                           0x08004e9c   Section        0  tm7707.o(i.TM7705_Delay)
    TM7705_Delay                             0x08004e9d   Thumb Code    14  tm7707.o(i.TM7705_Delay)
    i.TM7705_Read3Byte                       0x08004eac   Section        0  tm7707.o(i.TM7705_Read3Byte)
    i.TM7705_Recive8Bit                      0x08004f08   Section        0  tm7707.o(i.TM7705_Recive8Bit)
    TM7705_Recive8Bit                        0x08004f09   Thumb Code    70  tm7707.o(i.TM7705_Recive8Bit)
    i.TM7705_Send8Bit                        0x08004f54   Section        0  tm7707.o(i.TM7705_Send8Bit)
    TM7705_Send8Bit                          0x08004f55   Thumb Code    78  tm7707.o(i.TM7705_Send8Bit)
    i.TM7705_WaitDRDY                        0x08004fa8   Section        0  tm7707.o(i.TM7705_WaitDRDY)
    i.TM7705_WriteByte                       0x08005014   Section        0  tm7707.o(i.TM7705_WriteByte)
    i.TM7707_init                            0x08005058   Section        0  tm7707.o(i.TM7707_init)
    i.TP1000_ohm                             0x080050b0   Section        0  gui.o(i.TP1000_ohm)
    i.TP1000_wd_                             0x08005154   Section        0  gui.o(i.TP1000_wd_)
    i.TWO                                    0x08005194   Section        0  pic.o(i.TWO)
    i.USART1_IRQHandler                      0x0800521c   Section        0  mport.o(i.USART1_IRQHandler)
    i.USART_Cmd                              0x0800531c   Section        0  stm32f10x_usart.o(i.USART_Cmd)
    i.USART_ITConfig                         0x08005334   Section        0  stm32f10x_usart.o(i.USART_ITConfig)
    i.USART_Init                             0x08005380   Section        0  stm32f10x_usart.o(i.USART_Init)
    i.UsageFault_Handler                     0x08005458   Section        0  stm32f10x_it.o(i.UsageFault_Handler)
    i.YS_CY                                  0x0800545c   Section        0  gui.o(i.YS_CY)
    i.YS_LJ                                  0x08005524   Section        0  gui.o(i.YS_LJ)
    i.YS_LL                                  0x080055a8   Section        0  gui.o(i.YS_LL)
    i.YS_WD                                  0x0800583c   Section        0  gui.o(i.YS_WD)
    i.YS_YM                                  0x080058c0   Section        0  gui.o(i.YS_YM)
    i.YS_YS                                  0x080058f4   Section        0  gui.o(i.YS_YS)
    i._7707_REST                             0x08005a50   Section        0  tm7707.o(i._7707_REST)
    i._sys_exit                              0x08005a98   Section        0  usart.o(i._sys_exit)
    i.delay_init                             0x08005a9c   Section        0  delay.o(i.delay_init)
    i.delay_ms                               0x08005ae0   Section        0  delay.o(i.delay_ms)
    i.delay_us                               0x08005b2c   Section        0  delay.o(i.delay_us)
    i.main                                   0x08005b78   Section        0  main.o(i.main)
    i.mypow                                  0x08005ec0   Section        0  gui.o(i.mypow)
    mypow                                    0x08005ec1   Thumb Code    22  gui.o(i.mypow)
    i.sqrt                                   0x08005ed6   Section        0  sqrt.o(i.sqrt)
    i.uart_init                              0x08005f24   Section        0  usart.o(i.uart_init)
    x$fpl$dadd                               0x08005fc4   Section      336  daddsub_clz.o(x$fpl$dadd)
    _dadd1                                   0x08005fd5   Thumb Code     0  daddsub_clz.o(x$fpl$dadd)
    x$fpl$ddiv                               0x08006114   Section      688  ddiv.o(x$fpl$ddiv)
    ddiv_entry                               0x0800611b   Thumb Code     0  ddiv.o(x$fpl$ddiv)
    x$fpl$dfix                               0x080063c4   Section       94  dfix.o(x$fpl$dfix)
    x$fpl$dfixu                              0x08006424   Section       90  dfixu.o(x$fpl$dfixu)
    x$fpl$dflt                               0x0800647e   Section       46  dflt_clz.o(x$fpl$dflt)
    x$fpl$dfltu                              0x080064ac   Section       38  dflt_clz.o(x$fpl$dfltu)
    x$fpl$dmul                               0x080064d4   Section      340  dmul.o(x$fpl$dmul)
    x$fpl$dnaninf                            0x08006628   Section      156  dnaninf.o(x$fpl$dnaninf)
    x$fpl$dretinf                            0x080066c4   Section       12  dretinf.o(x$fpl$dretinf)
    x$fpl$dsqrt                              0x080066d0   Section      460  dsqrt_noumaal.o(x$fpl$dsqrt)
    x$fpl$dsub                               0x0800689c   Section      468  daddsub_clz.o(x$fpl$dsub)
    _dsub1                                   0x080068ad   Thumb Code     0  daddsub_clz.o(x$fpl$dsub)
    x$fpl$fdiv                               0x08006a70   Section      388  fdiv.o(x$fpl$fdiv)
    _fdiv1                                   0x08006a71   Thumb Code     0  fdiv.o(x$fpl$fdiv)
    x$fpl$ffix                               0x08006bf4   Section       54  ffix.o(x$fpl$ffix)
    x$fpl$fflt                               0x08006c2c   Section       48  fflt_clz.o(x$fpl$fflt)
    x$fpl$fmul                               0x08006c5c   Section      258  fmul.o(x$fpl$fmul)
    x$fpl$fnaninf                            0x08006d5e   Section      140  fnaninf.o(x$fpl$fnaninf)
    x$fpl$fretinf                            0x08006dea   Section       10  fretinf.o(x$fpl$fretinf)
    .constdata                               0x08006df4   Section     7534  gui.o(.constdata)
    x$fpl$usenofp                            0x08006df4   Section        0  usenofp.o(x$fpl$usenofp)
    .data                                    0x20000000   Section      110  main.o(.data)
    col                                      0x20000000   Data           4  main.o(.data)
    row                                      0x20000004   Data           4  main.o(.data)
    page                                     0x20000008   Data           1  main.o(.data)
    smode                                    0x20000009   Data           1  main.o(.data)
    wz                                       0x2000000a   Data           1  main.o(.data)
    .data                                    0x20000070   Section       20  system_stm32f10x.o(.data)
    .data                                    0x20000084   Section        4  delay.o(.data)
    fac_us                                   0x20000084   Data           1  delay.o(.data)
    fac_ms                                   0x20000086   Data           2  delay.o(.data)
    .data                                    0x20000088   Section        4  can.o(.data)
    .data                                    0x2000008c   Section       23  timer.o(.data)
    buf                                      0x2000008c   Data           3  timer.o(.data)
    secn                                     0x200000a2   Data           1  timer.o(.data)
    .data                                    0x200000a4   Section      224  gui.o(.data)
    LJI                                      0x200000a4   Data           4  gui.o(.data)
    WD_1                                     0x200000b4   Data           4  gui.o(.data)
    .data                                    0x20000184   Section       47  setcs.o(.data)
    col                                      0x20000184   Data           4  setcs.o(.data)
    row                                      0x20000188   Data           4  setcs.o(.data)
    page                                     0x2000018c   Data           1  setcs.o(.data)
    smode                                    0x2000018d   Data           1  setcs.o(.data)
    wz                                       0x2000018e   Data           1  setcs.o(.data)
    tem                                      0x2000018f   Data           1  setcs.o(.data)
    fx                                       0x20000191   Data           1  setcs.o(.data)
    xgbz                                     0x20000192   Data           1  setcs.o(.data)
    skey                                     0x20000193   Data           1  setcs.o(.data)
    lsk                                      0x20000194   Data           1  setcs.o(.data)
    addr                                     0x20000196   Data           2  setcs.o(.data)
    ss                                       0x20000198   Data           7  setcs.o(.data)
    ld                                       0x2000019f   Data           8  setcs.o(.data)
    qc                                       0x200001a7   Data           6  setcs.o(.data)
    dd                                       0x200001ad   Data           6  setcs.o(.data)
    .data                                    0x200001b4   Section       16  24c64.o(.data)
    .data                                    0x200001c4   Section        3  tm7707.o(.data)
    .data                                    0x200001c7   Section       20  stm32f10x_rcc.o(.data)
    APBAHBPrescTable                         0x200001c7   Data          16  stm32f10x_rcc.o(.data)
    ADCPrescTable                            0x200001d7   Data           4  stm32f10x_rcc.o(.data)
    .data                                    0x200001dc   Section       18  mport.o(.data)
    .data                                    0x200001f0   Section        8  protocol.o(.data)
    .bss                                     0x200001f8   Section       40  main.o(.bss)
    .bss                                     0x20000220   Section       40  gui.o(.bss)
    PJ                                       0x20000220   Data          40  gui.o(.bss)
    .bss                                     0x20000248   Section     1024  oled.o(.bss)
    OLED_buffer                              0x20000248   Data        1024  oled.o(.bss)
    .bss                                     0x20000648   Section       96  libspace.o(.bss)
    HEAP                                     0x200006a8   Section      512  startup_stm32f10x_hd.o(HEAP)
    Heap_Mem                                 0x200006a8   Data         512  startup_stm32f10x_hd.o(HEAP)
    STACK                                    0x200008a8   Section     1024  startup_stm32f10x_hd.o(STACK)
    Stack_Mem                                0x200008a8   Data        1024  startup_stm32f10x_hd.o(STACK)
    __initial_sp                             0x20000ca8   Data           0  startup_stm32f10x_hd.o(STACK)
    .ARM.__AT_0x68000000                     0x68000000   Section    983040  malloc.o(.ARM.__AT_0x68000000)
    .ARM.__AT_0x680F0000                     0x680f0000   Section    61440  malloc.o(.ARM.__AT_0x680F0000)

    Global Symbols

    Symbol Name                              Value     Ov Type        Size  Object(Section)

    BuildAttributes$$THM_ISAv4$P$D$K$B$S$PE$A:L22UL41UL21$X:L11$S22US41US21$IEEE1$IW$USESV6$~STKCKD$USESV7$~SHL$OTIME$ROPI$IEEEJ$EBA8$UX$STANDARDLIB$REQ8$PRES8$EABIv2 0x00000000   Number         0  anon$$obj.o ABSOLUTE
    __ARM_use_no_argv                        0x00000000   Number         0  main.o ABSOLUTE
    __ARM_exceptions_init                     - Undefined Weak Reference
    __alloca_initialize                       - Undefined Weak Reference
    __arm_preinit_                            - Undefined Weak Reference
    __cpp_initialize__aeabi_                  - Undefined Weak Reference
    __cxa_finalize                            - Undefined Weak Reference
    __rt_locale                               - Undefined Weak Reference
    __sigvec_lookup                           - Undefined Weak Reference
    _atexit_init                              - Undefined Weak Reference
    _call_atexit_fns                          - Undefined Weak Reference
    _clock_init                               - Undefined Weak Reference
    _fp_trap_init                             - Undefined Weak Reference
    _fp_trap_shutdown                         - Undefined Weak Reference
    _get_lc_collate                           - Undefined Weak Reference
    _get_lc_ctype                             - Undefined Weak Reference
    _get_lc_monetary                          - Undefined Weak Reference
    _get_lc_numeric                           - Undefined Weak Reference
    _get_lc_time                              - Undefined Weak Reference
    _getenv_init                              - Undefined Weak Reference
    _handle_redirection                       - Undefined Weak Reference
    _init_alloc                               - Undefined Weak Reference
    _init_user_alloc                          - Undefined Weak Reference
    _initio                                   - Undefined Weak Reference
    _rand_init                                - Undefined Weak Reference
    _signal_finish                            - Undefined Weak Reference
    _signal_init                              - Undefined Weak Reference
    _terminate_alloc                          - Undefined Weak Reference
    _terminate_user_alloc                     - Undefined Weak Reference
    _terminateio                              - Undefined Weak Reference
    __Vectors_Size                           0x00000130   Number         0  startup_stm32f10x_hd.o ABSOLUTE
    __Vectors                                0x08000000   Data           4  startup_stm32f10x_hd.o(RESET)
    __Vectors_End                            0x08000130   Data           0  startup_stm32f10x_hd.o(RESET)
    __main                                   0x08000131   Thumb Code     8  __main.o(!!!main)
    __scatterload                            0x08000139   Thumb Code     0  __scatter.o(!!!scatter)
    __scatterload_rt2                        0x08000139   Thumb Code    44  __scatter.o(!!!scatter)
    __scatterload_rt2_thumb_only             0x08000139   Thumb Code     0  __scatter.o(!!!scatter)
    __scatterload_null                       0x08000147   Thumb Code     0  __scatter.o(!!!scatter)
    __decompress                             0x0800016d   Thumb Code    90  __dczerorl2.o(!!dczerorl2)
    __decompress1                            0x0800016d   Thumb Code     0  __dczerorl2.o(!!dczerorl2)
    __scatterload_zeroinit                   0x080001c9   Thumb Code    28  __scatter_zi.o(!!handler_zi)
    __rt_lib_init                            0x080001e5   Thumb Code     0  libinit.o(.ARM.Collect$$libinit$$00000000)
    __rt_lib_init_alloca_1                   0x080001e7   Thumb Code     0  libinit2.o(.ARM.Collect$$libinit$$0000002E)
    __rt_lib_init_argv_1                     0x080001e7   Thumb Code     0  libinit2.o(.ARM.Collect$$libinit$$0000002C)
    __rt_lib_init_atexit_1                   0x080001e7   Thumb Code     0  libinit2.o(.ARM.Collect$$libinit$$0000001B)
    __rt_lib_init_clock_1                    0x080001e7   Thumb Code     0  libinit2.o(.ARM.Collect$$libinit$$00000021)
    __rt_lib_init_cpp_1                      0x080001e7   Thumb Code     0  libinit2.o(.ARM.Collect$$libinit$$00000032)
    __rt_lib_init_exceptions_1               0x080001e7   Thumb Code     0  libinit2.o(.ARM.Collect$$libinit$$00000030)
    __rt_lib_init_fp_1                       0x080001e7   Thumb Code     0  libinit2.o(.ARM.Collect$$libinit$$00000002)
    __rt_lib_init_fp_trap_1                  0x080001e7   Thumb Code     0  libinit2.o(.ARM.Collect$$libinit$$0000001F)
    __rt_lib_init_getenv_1                   0x080001e7   Thumb Code     0  libinit2.o(.ARM.Collect$$libinit$$00000023)
    __rt_lib_init_heap_1                     0x080001e7   Thumb Code     0  libinit2.o(.ARM.Collect$$libinit$$0000000A)
    __rt_lib_init_lc_collate_1               0x080001e7   Thumb Code     0  libinit2.o(.ARM.Collect$$libinit$$00000011)
    __rt_lib_init_lc_ctype_1                 0x080001e7   Thumb Code     0  libinit2.o(.ARM.Collect$$libinit$$00000013)
    __rt_lib_init_lc_monetary_1              0x080001e7   Thumb Code     0  libinit2.o(.ARM.Collect$$libinit$$00000015)
    __rt_lib_init_lc_numeric_1               0x080001e7   Thumb Code     0  libinit2.o(.ARM.Collect$$libinit$$00000017)
    __rt_lib_init_lc_time_1                  0x080001e7   Thumb Code     0  libinit2.o(.ARM.Collect$$libinit$$00000019)
    __rt_lib_init_preinit_1                  0x080001e7   Thumb Code     0  libinit2.o(.ARM.Collect$$libinit$$00000004)
    __rt_lib_init_rand_1                     0x080001e7   Thumb Code     0  libinit2.o(.ARM.Collect$$libinit$$0000000E)
    __rt_lib_init_return                     0x080001e7   Thumb Code     0  libinit2.o(.ARM.Collect$$libinit$$00000033)
    __rt_lib_init_signal_1                   0x080001e7   Thumb Code     0  libinit2.o(.ARM.Collect$$libinit$$0000001D)
    __rt_lib_init_stdio_1                    0x080001e7   Thumb Code     0  libinit2.o(.ARM.Collect$$libinit$$00000025)
    __rt_lib_init_user_alloc_1               0x080001e7   Thumb Code     0  libinit2.o(.ARM.Collect$$libinit$$0000000C)
    __rt_lib_shutdown                        0x080001e9   Thumb Code     0  libshutdown.o(.ARM.Collect$$libshutdown$$00000000)
    __rt_lib_shutdown_cpp_1                  0x080001eb   Thumb Code     0  libshutdown2.o(.ARM.Collect$$libshutdown$$00000002)
    __rt_lib_shutdown_fp_trap_1              0x080001eb   Thumb Code     0  libshutdown2.o(.ARM.Collect$$libshutdown$$00000007)
    __rt_lib_shutdown_heap_1                 0x080001eb   Thumb Code     0  libshutdown2.o(.ARM.Collect$$libshutdown$$0000000F)
    __rt_lib_shutdown_return                 0x080001eb   Thumb Code     0  libshutdown2.o(.ARM.Collect$$libshutdown$$00000010)
    __rt_lib_shutdown_signal_1               0x080001eb   Thumb Code     0  libshutdown2.o(.ARM.Collect$$libshutdown$$0000000A)
    __rt_lib_shutdown_stdio_1                0x080001eb   Thumb Code     0  libshutdown2.o(.ARM.Collect$$libshutdown$$00000004)
    __rt_lib_shutdown_user_alloc_1           0x080001eb   Thumb Code     0  libshutdown2.o(.ARM.Collect$$libshutdown$$0000000C)
    __rt_entry                               0x080001ed   Thumb Code     0  __rtentry.o(.ARM.Collect$$rtentry$$00000000)
    __rt_entry_presh_1                       0x080001ed   Thumb Code     0  __rtentry2.o(.ARM.Collect$$rtentry$$00000002)
    __rt_entry_sh                            0x080001ed   Thumb Code     0  __rtentry4.o(.ARM.Collect$$rtentry$$00000004)
    __rt_entry_li                            0x080001f3   Thumb Code     0  __rtentry2.o(.ARM.Collect$$rtentry$$0000000A)
    __rt_entry_postsh_1                      0x080001f3   Thumb Code     0  __rtentry2.o(.ARM.Collect$$rtentry$$00000009)
    __rt_entry_main                          0x080001f7   Thumb Code     0  __rtentry2.o(.ARM.Collect$$rtentry$$0000000D)
    __rt_entry_postli_1                      0x080001f7   Thumb Code     0  __rtentry2.o(.ARM.Collect$$rtentry$$0000000C)
    __rt_exit                                0x080001ff   Thumb Code     0  rtexit.o(.ARM.Collect$$rtexit$$00000000)
    __rt_exit_ls                             0x08000201   Thumb Code     0  rtexit2.o(.ARM.Collect$$rtexit$$00000003)
    __rt_exit_prels_1                        0x08000201   Thumb Code     0  rtexit2.o(.ARM.Collect$$rtexit$$00000002)
    __rt_exit_exit                           0x08000205   Thumb Code     0  rtexit2.o(.ARM.Collect$$rtexit$$00000004)
    Reset_Handler                            0x0800020d   Thumb Code     8  startup_stm32f10x_hd.o(.text)
    ADC1_2_IRQHandler                        0x08000227   Thumb Code     0  startup_stm32f10x_hd.o(.text)
    ADC3_IRQHandler                          0x08000227   Thumb Code     0  startup_stm32f10x_hd.o(.text)
    CAN1_RX1_IRQHandler                      0x08000227   Thumb Code     0  startup_stm32f10x_hd.o(.text)
    CAN1_SCE_IRQHandler                      0x08000227   Thumb Code     0  startup_stm32f10x_hd.o(.text)
    DMA1_Channel1_IRQHandler                 0x08000227   Thumb Code     0  startup_stm32f10x_hd.o(.text)
    DMA1_Channel2_IRQHandler                 0x08000227   Thumb Code     0  startup_stm32f10x_hd.o(.text)
    DMA1_Channel3_IRQHandler                 0x08000227   Thumb Code     0  startup_stm32f10x_hd.o(.text)
    DMA1_Channel4_IRQHandler                 0x08000227   Thumb Code     0  startup_stm32f10x_hd.o(.text)
    DMA1_Channel5_IRQHandler                 0x08000227   Thumb Code     0  startup_stm32f10x_hd.o(.text)
    DMA1_Channel6_IRQHandler                 0x08000227   Thumb Code     0  startup_stm32f10x_hd.o(.text)
    DMA1_Channel7_IRQHandler                 0x08000227   Thumb Code     0  startup_stm32f10x_hd.o(.text)
    DMA2_Channel1_IRQHandler                 0x08000227   Thumb Code     0  startup_stm32f10x_hd.o(.text)
    DMA2_Channel2_IRQHandler                 0x08000227   Thumb Code     0  startup_stm32f10x_hd.o(.text)
    DMA2_Channel3_IRQHandler                 0x08000227   Thumb Code     0  startup_stm32f10x_hd.o(.text)
    DMA2_Channel4_5_IRQHandler               0x08000227   Thumb Code     0  startup_stm32f10x_hd.o(.text)
    EXTI0_IRQHandler                         0x08000227   Thumb Code     0  startup_stm32f10x_hd.o(.text)
    EXTI15_10_IRQHandler                     0x08000227   Thumb Code     0  startup_stm32f10x_hd.o(.text)
    EXTI2_IRQHandler                         0x08000227   Thumb Code     0  startup_stm32f10x_hd.o(.text)
    EXTI3_IRQHandler                         0x08000227   Thumb Code     0  startup_stm32f10x_hd.o(.text)
    EXTI4_IRQHandler                         0x08000227   Thumb Code     0  startup_stm32f10x_hd.o(.text)
    EXTI9_5_IRQHandler                       0x08000227   Thumb Code     0  startup_stm32f10x_hd.o(.text)
    FLASH_IRQHandler                         0x08000227   Thumb Code     0  startup_stm32f10x_hd.o(.text)
    FSMC_IRQHandler                          0x08000227   Thumb Code     0  startup_stm32f10x_hd.o(.text)
    I2C1_ER_IRQHandler                       0x08000227   Thumb Code     0  startup_stm32f10x_hd.o(.text)
    I2C1_EV_IRQHandler                       0x08000227   Thumb Code     0  startup_stm32f10x_hd.o(.text)
    I2C2_ER_IRQHandler                       0x08000227   Thumb Code     0  startup_stm32f10x_hd.o(.text)
    I2C2_EV_IRQHandler                       0x08000227   Thumb Code     0  startup_stm32f10x_hd.o(.text)
    RCC_IRQHandler                           0x08000227   Thumb Code     0  startup_stm32f10x_hd.o(.text)
    RTCAlarm_IRQHandler                      0x08000227   Thumb Code     0  startup_stm32f10x_hd.o(.text)
    RTC_IRQHandler                           0x08000227   Thumb Code     0  startup_stm32f10x_hd.o(.text)
    SDIO_IRQHandler                          0x08000227   Thumb Code     0  startup_stm32f10x_hd.o(.text)
    SPI1_IRQHandler                          0x08000227   Thumb Code     0  startup_stm32f10x_hd.o(.text)
    SPI2_IRQHandler                          0x08000227   Thumb Code     0  startup_stm32f10x_hd.o(.text)
    SPI3_IRQHandler                          0x08000227   Thumb Code     0  startup_stm32f10x_hd.o(.text)
    TAMPER_IRQHandler                        0x08000227   Thumb Code     0  startup_stm32f10x_hd.o(.text)
    TIM1_BRK_IRQHandler                      0x08000227   Thumb Code     0  startup_stm32f10x_hd.o(.text)
    TIM1_CC_IRQHandler                       0x08000227   Thumb Code     0  startup_stm32f10x_hd.o(.text)
    TIM1_TRG_COM_IRQHandler                  0x08000227   Thumb Code     0  startup_stm32f10x_hd.o(.text)
    TIM1_UP_IRQHandler                       0x08000227   Thumb Code     0  startup_stm32f10x_hd.o(.text)
    TIM2_IRQHandler                          0x08000227   Thumb Code     0  startup_stm32f10x_hd.o(.text)
    TIM3_IRQHandler                          0x08000227   Thumb Code     0  startup_stm32f10x_hd.o(.text)
    TIM5_IRQHandler                          0x08000227   Thumb Code     0  startup_stm32f10x_hd.o(.text)
    TIM6_IRQHandler                          0x08000227   Thumb Code     0  startup_stm32f10x_hd.o(.text)
    TIM7_IRQHandler                          0x08000227   Thumb Code     0  startup_stm32f10x_hd.o(.text)
    TIM8_BRK_IRQHandler                      0x08000227   Thumb Code     0  startup_stm32f10x_hd.o(.text)
    TIM8_CC_IRQHandler                       0x08000227   Thumb Code     0  startup_stm32f10x_hd.o(.text)
    TIM8_TRG_COM_IRQHandler                  0x08000227   Thumb Code     0  startup_stm32f10x_hd.o(.text)
    TIM8_UP_IRQHandler                       0x08000227   Thumb Code     0  startup_stm32f10x_hd.o(.text)
    UART4_IRQHandler                         0x08000227   Thumb Code     0  startup_stm32f10x_hd.o(.text)
    UART5_IRQHandler                         0x08000227   Thumb Code     0  startup_stm32f10x_hd.o(.text)
    USART2_IRQHandler                        0x08000227   Thumb Code     0  startup_stm32f10x_hd.o(.text)
    USART3_IRQHandler                        0x08000227   Thumb Code     0  startup_stm32f10x_hd.o(.text)
    USBWakeUp_IRQHandler                     0x08000227   Thumb Code     0  startup_stm32f10x_hd.o(.text)
    USB_HP_CAN1_TX_IRQHandler                0x08000227   Thumb Code     0  startup_stm32f10x_hd.o(.text)
    USB_LP_CAN1_RX0_IRQHandler               0x08000227   Thumb Code     0  startup_stm32f10x_hd.o(.text)
    WWDG_IRQHandler                          0x08000227   Thumb Code     0  startup_stm32f10x_hd.o(.text)
    __user_initial_stackheap                 0x08000229   Thumb Code     0  startup_stm32f10x_hd.o(.text)
    __use_no_semihosting                     0x0800024d   Thumb Code     2  use_no_semi_2.o(.text)
    __aeabi_memset                           0x0800024f   Thumb Code    16  aeabi_memset.o(.text)
    __aeabi_memclr                           0x0800025f   Thumb Code     0  rt_memclr.o(.text)
    __rt_memclr                              0x0800025f   Thumb Code    68  rt_memclr.o(.text)
    _memset                                  0x08000263   Thumb Code     0  rt_memclr.o(.text)
    __use_two_region_memory                  0x080002a3   Thumb Code     2  heapauxi.o(.text)
    __rt_heap_escrow$2region                 0x080002a5   Thumb Code     2  heapauxi.o(.text)
    __rt_heap_expand$2region                 0x080002a7   Thumb Code     2  heapauxi.o(.text)
    __I$use$semihosting                      0x080002a9   Thumb Code     0  use_no_semi.o(.text)
    __use_no_semihosting_swi                 0x080002a9   Thumb Code     2  use_no_semi.o(.text)
    __read_errno                             0x080002ab   Thumb Code    10  _rserrno.o(.text)
    __set_errno                              0x080002b5   Thumb Code    12  _rserrno.o(.text)
    __aeabi_memclr4                          0x080002c1   Thumb Code     0  rt_memclr_w.o(.text)
    __aeabi_memclr8                          0x080002c1   Thumb Code     0  rt_memclr_w.o(.text)
    __rt_memclr_w                            0x080002c1   Thumb Code    78  rt_memclr_w.o(.text)
    _memset_w                                0x080002c5   Thumb Code     0  rt_memclr_w.o(.text)
    __aeabi_errno_addr                       0x08000311   Thumb Code     8  rt_errno_addr_intlibspace.o(.text)
    __errno$intlibspace                      0x08000311   Thumb Code     0  rt_errno_addr_intlibspace.o(.text)
    __rt_errno_addr$intlibspace              0x08000311   Thumb Code     0  rt_errno_addr_intlibspace.o(.text)
    __user_libspace                          0x08000319   Thumb Code     8  libspace.o(.text)
    __user_perproc_libspace                  0x08000319   Thumb Code     0  libspace.o(.text)
    __user_perthread_libspace                0x08000319   Thumb Code     0  libspace.o(.text)
    __user_setup_stackheap                   0x08000321   Thumb Code    74  sys_stackheap_outer.o(.text)
    exit                                     0x0800036b   Thumb Code    18  exit.o(.text)
    AT24CXX_Init                             0x0800037d   Thumb Code   960  24c64.o(i.AT24CXX_Init)
    AT24CXX_Read                             0x08000755   Thumb Code   112  24c64.o(i.AT24CXX_Read)
    AT24CXX_Write                            0x080007c5   Thumb Code   106  24c64.o(i.AT24CXX_Write)
    A_N_24C64                                0x08000835   Thumb Code    86  24c64.o(i.A_N_24C64)
    BL_24c64                                 0x0800088d   Thumb Code   474  24c64.o(i.BL_24c64)
    BusFault_Handler                         0x08000a9d   Thumb Code     4  stm32f10x_it.o(i.BusFault_Handler)
    CAN_Answer                               0x08000aa1   Thumb Code  2694  setcs.o(i.CAN_Answer)
    CAN_FilterInit                           0x0800152d   Thumb Code   258  stm32f10x_can.o(i.CAN_FilterInit)
    CAN_Init                                 0x08001635   Thumb Code   276  stm32f10x_can.o(i.CAN_Init)
    CAN_MessagePending                       0x08001749   Thumb Code    30  stm32f10x_can.o(i.CAN_MessagePending)
    CAN_Mode_Init                            0x08001769   Thumb Code   198  can.o(i.CAN_Mode_Init)
    CAN_Receive                              0x08001839   Thumb Code   240  stm32f10x_can.o(i.CAN_Receive)
    CAN_SAVE                                 0x08001929   Thumb Code   774  setcs.o(i.CAN_SAVE)
    CAN_SET                                  0x08001c45   Thumb Code   134  pic.o(i.CAN_SET)
    CAN_Transmit                             0x08001ce1   Thumb Code   294  stm32f10x_can.o(i.CAN_Transmit)
    CAN_TransmitStatus                       0x08001e09   Thumb Code   138  stm32f10x_can.o(i.CAN_TransmitStatus)
    Can_Receive_Msg                          0x08001ea9   Thumb Code    56  can.o(i.Can_Receive_Msg)
    Can_Send_Msg                             0x08001ee5   Thumb Code    98  can.o(i.Can_Send_Msg)
    DebugMon_Handler                         0x08001f4d   Thumb Code     2  stm32f10x_it.o(i.DebugMon_Handler)
    EXTI1_IRQHandler                         0x08001f51   Thumb Code    52  timer.o(i.EXTI1_IRQHandler)
    EXTI_GetITStatus                         0x08001f8d   Thumb Code    34  stm32f10x_exti.o(i.EXTI_GetITStatus)
    FIRST                                    0x08001fb5   Thumb Code   158  pic.o(i.FIRST)
    FIRST_2                                  0x0800207d   Thumb Code   148  pic.o(i.FIRST_2)
    FIVE                                     0x0800214d   Thumb Code    66  pic.o(i.FIVE)
    FOUR                                     0x080021ad   Thumb Code    84  pic.o(i.FOUR)
    GPIO_Init                                0x08002235   Thumb Code   278  stm32f10x_gpio.o(i.GPIO_Init)
    GPIO_ReadInputDataBit                    0x0800234b   Thumb Code    18  stm32f10x_gpio.o(i.GPIO_ReadInputDataBit)
    GPIO_ResetBits                           0x0800235d   Thumb Code     4  stm32f10x_gpio.o(i.GPIO_ResetBits)
    GPIO_SetBits                             0x08002361   Thumb Code     4  stm32f10x_gpio.o(i.GPIO_SetBits)
    GUI_DrawLine                             0x08002365   Thumb Code   176  gui.o(i.GUI_DrawLine)
    GUI_DrawRectangle                        0x08002415   Thumb Code    74  gui.o(i.GUI_DrawRectangle)
    GUI_ShowCHinese                          0x0800245f   Thumb Code   106  gui.o(i.GUI_ShowCHinese)
    GUI_ShowChar                             0x080024c9   Thumb Code   490  gui.o(i.GUI_ShowChar)
    GUI_ShowFont16                           0x080026c5   Thumb Code   236  gui.o(i.GUI_ShowFont16)
    GUI_ShowFont24                           0x080027b5   Thumb Code   256  gui.o(i.GUI_ShowFont24)
    GUI_ShowFont32                           0x080028b9   Thumb Code   244  gui.o(i.GUI_ShowFont32)
    GUI_ShowNum                              0x080029b1   Thumb Code   216  gui.o(i.GUI_ShowNum)
    GUI_ShowString                           0x08002a89   Thumb Code   144  gui.o(i.GUI_ShowString)
    HardFault_Handler                        0x08002b19   Thumb Code     4  stm32f10x_it.o(i.HardFault_Handler)
    I1C_Ack                                  0x08002b1d   Thumb Code    68  myiic.o(i.I1C_Ack)
    I1C_Init                                 0x08002b69   Thumb Code    46  myiic.o(i.I1C_Init)
    I1C_NAck                                 0x08002b9d   Thumb Code    68  myiic.o(i.I1C_NAck)
    I1C_Read_Byte                            0x08002be9   Thumb Code    80  myiic.o(i.I1C_Read_Byte)
    I1C_Send_Byte                            0x08002c41   Thumb Code    86  myiic.o(i.I1C_Send_Byte)
    I1C_Start                                0x08002ca1   Thumb Code    78  myiic.o(i.I1C_Start)
    I1C_Stop                                 0x08002cfd   Thumb Code    74  myiic.o(i.I1C_Stop)
    I1C_Wait_Ack                             0x08002d55   Thumb Code    64  myiic.o(i.I1C_Wait_Ack)
    KEY_Init                                 0x08002d99   Thumb Code    38  key.o(i.KEY_Init)
    KEY_Scan                                 0x08002dc5   Thumb Code   104  key.o(i.KEY_Scan)
    LED_Init                                 0x08002e31   Thumb Code    40  led.o(i.LED_Init)
    LJLL_Data                                0x08002e5d   Thumb Code   170  timer.o(i.LJLL_Data)
    MENU                                     0x08002f21   Thumb Code    90  pic.o(i.MENU)
    Made_Data                                0x08002fbd   Thumb Code    90  timer.o(i.Made_Data)
    MemManage_Handler                        0x08003021   Thumb Code     4  stm32f10x_it.o(i.MemManage_Handler)
    NMI_Handler                              0x08003025   Thumb Code     2  stm32f10x_it.o(i.NMI_Handler)
    NUM_A                                    0x08003027   Thumb Code    70  gui.o(i.NUM_A)
    NVIC_Init                                0x0800306d   Thumb Code   100  misc.o(i.NVIC_Init)
    NVIC_PriorityGroupConfig                 0x080030dd   Thumb Code    10  misc.o(i.NVIC_PriorityGroupConfig)
    N_A                                      0x080030f1   Thumb Code    36  timer.o(i.N_A)
    OLED_Clear                               0x08003115   Thumb Code    36  oled.o(i.OLED_Clear)
    OLED_Display                             0x0800313d   Thumb Code    68  oled.o(i.OLED_Display)
    OLED_Display_Off                         0x08003185   Thumb Code    28  oled.o(i.OLED_Display_Off)
    OLED_Display_On                          0x080031a1   Thumb Code    28  oled.o(i.OLED_Display_On)
    OLED_Init                                0x080031bd   Thumb Code   254  oled.o(i.OLED_Init)
    OLED_Init_GPIO                           0x080032bd   Thumb Code    46  oled.o(i.OLED_Init_GPIO)
    OLED_Reset                               0x080032f1   Thumb Code    40  oled.o(i.OLED_Reset)
    OLED_Set_Pixel                           0x0800331d   Thumb Code   122  oled.o(i.OLED_Set_Pixel)
    OLED_WR_Byte                             0x0800339d   Thumb Code    52  oled.o(i.OLED_WR_Byte)
    ONE                                      0x080033d9   Thumb Code   136  pic.o(i.ONE)
    PVD_IRQHandler                           0x08003499   Thumb Code    74  timer.o(i.PVD_IRQHandler)
    PendSV_Handler                           0x080034f1   Thumb Code     2  stm32f10x_it.o(i.PendSV_Handler)
    QJHM                                     0x080034f5   Thumb Code    98  pic.o(i.QJHM)
    RCC_APB1PeriphClockCmd                   0x08003571   Thumb Code    26  stm32f10x_rcc.o(i.RCC_APB1PeriphClockCmd)
    RCC_APB2PeriphClockCmd                   0x08003591   Thumb Code    26  stm32f10x_rcc.o(i.RCC_APB2PeriphClockCmd)
    RCC_GetClocksFreq                        0x080035b1   Thumb Code   192  stm32f10x_rcc.o(i.RCC_GetClocksFreq)
    SDA_IN                                   0x08003685   Thumb Code    40  myiic.o(i.SDA_IN)
    SET_COME                                 0x080036b1   Thumb Code  4436  setcs.o(i.SET_COME)
    SET_IN                                   0x08004819   Thumb Code    38  setcs.o(i.SET_IN)
    SEV                                      0x08004855   Thumb Code    26  pic.o(i.SEV)
    SIX                                      0x0800487d   Thumb Code   114  pic.o(i.SIX)
    SPI1_Init                                0x08004925   Thumb Code   144  spi.o(i.SPI1_Init)
    SPI_Cmd                                  0x080049bd   Thumb Code    24  stm32f10x_spi.o(i.SPI_Cmd)
    SPI_Init                                 0x080049d5   Thumb Code    60  stm32f10x_spi.o(i.SPI_Init)
    SPI_WriteByte                            0x08004a11   Thumb Code    34  spi.o(i.SPI_WriteByte)
    SVC_Handler                              0x08004a33   Thumb Code     2  stm32f10x_it.o(i.SVC_Handler)
    SysTick_CLKSourceConfig                  0x08004b1d   Thumb Code    40  misc.o(i.SysTick_CLKSourceConfig)
    SysTick_Handler                          0x08004b45   Thumb Code     2  stm32f10x_it.o(i.SysTick_Handler)
    SystemInit                               0x08004b49   Thumb Code    78  system_stm32f10x.o(i.SystemInit)
    THERR                                    0x08004ba9   Thumb Code    84  pic.o(i.THERR)
    TIM4_IRQHandler                          0x08004c31   Thumb Code   128  timer.o(i.TIM4_IRQHandler)
    TIM4_init                                0x08004cd5   Thumb Code    90  timer.o(i.TIM4_init)
    TIM_ClearITPendingBit                    0x08004d35   Thumb Code     6  stm32f10x_tim.o(i.TIM_ClearITPendingBit)
    TIM_Cmd                                  0x08004d3b   Thumb Code    24  stm32f10x_tim.o(i.TIM_Cmd)
    TIM_GetITStatus                          0x08004d53   Thumb Code    34  stm32f10x_tim.o(i.TIM_GetITStatus)
    TIM_ITConfig                             0x08004d75   Thumb Code    18  stm32f10x_tim.o(i.TIM_ITConfig)
    TIM_TimeBaseInit                         0x08004d89   Thumb Code   122  stm32f10x_tim.o(i.TIM_TimeBaseInit)
    TM7705_CalibSelf                         0x08004e2d   Thumb Code   112  tm7707.o(i.TM7705_CalibSelf)
    TM7705_Read3Byte                         0x08004ead   Thumb Code    82  tm7707.o(i.TM7705_Read3Byte)
    TM7705_WaitDRDY                          0x08004fa9   Thumb Code    86  tm7707.o(i.TM7705_WaitDRDY)
    TM7705_WriteByte                         0x08005015   Thumb Code    60  tm7707.o(i.TM7705_WriteByte)
    TM7707_init                              0x08005059   Thumb Code    84  tm7707.o(i.TM7707_init)
    TP1000_ohm                               0x080050b1   Thumb Code   140  gui.o(i.TP1000_ohm)
    TP1000_wd_                               0x08005155   Thumb Code    54  gui.o(i.TP1000_wd_)
    TWO                                      0x08005195   Thumb Code    84  pic.o(i.TWO)
    USART1_IRQHandler                        0x0800521d   Thumb Code   234  mport.o(i.USART1_IRQHandler)
    USART_Cmd                                0x0800531d   Thumb Code    24  stm32f10x_usart.o(i.USART_Cmd)
    USART_ITConfig                           0x08005335   Thumb Code    74  stm32f10x_usart.o(i.USART_ITConfig)
    USART_Init                               0x08005381   Thumb Code   210  stm32f10x_usart.o(i.USART_Init)
    UsageFault_Handler                       0x08005459   Thumb Code     4  stm32f10x_it.o(i.UsageFault_Handler)
    YS_CY                                    0x0800545d   Thumb Code   178  gui.o(i.YS_CY)
    YS_LJ                                    0x08005525   Thumb Code   114  gui.o(i.YS_LJ)
    YS_LL                                    0x080055a9   Thumb Code   594  gui.o(i.YS_LL)
    YS_WD                                    0x0800583d   Thumb Code   114  gui.o(i.YS_WD)
    YS_YM                                    0x080058c1   Thumb Code    42  gui.o(i.YS_YM)
    YS_YS                                    0x080058f5   Thumb Code   310  gui.o(i.YS_YS)
    _7707_REST                               0x08005a51   Thumb Code    62  tm7707.o(i._7707_REST)
    _sys_exit                                0x08005a99   Thumb Code     4  usart.o(i._sys_exit)
    delay_init                               0x08005a9d   Thumb Code    50  delay.o(i.delay_init)
    delay_ms                                 0x08005ae1   Thumb Code    72  delay.o(i.delay_ms)
    delay_us                                 0x08005b2d   Thumb Code    72  delay.o(i.delay_us)
    main                                     0x08005b79   Thumb Code   740  main.o(i.main)
    sqrt                                     0x08005ed7   Thumb Code    76  sqrt.o(i.sqrt)
    uart_init                                0x08005f25   Thumb Code   152  usart.o(i.uart_init)
    __aeabi_dadd                             0x08005fc5   Thumb Code     0  daddsub_clz.o(x$fpl$dadd)
    _dadd                                    0x08005fc5   Thumb Code   332  daddsub_clz.o(x$fpl$dadd)
    __aeabi_ddiv                             0x08006115   Thumb Code     0  ddiv.o(x$fpl$ddiv)
    _ddiv                                    0x08006115   Thumb Code   552  ddiv.o(x$fpl$ddiv)
    __aeabi_d2iz                             0x080063c5   Thumb Code     0  dfix.o(x$fpl$dfix)
    _dfix                                    0x080063c5   Thumb Code    94  dfix.o(x$fpl$dfix)
    __aeabi_d2uiz                            0x08006425   Thumb Code     0  dfixu.o(x$fpl$dfixu)
    _dfixu                                   0x08006425   Thumb Code    90  dfixu.o(x$fpl$dfixu)
    __aeabi_i2d                              0x0800647f   Thumb Code     0  dflt_clz.o(x$fpl$dflt)
    _dflt                                    0x0800647f   Thumb Code    46  dflt_clz.o(x$fpl$dflt)
    __aeabi_ui2d                             0x080064ad   Thumb Code     0  dflt_clz.o(x$fpl$dfltu)
    _dfltu                                   0x080064ad   Thumb Code    38  dflt_clz.o(x$fpl$dfltu)
    __aeabi_dmul                             0x080064d5   Thumb Code     0  dmul.o(x$fpl$dmul)
    _dmul                                    0x080064d5   Thumb Code   332  dmul.o(x$fpl$dmul)
    __fpl_dnaninf                            0x08006629   Thumb Code   156  dnaninf.o(x$fpl$dnaninf)
    __fpl_dretinf                            0x080066c5   Thumb Code    12  dretinf.o(x$fpl$dretinf)
    _dsqrt                                   0x080066d1   Thumb Code   456  dsqrt_noumaal.o(x$fpl$dsqrt)
    __aeabi_dsub                             0x0800689d   Thumb Code     0  daddsub_clz.o(x$fpl$dsub)
    _dsub                                    0x0800689d   Thumb Code   464  daddsub_clz.o(x$fpl$dsub)
    __aeabi_fdiv                             0x08006a71   Thumb Code     0  fdiv.o(x$fpl$fdiv)
    _fdiv                                    0x08006a71   Thumb Code   384  fdiv.o(x$fpl$fdiv)
    __aeabi_f2iz                             0x08006bf5   Thumb Code     0  ffix.o(x$fpl$ffix)
    _ffix                                    0x08006bf5   Thumb Code    54  ffix.o(x$fpl$ffix)
    __aeabi_i2f                              0x08006c2d   Thumb Code     0  fflt_clz.o(x$fpl$fflt)
    _fflt                                    0x08006c2d   Thumb Code    48  fflt_clz.o(x$fpl$fflt)
    __aeabi_fmul                             0x08006c5d   Thumb Code     0  fmul.o(x$fpl$fmul)
    _fmul                                    0x08006c5d   Thumb Code   258  fmul.o(x$fpl$fmul)
    __fpl_fnaninf                            0x08006d5f   Thumb Code   140  fnaninf.o(x$fpl$fnaninf)
    __fpl_fretinf                            0x08006deb   Thumb Code    10  fretinf.o(x$fpl$fretinf)
    F6x8                                     0x08006df4   Data         760  gui.o(.constdata)
    __I$use$fp                               0x08006df4   Number         0  usenofp.o(x$fpl$usenofp)
    F8X16                                    0x080070ec   Data        1520  gui.o(.constdata)
    F8X24                                    0x080076dc   Data        2280  gui.o(.constdata)
    F8X32                                    0x08007fc4   Data          16  gui.o(.constdata)
    cfont16                                  0x08007fd4   Data        1734  gui.o(.constdata)
    cfont24                                  0x0800869a   Data         444  gui.o(.constdata)
    cfont32                                  0x08008856   Data         780  gui.o(.constdata)
    Region$$Table$$Base                      0x08008b64   Number         0  anon$$obj.o(Region$$Table)
    Region$$Table$$Limit                     0x08008b84   Number         0  anon$$obj.o(Region$$Table)
    lwd                                      0x2000000b   Data           8  main.o(.data)
    lwd_pa                                   0x20000013   Data           8  main.o(.data)
    lll                                      0x2000001b   Data           8  main.o(.data)
    ljl                                      0x20000023   Data           8  main.o(.data)
    lsl                                      0x2000002b   Data           8  main.o(.data)
    cyl                                      0x20000033   Data           8  main.o(.data)
    jdl                                      0x2000003b   Data           8  main.o(.data)
    LJ                                       0x20000044   Data           4  main.o(.data)
    LL                                       0x20000048   Data           4  main.o(.data)
    ms1000                                   0x2000004c   Data           1  main.o(.data)
    A                                        0x2000004e   Data           2  main.o(.data)
    SZ_LD_Z                                  0x20000050   Data           2  main.o(.data)
    SZ_LD_F                                  0x20000052   Data           2  main.o(.data)
    SZ_QC_Z                                  0x20000054   Data           2  main.o(.data)
    SZ_QC_F                                  0x20000056   Data           2  main.o(.data)
    SZ_WD_B                                  0x20000058   Data           2  main.o(.data)
    SZ_WD_O                                  0x2000005a   Data           2  main.o(.data)
    SZ_LL_Z                                  0x2000005c   Data           4  main.o(.data)
    SZ_LL_F                                  0x20000060   Data           4  main.o(.data)
    rxd_bz                                   0x20000064   Data           1  main.o(.data)
    canbuf_rxd                               0x20000065   Data           8  main.o(.data)
    run                                      0x2000006d   Data           1  main.o(.data)
    SystemCoreClock                          0x20000070   Data           4  system_stm32f10x.o(.data)
    AHBPrescTable                            0x20000074   Data          16  system_stm32f10x.o(.data)
    myid                                     0x20000088   Data           4  can.o(.data)
    C                                        0x2000008f   Data           1  timer.o(.data)
    B                                        0x20000090   Data           1  timer.o(.data)
    B1                                       0x20000091   Data           1  timer.o(.data)
    kl                                       0x20000092   Data           8  timer.o(.data)
    have                                     0x2000009a   Data           1  timer.o(.data)
    ljks                                     0x2000009b   Data           1  timer.o(.data)
    slj3                                     0x2000009c   Data           1  timer.o(.data)
    slj30                                    0x2000009d   Data           1  timer.o(.data)
    sec                                      0x2000009e   Data           1  timer.o(.data)
    ms200                                    0x2000009f   Data           1  timer.o(.data)
    sec3                                     0x200000a0   Data           1  timer.o(.data)
    se30                                     0x200000a1   Data           1  timer.o(.data)
    BFB                                      0x200000a8   Data           1  gui.o(.data)
    WD                                       0x200000ac   Data           4  gui.o(.data)
    WD_Ohm                                   0x200000b0   Data           4  gui.o(.data)
    WinDu                                    0x200000b8   Data         204  gui.o(.data)
    key                                      0x20000190   Data           1  setcs.o(.data)
    JNW                                      0x200001b4   Data           8  24c64.o(.data)
    JNS                                      0x200001bc   Data           4  24c64.o(.data)
    NIAN                                     0x200001c0   Data           4  24c64.o(.data)
    kan                                      0x200001c4   Data           1  tm7707.o(.data)
    S_7705                                   0x200001c5   Data           1  tm7707.o(.data)
    TM                                       0x200001c6   Data           1  tm7707.o(.data)
    QJ                                       0x200001dc   Data           6  mport.o(.data)
    QJp                                      0x200001e2   Data           1  mport.o(.data)
    JDL                                      0x200001e3   Data           8  mport.o(.data)
    QJs                                      0x200001ec   Data           2  mport.o(.data)
    m_ctrl_dev                               0x200001f0   Data           8  protocol.o(.data)
    SZ_JZ_Z                                  0x200001f8   Data          20  main.o(.bss)
    SZ_JZ_F                                  0x2000020c   Data          20  main.o(.bss)
    __libspace_start                         0x20000648   Data          96  libspace.o(.bss)
    __temporary_stack_top$libspace           0x200006a8   Data           0  libspace.o(.bss)
    mem2base                                 0x68000000   Data       983040  malloc.o(.ARM.__AT_0x68000000)
    mem2mapbase                              0x680f0000   Data       61440  malloc.o(.ARM.__AT_0x680F0000)



==============================================================================

Memory Map of the image

  Image Entry point : 0x0800020d

  Load Region LR_1 (Base: 0x08000000, Size: 0x00008d7c, Max: 0xffffffff, ABSOLUTE, COMPRESSED[0x00008c5c])

    Execution Region ER_RO (Exec base: 0x08000000, Load base: 0x08000000, Size: 0x00008b84, Max: 0xffffffff, ABSOLUTE)

    Exec Addr    Load Addr    Size         Type   Attr      Idx    E Section Name        Object

    0x08000000   0x08000000   0x00000130   Data   RO          429    RESET               startup_stm32f10x_hd.o
    0x08000130   0x08000130   0x00000008   Code   RO         3826  * !!!main             c_w.l(__main.o)
    0x08000138   0x08000138   0x00000034   Code   RO         4057    !!!scatter          c_w.l(__scatter.o)
    0x0800016c   0x0800016c   0x0000005a   Code   RO         4055    !!dczerorl2         c_w.l(__dczerorl2.o)
    0x080001c6   0x080001c6   0x00000002   PAD
    0x080001c8   0x080001c8   0x0000001c   Code   RO         4059    !!handler_zi        c_w.l(__scatter_zi.o)
    0x080001e4   0x080001e4   0x00000002   Code   RO         3932    .ARM.Collect$$libinit$$00000000  c_w.l(libinit.o)
    0x080001e6   0x080001e6   0x00000000   Code   RO         3936    .ARM.Collect$$libinit$$00000002  c_w.l(libinit2.o)
    0x080001e6   0x080001e6   0x00000000   Code   RO         3938    .ARM.Collect$$libinit$$00000004  c_w.l(libinit2.o)
    0x080001e6   0x080001e6   0x00000000   Code   RO         3941    .ARM.Collect$$libinit$$0000000A  c_w.l(libinit2.o)
    0x080001e6   0x080001e6   0x00000000   Code   RO         3943    .ARM.Collect$$libinit$$0000000C  c_w.l(libinit2.o)
    0x080001e6   0x080001e6   0x00000000   Code   RO         3945    .ARM.Collect$$libinit$$0000000E  c_w.l(libinit2.o)
    0x080001e6   0x080001e6   0x00000000   Code   RO         3948    .ARM.Collect$$libinit$$00000011  c_w.l(libinit2.o)
    0x080001e6   0x080001e6   0x00000000   Code   RO         3950    .ARM.Collect$$libinit$$00000013  c_w.l(libinit2.o)
    0x080001e6   0x080001e6   0x00000000   Code   RO         3952    .ARM.Collect$$libinit$$00000015  c_w.l(libinit2.o)
    0x080001e6   0x080001e6   0x00000000   Code   RO         3954    .ARM.Collect$$libinit$$00000017  c_w.l(libinit2.o)
    0x080001e6   0x080001e6   0x00000000   Code   RO         3956    .ARM.Collect$$libinit$$00000019  c_w.l(libinit2.o)
    0x080001e6   0x080001e6   0x00000000   Code   RO         3958    .ARM.Collect$$libinit$$0000001B  c_w.l(libinit2.o)
    0x080001e6   0x080001e6   0x00000000   Code   RO         3960    .ARM.Collect$$libinit$$0000001D  c_w.l(libinit2.o)
    0x080001e6   0x080001e6   0x00000000   Code   RO         3962    .ARM.Collect$$libinit$$0000001F  c_w.l(libinit2.o)
    0x080001e6   0x080001e6   0x00000000   Code   RO         3964    .ARM.Collect$$libinit$$00000021  c_w.l(libinit2.o)
    0x080001e6   0x080001e6   0x00000000   Code   RO         3966    .ARM.Collect$$libinit$$00000023  c_w.l(libinit2.o)
    0x080001e6   0x080001e6   0x00000000   Code   RO         3968    .ARM.Collect$$libinit$$00000025  c_w.l(libinit2.o)
    0x080001e6   0x080001e6   0x00000000   Code   RO         3972    .ARM.Collect$$libinit$$0000002C  c_w.l(libinit2.o)
    0x080001e6   0x080001e6   0x00000000   Code   RO         3974    .ARM.Collect$$libinit$$0000002E  c_w.l(libinit2.o)
    0x080001e6   0x080001e6   0x00000000   Code   RO         3976    .ARM.Collect$$libinit$$00000030  c_w.l(libinit2.o)
    0x080001e6   0x080001e6   0x00000000   Code   RO         3978    .ARM.Collect$$libinit$$00000032  c_w.l(libinit2.o)
    0x080001e6   0x080001e6   0x00000002   Code   RO         3979    .ARM.Collect$$libinit$$00000033  c_w.l(libinit2.o)
    0x080001e8   0x080001e8   0x00000002   Code   RO         3997    .ARM.Collect$$libshutdown$$00000000  c_w.l(libshutdown.o)
    0x080001ea   0x080001ea   0x00000000   Code   RO         4007    .ARM.Collect$$libshutdown$$00000002  c_w.l(libshutdown2.o)
    0x080001ea   0x080001ea   0x00000000   Code   RO         4009    .ARM.Collect$$libshutdown$$00000004  c_w.l(libshutdown2.o)
    0x080001ea   0x080001ea   0x00000000   Code   RO         4012    .ARM.Collect$$libshutdown$$00000007  c_w.l(libshutdown2.o)
    0x080001ea   0x080001ea   0x00000000   Code   RO         4015    .ARM.Collect$$libshutdown$$0000000A  c_w.l(libshutdown2.o)
    0x080001ea   0x080001ea   0x00000000   Code   RO         4017    .ARM.Collect$$libshutdown$$0000000C  c_w.l(libshutdown2.o)
    0x080001ea   0x080001ea   0x00000000   Code   RO         4020    .ARM.Collect$$libshutdown$$0000000F  c_w.l(libshutdown2.o)
    0x080001ea   0x080001ea   0x00000002   Code   RO         4021    .ARM.Collect$$libshutdown$$00000010  c_w.l(libshutdown2.o)
    0x080001ec   0x080001ec   0x00000000   Code   RO         3880    .ARM.Collect$$rtentry$$00000000  c_w.l(__rtentry.o)
    0x080001ec   0x080001ec   0x00000000   Code   RO         3899    .ARM.Collect$$rtentry$$00000002  c_w.l(__rtentry2.o)
    0x080001ec   0x080001ec   0x00000006   Code   RO         3911    .ARM.Collect$$rtentry$$00000004  c_w.l(__rtentry4.o)
    0x080001f2   0x080001f2   0x00000000   Code   RO         3901    .ARM.Collect$$rtentry$$00000009  c_w.l(__rtentry2.o)
    0x080001f2   0x080001f2   0x00000004   Code   RO         3902    .ARM.Collect$$rtentry$$0000000A  c_w.l(__rtentry2.o)
    0x080001f6   0x080001f6   0x00000000   Code   RO         3904    .ARM.Collect$$rtentry$$0000000C  c_w.l(__rtentry2.o)
    0x080001f6   0x080001f6   0x00000008   Code   RO         3905    .ARM.Collect$$rtentry$$0000000D  c_w.l(__rtentry2.o)
    0x080001fe   0x080001fe   0x00000002   Code   RO         3933    .ARM.Collect$$rtexit$$00000000  c_w.l(rtexit.o)
    0x08000200   0x08000200   0x00000000   Code   RO         3981    .ARM.Collect$$rtexit$$00000002  c_w.l(rtexit2.o)
    0x08000200   0x08000200   0x00000004   Code   RO         3982    .ARM.Collect$$rtexit$$00000003  c_w.l(rtexit2.o)
    0x08000204   0x08000204   0x00000006   Code   RO         3983    .ARM.Collect$$rtexit$$00000004  c_w.l(rtexit2.o)
    0x0800020a   0x0800020a   0x00000002   PAD
    0x0800020c   0x0800020c   0x00000040   Code   RO          430  * .text               startup_stm32f10x_hd.o
    0x0800024c   0x0800024c   0x00000002   Code   RO         3818    .text               c_w.l(use_no_semi_2.o)
    0x0800024e   0x0800024e   0x00000010   Code   RO         3820    .text               c_w.l(aeabi_memset.o)
    0x0800025e   0x0800025e   0x00000044   Code   RO         3822    .text               c_w.l(rt_memclr.o)
    0x080002a2   0x080002a2   0x00000006   Code   RO         3824    .text               c_w.l(heapauxi.o)
    0x080002a8   0x080002a8   0x00000002   Code   RO         3878    .text               c_w.l(use_no_semi.o)
    0x080002aa   0x080002aa   0x00000016   Code   RO         3881    .text               c_w.l(_rserrno.o)
    0x080002c0   0x080002c0   0x0000004e   Code   RO         3883    .text               c_w.l(rt_memclr_w.o)
    0x0800030e   0x0800030e   0x00000002   PAD
    0x08000310   0x08000310   0x00000008   Code   RO         3916    .text               c_w.l(rt_errno_addr_intlibspace.o)
    0x08000318   0x08000318   0x00000008   Code   RO         3920    .text               c_w.l(libspace.o)
    0x08000320   0x08000320   0x0000004a   Code   RO         3923    .text               c_w.l(sys_stackheap_outer.o)
    0x0800036a   0x0800036a   0x00000012   Code   RO         3925    .text               c_w.l(exit.o)
    0x0800037c   0x0800037c   0x000003d8   Code   RO         1184    i.AT24CXX_Init      24c64.o
    0x08000754   0x08000754   0x00000070   Code   RO         1185    i.AT24CXX_Read      24c64.o
    0x080007c4   0x080007c4   0x00000070   Code   RO         1188    i.AT24CXX_Write     24c64.o
    0x08000834   0x08000834   0x00000056   Code   RO         1191    i.A_N_24C64         24c64.o
    0x0800088a   0x0800088a   0x00000002   PAD
    0x0800088c   0x0800088c   0x00000210   Code   RO         1192    i.BL_24c64          24c64.o
    0x08000a9c   0x08000a9c   0x00000004   Code   RO          174    i.BusFault_Handler  stm32f10x_it.o
    0x08000aa0   0x08000aa0   0x00000a8c   Code   RO         1079    i.CAN_Answer        setcs.o
    0x0800152c   0x0800152c   0x00000108   Code   RO         1597    i.CAN_FilterInit    stm32f10x_can.o
    0x08001634   0x08001634   0x00000114   Code   RO         1604    i.CAN_Init          stm32f10x_can.o
    0x08001748   0x08001748   0x0000001e   Code   RO         1605    i.CAN_MessagePending  stm32f10x_can.o
    0x08001766   0x08001766   0x00000002   PAD
    0x08001768   0x08001768   0x000000d0   Code   RO          434    i.CAN_Mode_Init     can.o
    0x08001838   0x08001838   0x000000f0   Code   RO         1607    i.CAN_Receive       stm32f10x_can.o
    0x08001928   0x08001928   0x0000031c   Code   RO         1080    i.CAN_SAVE          setcs.o
    0x08001c44   0x08001c44   0x0000009c   Code   RO          956    i.CAN_SET           pic.o
    0x08001ce0   0x08001ce0   0x00000126   Code   RO         1612    i.CAN_Transmit      stm32f10x_can.o
    0x08001e06   0x08001e06   0x00000002   PAD
    0x08001e08   0x08001e08   0x000000a0   Code   RO         1613    i.CAN_TransmitStatus  stm32f10x_can.o
    0x08001ea8   0x08001ea8   0x0000003c   Code   RO          436    i.Can_Receive_Msg   can.o
    0x08001ee4   0x08001ee4   0x00000068   Code   RO          437    i.Can_Send_Msg      can.o
    0x08001f4c   0x08001f4c   0x00000002   Code   RO          175    i.DebugMon_Handler  stm32f10x_it.o
    0x08001f4e   0x08001f4e   0x00000002   PAD
    0x08001f50   0x08001f50   0x0000003c   Code   RO          563    i.EXTI1_IRQHandler  timer.o
    0x08001f8c   0x08001f8c   0x00000028   Code   RO         1883    i.EXTI_GetITStatus  stm32f10x_exti.o
    0x08001fb4   0x08001fb4   0x000000c8   Code   RO          957    i.FIRST             pic.o
    0x0800207c   0x0800207c   0x000000d0   Code   RO          958    i.FIRST_2           pic.o
    0x0800214c   0x0800214c   0x00000060   Code   RO          959    i.FIVE              pic.o
    0x080021ac   0x080021ac   0x00000088   Code   RO          960    i.FOUR              pic.o
    0x08002234   0x08002234   0x00000116   Code   RO         1938    i.GPIO_Init         stm32f10x_gpio.o
    0x0800234a   0x0800234a   0x00000012   Code   RO         1942    i.GPIO_ReadInputDataBit  stm32f10x_gpio.o
    0x0800235c   0x0800235c   0x00000004   Code   RO         1945    i.GPIO_ResetBits    stm32f10x_gpio.o
    0x08002360   0x08002360   0x00000004   Code   RO         1946    i.GPIO_SetBits      stm32f10x_gpio.o
    0x08002364   0x08002364   0x000000b0   Code   RO          647    i.GUI_DrawLine      gui.o
    0x08002414   0x08002414   0x0000004a   Code   RO          649    i.GUI_DrawRectangle  gui.o
    0x0800245e   0x0800245e   0x0000006a   Code   RO          655    i.GUI_ShowCHinese   gui.o
    0x080024c8   0x080024c8   0x000001fc   Code   RO          656    i.GUI_ShowChar      gui.o
    0x080026c4   0x080026c4   0x000000f0   Code   RO          657    i.GUI_ShowFont16    gui.o
    0x080027b4   0x080027b4   0x00000104   Code   RO          658    i.GUI_ShowFont24    gui.o
    0x080028b8   0x080028b8   0x000000f8   Code   RO          659    i.GUI_ShowFont32    gui.o
    0x080029b0   0x080029b0   0x000000d8   Code   RO          660    i.GUI_ShowNum       gui.o
    0x08002a88   0x08002a88   0x00000090   Code   RO          665    i.GUI_ShowString    gui.o
    0x08002b18   0x08002b18   0x00000004   Code   RO          176    i.HardFault_Handler  stm32f10x_it.o
    0x08002b1c   0x08002b1c   0x0000004c   Code   RO          472    i.I1C_Ack           myiic.o
    0x08002b68   0x08002b68   0x00000034   Code   RO          473    i.I1C_Init          myiic.o
    0x08002b9c   0x08002b9c   0x0000004c   Code   RO          474    i.I1C_NAck          myiic.o
    0x08002be8   0x08002be8   0x00000058   Code   RO          475    i.I1C_Read_Byte     myiic.o
    0x08002c40   0x08002c40   0x00000060   Code   RO          476    i.I1C_Send_Byte     myiic.o
    0x08002ca0   0x08002ca0   0x0000005c   Code   RO          477    i.I1C_Start         myiic.o
    0x08002cfc   0x08002cfc   0x00000058   Code   RO          478    i.I1C_Stop          myiic.o
    0x08002d54   0x08002d54   0x00000044   Code   RO          479    i.I1C_Wait_Ack      myiic.o
    0x08002d98   0x08002d98   0x0000002c   Code   RO          532    i.KEY_Init          key.o
    0x08002dc4   0x08002dc4   0x0000006c   Code   RO          533    i.KEY_Scan          key.o
    0x08002e30   0x08002e30   0x0000002c   Code   RO         1119    i.LED_Init          led.o
    0x08002e5c   0x08002e5c   0x000000c4   Code   RO          564    i.LJLL_Data         timer.o
    0x08002f20   0x08002f20   0x0000009c   Code   RO          961    i.MENU              pic.o
    0x08002fbc   0x08002fbc   0x00000064   Code   RO          565    i.Made_Data         timer.o
    0x08003020   0x08003020   0x00000004   Code   RO          177    i.MemManage_Handler  stm32f10x_it.o
    0x08003024   0x08003024   0x00000002   Code   RO          178    i.NMI_Handler       stm32f10x_it.o
    0x08003026   0x08003026   0x00000046   Code   RO          667    i.NUM_A             gui.o
    0x0800306c   0x0800306c   0x00000070   Code   RO         1555    i.NVIC_Init         misc.o
    0x080030dc   0x080030dc   0x00000014   Code   RO         1556    i.NVIC_PriorityGroupConfig  misc.o
    0x080030f0   0x080030f0   0x00000024   Code   RO          566    i.N_A               timer.o
    0x08003114   0x08003114   0x00000028   Code   RO          879    i.OLED_Clear        oled.o
    0x0800313c   0x0800313c   0x00000048   Code   RO          880    i.OLED_Display      oled.o
    0x08003184   0x08003184   0x0000001c   Code   RO          881    i.OLED_Display_Off  oled.o
    0x080031a0   0x080031a0   0x0000001c   Code   RO          882    i.OLED_Display_On   oled.o
    0x080031bc   0x080031bc   0x000000fe   Code   RO          883    i.OLED_Init         oled.o
    0x080032ba   0x080032ba   0x00000002   PAD
    0x080032bc   0x080032bc   0x00000034   Code   RO          884    i.OLED_Init_GPIO    oled.o
    0x080032f0   0x080032f0   0x0000002c   Code   RO          885    i.OLED_Reset        oled.o
    0x0800331c   0x0800331c   0x00000080   Code   RO          886    i.OLED_Set_Pixel    oled.o
    0x0800339c   0x0800339c   0x0000003c   Code   RO          888    i.OLED_WR_Byte      oled.o
    0x080033d8   0x080033d8   0x000000c0   Code   RO          962    i.ONE               pic.o
    0x08003498   0x08003498   0x00000058   Code   RO          567    i.PVD_IRQHandler    timer.o
    0x080034f0   0x080034f0   0x00000002   Code   RO          179    i.PendSV_Handler    stm32f10x_it.o
    0x080034f2   0x080034f2   0x00000002   PAD
    0x080034f4   0x080034f4   0x0000007c   Code   RO          963    i.QJHM              pic.o
    0x08003570   0x08003570   0x00000020   Code   RO         2294    i.RCC_APB1PeriphClockCmd  stm32f10x_rcc.o
    0x08003590   0x08003590   0x00000020   Code   RO         2296    i.RCC_APB2PeriphClockCmd  stm32f10x_rcc.o
    0x080035b0   0x080035b0   0x000000d4   Code   RO         2304    i.RCC_GetClocksFreq  stm32f10x_rcc.o
    0x08003684   0x08003684   0x0000002c   Code   RO          480    i.SDA_IN            myiic.o
    0x080036b0   0x080036b0   0x00001168   Code   RO         1081    i.SET_COME          setcs.o
    0x08004818   0x08004818   0x0000003c   Code   RO         1082    i.SET_IN            setcs.o
    0x08004854   0x08004854   0x00000028   Code   RO          964    i.SEV               pic.o
    0x0800487c   0x0800487c   0x000000a8   Code   RO          965    i.SIX               pic.o
    0x08004924   0x08004924   0x00000098   Code   RO         1153    i.SPI1_Init         spi.o
    0x080049bc   0x080049bc   0x00000018   Code   RO         2587    i.SPI_Cmd           stm32f10x_spi.o
    0x080049d4   0x080049d4   0x0000003c   Code   RO         2600    i.SPI_Init          stm32f10x_spi.o
    0x08004a10   0x08004a10   0x00000022   Code   RO         1156    i.SPI_WriteByte     spi.o
    0x08004a32   0x08004a32   0x00000002   Code   RO          180    i.SVC_Handler       stm32f10x_it.o
    0x08004a34   0x08004a34   0x00000008   Code   RO          237    i.SetSysClock       system_stm32f10x.o
    0x08004a3c   0x08004a3c   0x000000e0   Code   RO          238    i.SetSysClockTo72   system_stm32f10x.o
    0x08004b1c   0x08004b1c   0x00000028   Code   RO         1559    i.SysTick_CLKSourceConfig  misc.o
    0x08004b44   0x08004b44   0x00000002   Code   RO          181    i.SysTick_Handler   stm32f10x_it.o
    0x08004b46   0x08004b46   0x00000002   PAD
    0x08004b48   0x08004b48   0x00000060   Code   RO          240    i.SystemInit        system_stm32f10x.o
    0x08004ba8   0x08004ba8   0x00000088   Code   RO          966    i.THERR             pic.o
    0x08004c30   0x08004c30   0x000000a4   Code   RO          569    i.TIM4_IRQHandler   timer.o
    0x08004cd4   0x08004cd4   0x00000060   Code   RO          570    i.TIM4_init         timer.o
    0x08004d34   0x08004d34   0x00000006   Code   RO         2737    i.TIM_ClearITPendingBit  stm32f10x_tim.o
    0x08004d3a   0x08004d3a   0x00000018   Code   RO         2742    i.TIM_Cmd           stm32f10x_tim.o
    0x08004d52   0x08004d52   0x00000022   Code   RO         2763    i.TIM_GetITStatus   stm32f10x_tim.o
    0x08004d74   0x08004d74   0x00000012   Code   RO         2767    i.TIM_ITConfig      stm32f10x_tim.o
    0x08004d86   0x08004d86   0x00000002   PAD
    0x08004d88   0x08004d88   0x000000a4   Code   RO         2813    i.TIM_TimeBaseInit  stm32f10x_tim.o
    0x08004e2c   0x08004e2c   0x00000070   Code   RO         1255    i.TM7705_CalibSelf  tm7707.o
    0x08004e9c   0x08004e9c   0x0000000e   Code   RO         1256    i.TM7705_Delay      tm7707.o
    0x08004eaa   0x08004eaa   0x00000002   PAD
    0x08004eac   0x08004eac   0x0000005c   Code   RO         1258    i.TM7705_Read3Byte  tm7707.o
    0x08004f08   0x08004f08   0x0000004c   Code   RO         1262    i.TM7705_Recive8Bit  tm7707.o
    0x08004f54   0x08004f54   0x00000054   Code   RO         1263    i.TM7705_Send8Bit   tm7707.o
    0x08004fa8   0x08004fa8   0x0000006c   Code   RO         1267    i.TM7705_WaitDRDY   tm7707.o
    0x08005014   0x08005014   0x00000044   Code   RO         1269    i.TM7705_WriteByte  tm7707.o
    0x08005058   0x08005058   0x00000058   Code   RO         1271    i.TM7707_init       tm7707.o
    0x080050b0   0x080050b0   0x000000a4   Code   RO          668    i.TP1000_ohm        gui.o
    0x08005154   0x08005154   0x00000040   Code   RO          670    i.TP1000_wd_        gui.o
    0x08005194   0x08005194   0x00000088   Code   RO          967    i.TWO               pic.o
    0x0800521c   0x0800521c   0x00000100   Code   RO         3738    i.USART1_IRQHandler  mport.o
    0x0800531c   0x0800531c   0x00000018   Code   RO         1379    i.USART_Cmd         stm32f10x_usart.o
    0x08005334   0x08005334   0x0000004a   Code   RO         1385    i.USART_ITConfig    stm32f10x_usart.o
    0x0800537e   0x0800537e   0x00000002   PAD
    0x08005380   0x08005380   0x000000d8   Code   RO         1386    i.USART_Init        stm32f10x_usart.o
    0x08005458   0x08005458   0x00000004   Code   RO          182    i.UsageFault_Handler  stm32f10x_it.o
    0x0800545c   0x0800545c   0x000000c8   Code   RO          671    i.YS_CY             gui.o
    0x08005524   0x08005524   0x00000084   Code   RO          672    i.YS_LJ             gui.o
    0x080055a8   0x080055a8   0x00000294   Code   RO          673    i.YS_LL             gui.o
    0x0800583c   0x0800583c   0x00000084   Code   RO          674    i.YS_WD             gui.o
    0x080058c0   0x080058c0   0x00000034   Code   RO          675    i.YS_YM             gui.o
    0x080058f4   0x080058f4   0x0000015c   Code   RO          676    i.YS_YS             gui.o
    0x08005a50   0x08005a50   0x00000048   Code   RO         1272    i._7707_REST        tm7707.o
    0x08005a98   0x08005a98   0x00000004   Code   RO          356    i._sys_exit         usart.o
    0x08005a9c   0x08005a9c   0x00000044   Code   RO          271    i.delay_init        delay.o
    0x08005ae0   0x08005ae0   0x0000004c   Code   RO          272    i.delay_ms          delay.o
    0x08005b2c   0x08005b2c   0x0000004c   Code   RO          273    i.delay_us          delay.o
    0x08005b78   0x08005b78   0x00000348   Code   RO            1    i.main              main.o
    0x08005ec0   0x08005ec0   0x00000016   Code   RO          680    i.mypow             gui.o
    0x08005ed6   0x08005ed6   0x0000004c   Code   RO         3871    i.sqrt              m_ws.l(sqrt.o)
    0x08005f22   0x08005f22   0x00000002   PAD
    0x08005f24   0x08005f24   0x000000a0   Code   RO          359    i.uart_init         usart.o
    0x08005fc4   0x08005fc4   0x00000150   Code   RO         3828    x$fpl$dadd          fz_ws.l(daddsub_clz.o)
    0x08006114   0x08006114   0x000002b0   Code   RO         3835    x$fpl$ddiv          fz_ws.l(ddiv.o)
    0x080063c4   0x080063c4   0x0000005e   Code   RO         3838    x$fpl$dfix          fz_ws.l(dfix.o)
    0x08006422   0x08006422   0x00000002   PAD
    0x08006424   0x08006424   0x0000005a   Code   RO         3842    x$fpl$dfixu         fz_ws.l(dfixu.o)
    0x0800647e   0x0800647e   0x0000002e   Code   RO         3847    x$fpl$dflt          fz_ws.l(dflt_clz.o)
    0x080064ac   0x080064ac   0x00000026   Code   RO         3846    x$fpl$dfltu         fz_ws.l(dflt_clz.o)
    0x080064d2   0x080064d2   0x00000002   PAD
    0x080064d4   0x080064d4   0x00000154   Code   RO         3852    x$fpl$dmul          fz_ws.l(dmul.o)
    0x08006628   0x08006628   0x0000009c   Code   RO         3887    x$fpl$dnaninf       fz_ws.l(dnaninf.o)
    0x080066c4   0x080066c4   0x0000000c   Code   RO         3889    x$fpl$dretinf       fz_ws.l(dretinf.o)
    0x080066d0   0x080066d0   0x000001cc   Code   RO         3891    x$fpl$dsqrt         fz_ws.l(dsqrt_noumaal.o)
    0x0800689c   0x0800689c   0x000001d4   Code   RO         3830    x$fpl$dsub          fz_ws.l(daddsub_clz.o)
    0x08006a70   0x08006a70   0x00000184   Code   RO         3855    x$fpl$fdiv          fz_ws.l(fdiv.o)
    0x08006bf4   0x08006bf4   0x00000036   Code   RO         3858    x$fpl$ffix          fz_ws.l(ffix.o)
    0x08006c2a   0x08006c2a   0x00000002   PAD
    0x08006c2c   0x08006c2c   0x00000030   Code   RO         3863    x$fpl$fflt          fz_ws.l(fflt_clz.o)
    0x08006c5c   0x08006c5c   0x00000102   Code   RO         3868    x$fpl$fmul          fz_ws.l(fmul.o)
    0x08006d5e   0x08006d5e   0x0000008c   Code   RO         3893    x$fpl$fnaninf       fz_ws.l(fnaninf.o)
    0x08006dea   0x08006dea   0x0000000a   Code   RO         3895    x$fpl$fretinf       fz_ws.l(fretinf.o)
    0x08006df4   0x08006df4   0x00000000   Code   RO         3897    x$fpl$usenofp       fz_ws.l(usenofp.o)
    0x08006df4   0x08006df4   0x00001d6e   Data   RO          682    .constdata          gui.o
    0x08008b62   0x08008b62   0x00000002   PAD
    0x08008b64   0x08008b64   0x00000020   Data   RO         4053    Region$$Table       anon$$obj.o


    Execution Region ER_RW (Exec base: 0x20000000, Load base: 0x08008b84, Size: 0x000001f8, Max: 0xffffffff, ABSOLUTE, COMPRESSED[0x000000d8])

    Exec Addr    Load Addr    Size         Type   Attr      Idx    E Section Name        Object

    0x20000000   COMPRESSED   0x0000006e   Data   RW            3    .data               main.o
    0x2000006e   COMPRESSED   0x00000002   PAD
    0x20000070   COMPRESSED   0x00000014   Data   RW          241    .data               system_stm32f10x.o
    0x20000084   COMPRESSED   0x00000004   Data   RW          274    .data               delay.o
    0x20000088   COMPRESSED   0x00000004   Data   RW          438    .data               can.o
    0x2000008c   COMPRESSED   0x00000017   Data   RW          572    .data               timer.o
    0x200000a3   COMPRESSED   0x00000001   PAD
    0x200000a4   COMPRESSED   0x000000e0   Data   RW          683    .data               gui.o
    0x20000184   COMPRESSED   0x0000002f   Data   RW         1083    .data               setcs.o
    0x200001b3   COMPRESSED   0x00000001   PAD
    0x200001b4   COMPRESSED   0x00000010   Data   RW         1193    .data               24c64.o
    0x200001c4   COMPRESSED   0x00000003   Data   RW         1273    .data               tm7707.o
    0x200001c7   COMPRESSED   0x00000014   Data   RW         2324    .data               stm32f10x_rcc.o
    0x200001db   COMPRESSED   0x00000001   PAD
    0x200001dc   COMPRESSED   0x00000012   Data   RW         3741    .data               mport.o
    0x200001ee   COMPRESSED   0x00000002   PAD
    0x200001f0   COMPRESSED   0x00000008   Data   RW         3775    .data               protocol.o


    Execution Region ER_ZI (Exec base: 0x200001f8, Load base: 0x08008c5c, Size: 0x00000ab0, Max: 0xffffffff, ABSOLUTE)

    Exec Addr    Load Addr    Size         Type   Attr      Idx    E Section Name        Object

    0x200001f8        -       0x00000028   Zero   RW            2    .bss                main.o
    0x20000220        -       0x00000028   Zero   RW          681    .bss                gui.o
    0x20000248        -       0x00000400   Zero   RW          889    .bss                oled.o
    0x20000648        -       0x00000060   Zero   RW         3921    .bss                c_w.l(libspace.o)
    0x200006a8        -       0x00000200   Zero   RW          428    HEAP                startup_stm32f10x_hd.o
    0x200008a8        -       0x00000400   Zero   RW          427    STACK               startup_stm32f10x_hd.o



  Load Region LR$$.ARM.__AT_0x68000000 (Base: 0x68000000, Size: 0x00000000, Max: 0x000f0000, ABSOLUTE)

    Execution Region ER$$.ARM.__AT_0x68000000 (Exec base: 0x68000000, Load base: 0x68000000, Size: 0x000f0000, Max: 0x000f0000, ABSOLUTE, UNINIT)

    Exec Addr    Load Addr    Size         Type   Attr      Idx    E Section Name        Object

    0x68000000        -       0x000f0000   Zero   RW         3643    .ARM.__AT_0x68000000  malloc.o



  Load Region LR$$.ARM.__AT_0x680F0000 (Base: 0x680f0000, Size: 0x00000000, Max: 0x0000f000, ABSOLUTE)

    Execution Region ER$$.ARM.__AT_0x680F0000 (Exec base: 0x680f0000, Load base: 0x680f0000, Size: 0x0000f000, Max: 0x0000f000, ABSOLUTE, UNINIT)

    Exec Addr    Load Addr    Size         Type   Attr      Idx    E Section Name        Object

    0x680f0000        -       0x0000f000   Zero   RW         3644    .ARM.__AT_0x680F0000  malloc.o


==============================================================================

Image component sizes


      Code (inc. data)   RO Data    RW Data    ZI Data      Debug   Object Name

      1822         84          0         16          0       4756   24c64.o
       372         20          0          4          0       3013   can.o
       220         26          0          4          0     213295   delay.o
      3816        236       7534        224         40      16813   gui.o
       152         10          0          0          0       1022   key.o
        44          4          0          0          0        475   led.o
       840        100          0        110         40     259601   main.o
         0          0          0          0    1044480       1609   malloc.o
       172         22          0          0          0       1949   misc.o
       256         22          0         18          0       1253   mport.o
       680         76          0          0          0       4683   myiic.o
       706         32          0          0       1024       5395   oled.o
      1748        526          0          0          0       5504   pic.o
         0          0          0          8          0       1181   protocol.o
      8012        322          0         47          0       7038   setcs.o
       186          8          0          0          0       1436   spi.o
        64         26        304          0       1536        800   startup_stm32f10x_hd.o
      1264         28          0          0          0       4959   stm32f10x_can.o
        40          6          0          0          0        587   stm32f10x_exti.o
       304          0          0          0          0       3520   stm32f10x_gpio.o
        26          0          0          0          0       3658   stm32f10x_it.o
       276         32          0         20          0       4322   stm32f10x_rcc.o
        84          0          0          0          0       2045   stm32f10x_spi.o
       246         42          0          0          0       3394   stm32f10x_tim.o
       314          6          0          0          0       3574   stm32f10x_usart.o
         0          0          0          0          0         32   sys.o
       328         28          0         20          0       2057   system_stm32f10x.o
       740        100          0         23          0       5193   timer.o
       714         66          0          3          0       5050   tm7707.o
       164          8          0          0          0       1152   usart.o

    ----------------------------------------------------------------------
     23610       1830       7872        504    1047120     569366   Object Totals
         0          0         32          0          0          0   (incl. Generated)
        20          0          2          7          0          0   (incl. Padding)

    ----------------------------------------------------------------------

      Code (inc. data)   RO Data    RW Data    ZI Data      Debug   Library Member Name

        90          0          0          0          0          0   __dczerorl2.o
         8          0          0          0          0         68   __main.o
         0          0          0          0          0          0   __rtentry.o
        12          0          0          0          0          0   __rtentry2.o
         6          0          0          0          0          0   __rtentry4.o
        52          8          0          0          0          0   __scatter.o
        28          0          0          0          0          0   __scatter_zi.o
        22          0          0          0          0        100   _rserrno.o
        16          0          0          0          0         68   aeabi_memset.o
        18          0          0          0          0         80   exit.o
         6          0          0          0          0        152   heapauxi.o
         2          0          0          0          0          0   libinit.o
         2          0          0          0          0          0   libinit2.o
         2          0          0          0          0          0   libshutdown.o
         2          0          0          0          0          0   libshutdown2.o
         8          4          0          0         96         68   libspace.o
         8          4          0          0          0         68   rt_errno_addr_intlibspace.o
        68          0          0          0          0         68   rt_memclr.o
        78          0          0          0          0         80   rt_memclr_w.o
         2          0          0          0          0          0   rtexit.o
        10          0          0          0          0          0   rtexit2.o
        74          0          0          0          0         80   sys_stackheap_outer.o
         2          0          0          0          0         68   use_no_semi.o
         2          0          0          0          0         68   use_no_semi_2.o
       804         16          0          0          0        272   daddsub_clz.o
       688        140          0          0          0        208   ddiv.o
        94          4          0          0          0         92   dfix.o
        90          4          0          0          0         92   dfixu.o
        84          0          0          0          0        136   dflt_clz.o
       340         12          0          0          0        104   dmul.o
       156          4          0          0          0         92   dnaninf.o
        12          0          0          0          0         68   dretinf.o
       460         56          0          0          0        120   dsqrt_noumaal.o
       388         76          0          0          0         96   fdiv.o
        54          4          0          0          0         84   ffix.o
        48          0          0          0          0         68   fflt_clz.o
       258          4          0          0          0         84   fmul.o
       140          4          0          0          0         84   fnaninf.o
        10          0          0          0          0         68   fretinf.o
         0          0          0          0          0          0   usenofp.o
        76          0          0          0          0         84   sqrt.o

    ----------------------------------------------------------------------
      4234        340          0          0         96       2720   Library Totals
        14          0          0          0          0          0   (incl. Padding)

    ----------------------------------------------------------------------

      Code (inc. data)   RO Data    RW Data    ZI Data      Debug   Library Name

       518         16          0          0         96        968   c_w.l
      3626        324          0          0          0       1668   fz_ws.l
        76          0          0          0          0         84   m_ws.l

    ----------------------------------------------------------------------
      4234        340          0          0         96       2720   Library Totals

    ----------------------------------------------------------------------

==============================================================================


      Code (inc. data)   RO Data    RW Data    ZI Data      Debug   

     27844       2170       7872        504    1047216     564334   Grand Totals
     27844       2170       7872        216    1047216     564334   ELF Image Totals (compressed)
     27844       2170       7872        216          0          0   ROM Totals

==============================================================================

    Total RO  Size (Code + RO Data)                35716 (  34.88kB)
    Total RW  Size (RW Data + ZI Data)           1047720 (1023.16kB)
    Total ROM Size (Code + RO Data + RW Data)      35932 (  35.09kB)

==============================================================================

