Component: ARM Compiler 5.06 update 6 (build 750) Tool: armlink [4d35ed]

==============================================================================

Section Cross References

    main.o(i.main) refers to delay.o(i.delay_init) for delay_init
    main.o(i.main) refers to oled.o(i.OLED_Init) for OLED_Init
    main.o(i.main) refers to gui.o(i.GUI_ShowCHinese) for GUI_ShowCHinese
    main.o(i.main) refers to misc.o(i.NVIC_PriorityGroupConfig) for NVIC_PriorityGroupConfig
    main.o(i.main) refers to usart.o(i.uart_init) for uart_init
    main.o(i.main) refers to mport.o(i.QingJiao_19200) for QingJiao_19200
    main.o(i.main) refers to led.o(i.LED_Init) for LED_Init
    main.o(i.main) refers to key.o(i.KEY_Init) for KEY_Init
    main.o(i.main) refers to 24c64.o(i.AT24CXX_Init) for AT24CXX_Init
    main.o(i.main) refers to gp8302 .o(i.GP8302_Init) for GP8302_Init
    main.o(i.main) refers to tm7707.o(i.TM7707_init) for TM7707_init
    main.o(i.main) refers to pic.o(i.FIRST) for FIRST
    main.o(i.main) refers to timer.o(i.TIM4_init) for TIM4_init
    main.o(i.main) refers to can.o(i.CAN_Mode_Init) for CAN_Mode_Init
    main.o(i.main) refers to can.o(i.Can_Receive_Msg) for Can_Receive_Msg
    main.o(i.main) refers to 24c64.o(i.BL_24c64) for BL_24c64
    main.o(i.main) refers to delay.o(i.delay_ms) for delay_ms
    main.o(i.main) refers to setcs.o(i.CAN_Answer) for CAN_Answer
    main.o(i.main) refers to setcs.o(i.CAN_SAVE) for CAN_SAVE
    main.o(i.main) refers to key.o(i.KEY_Scan) for KEY_Scan
    main.o(i.main) refers to setcs.o(i.SET_IN) for SET_IN
    main.o(i.main) refers to pic.o(i.FIRST_2) for FIRST_2
    main.o(i.main) refers to gui.o(i.GUI_ShowString) for GUI_ShowString
    main.o(i.main) refers to gui.o(i.GUI_ShowNum) for GUI_ShowNum
    main.o(i.main) refers to gui.o(i.GUI_ShowNum_WD) for GUI_ShowNum_WD
    main.o(i.main) refers to timer.o(.data) for ljks
    main.o(i.main) refers to main.o(.data) for run
    main.o(i.main) refers to setcs.o(.data) for key
    main.o(i.main) refers to gui.o(.data) for WD_Ohm
    main.o(i.main) refers to 24c64.o(.data) for NIAN
    main.o(i.main) refers to setcs.o(i.SET_COME) for SET_COME
    main.o(i.main) refers to timer.o(i.Made_Data) for Made_Data
    main.o(i.main) refers to timer.o(i.LJLL_Data) for LJLL_Data
    main.o(i.main) refers to can.o(i.Can_Send_Msg) for Can_Send_Msg
    main.o(i.main) refers to tm7707.o(.data) for error
    main.o(i.main) refers to can.o(.data) for myid
    system_stm32f10x.o(i.SetSysClock) refers to system_stm32f10x.o(i.SetSysClockTo72) for SetSysClockTo72
    system_stm32f10x.o(i.SystemCoreClockUpdate) refers to system_stm32f10x.o(.data) for SystemCoreClock
    system_stm32f10x.o(i.SystemInit) refers to system_stm32f10x.o(i.SetSysClock) for SetSysClock
    delay.o(i.delay_init) refers to misc.o(i.SysTick_CLKSourceConfig) for SysTick_CLKSourceConfig
    delay.o(i.delay_init) refers to system_stm32f10x.o(.data) for SystemCoreClock
    delay.o(i.delay_init) refers to delay.o(.data) for fac_us
    delay.o(i.delay_ms) refers to delay.o(.data) for fac_ms
    delay.o(i.delay_us) refers to delay.o(.data) for fac_us
    usart.o(i.Usart_SendArray) refers (Special) to use_no_semi_2.o(.text) for __use_no_semihosting
    usart.o(i.Usart_SendArray) refers to usart.o(i.Usart_SendByte) for Usart_SendByte
    usart.o(i.Usart_SendArray) refers to stm32f10x_usart.o(i.USART_GetFlagStatus) for USART_GetFlagStatus
    usart.o(i.Usart_SendByte) refers (Special) to use_no_semi_2.o(.text) for __use_no_semihosting
    usart.o(i.Usart_SendByte) refers to stm32f10x_usart.o(i.USART_SendData) for USART_SendData
    usart.o(i.Usart_SendByte) refers to stm32f10x_usart.o(i.USART_GetFlagStatus) for USART_GetFlagStatus
    usart.o(i.Usart_SendHalfWord) refers (Special) to use_no_semi_2.o(.text) for __use_no_semihosting
    usart.o(i.Usart_SendHalfWord) refers to stm32f10x_usart.o(i.USART_SendData) for USART_SendData
    usart.o(i.Usart_SendHalfWord) refers to stm32f10x_usart.o(i.USART_GetFlagStatus) for USART_GetFlagStatus
    usart.o(i.Usart_SendString) refers (Special) to use_no_semi_2.o(.text) for __use_no_semihosting
    usart.o(i.Usart_SendString) refers to usart.o(i.Usart_SendByte) for Usart_SendByte
    usart.o(i.Usart_SendString) refers to stm32f10x_usart.o(i.USART_GetFlagStatus) for USART_GetFlagStatus
    usart.o(i._sys_exit) refers (Special) to use_no_semi_2.o(.text) for __use_no_semihosting
    usart.o(i.fgetc) refers (Special) to use_no_semi_2.o(.text) for __use_no_semihosting
    usart.o(i.fgetc) refers to stm32f10x_usart.o(i.USART_GetFlagStatus) for USART_GetFlagStatus
    usart.o(i.fgetc) refers to stm32f10x_usart.o(i.USART_ReceiveData) for USART_ReceiveData
    usart.o(i.fputc) refers (Special) to use_no_semi_2.o(.text) for __use_no_semihosting
    usart.o(i.fputc) refers to stm32f10x_usart.o(i.USART_SendData) for USART_SendData
    usart.o(i.fputc) refers to stm32f10x_usart.o(i.USART_GetFlagStatus) for USART_GetFlagStatus
[...]
    i.YS_LL                                  0x08006088   Section        0  gui.o(i.YS_LL)
    i.YS_WD                                  0x080063e8   Section        0  gui.o(i.YS_WD)
    i.YS_YM                                  0x0800647c   Section        0  gui.o(i.YS_YM)
    i.YS_YS                                  0x080064b0   Section        0  gui.o(i.YS_YS)
    i._7707_REST                             0x0800660c   Section        0  tm7707.o(i._7707_REST)
    i.__ARM_fpclassify                       0x08006654   Section        0  fpclassify.o(i.__ARM_fpclassify)
    i.__ieee754_rem_pio2                     0x0800667c   Section        0  rred.o(i.__ieee754_rem_pio2)
    i.__kernel_cos                           0x08006a04   Section        0  cos_i.o(i.__kernel_cos)
    i.__kernel_poly                          0x08006b00   Section        0  poly.o(i.__kernel_poly)
    i.__kernel_sin                           0x08006bac   Section        0  sin_i.o(i.__kernel_sin)
    i.__mathlib_dbl_infnan                   0x08006c98   Section        0  dunder.o(i.__mathlib_dbl_infnan)
    i.__mathlib_dbl_invalid                  0x08006c9e   Section        0  dunder.o(i.__mathlib_dbl_invalid)
    i.__mathlib_dbl_underflow                0x08006cac   Section        0  dunder.o(i.__mathlib_dbl_underflow)
    i._sys_exit                              0x08006cbc   Section        0  usart.o(i._sys_exit)
    i.cos                                    0x08006cc0   Section        0  cos.o(i.cos)
    i.delay_init                             0x08006d5c   Section        0  delay.o(i.delay_init)
    i.delay_ms                               0x08006da0   Section        0  delay.o(i.delay_ms)
    i.delay_us                               0x08006dec   Section        0  delay.o(i.delay_us)
    i.main                                   0x08006e38   Section        0  main.o(i.main)
    i.mp_send_data                           0x0800758c   Section        0  mport.o(i.mp_send_data)
    i.mypow                                  0x080075bc   Section        0  gui.o(i.mypow)
    mypow                                    0x080075bd   Thumb Code    22  gui.o(i.mypow)
    i.sin                                    0x080075d4   Section        0  sin.o(i.sin)
    i.sqrt                                   0x08007674   Section        0  sqrt.o(i.sqrt)
    i.uart_init                              0x080076c0   Section        0  usart.o(i.uart_init)
    x$fpl$dadd                               0x08007760   Section      336  daddsub_clz.o(x$fpl$dadd)
    _dadd1                                   0x08007771   Thumb Code     0  daddsub_clz.o(x$fpl$dadd)
    x$fpl$dcheck1                            0x080078b0   Section       16  dcheck1.o(x$fpl$dcheck1)
    x$fpl$dcmpinf                            0x080078c0   Section       24  dcmpi.o(x$fpl$dcmpinf)
    x$fpl$ddiv                               0x080078d8   Section      688  ddiv.o(x$fpl$ddiv)
    ddiv_entry                               0x080078df   Thumb Code     0  ddiv.o(x$fpl$ddiv)
    x$fpl$deqf                               0x08007b88   Section      120  deqf.o(x$fpl$deqf)
    x$fpl$dfix                               0x08007c00   Section       94  dfix.o(x$fpl$dfix)
    x$fpl$dfixu                              0x08007c60   Section       90  dfixu.o(x$fpl$dfixu)
    x$fpl$dflt                               0x08007cba   Section       46  dflt_clz.o(x$fpl$dflt)
    x$fpl$dfltu                              0x08007ce8   Section       38  dflt_clz.o(x$fpl$dfltu)
    x$fpl$dmul                               0x08007d10   Section      340  dmul.o(x$fpl$dmul)
    x$fpl$dnaninf                            0x08007e64   Section      156  dnaninf.o(x$fpl$dnaninf)
    x$fpl$dretinf                            0x08007f00   Section       12  dretinf.o(x$fpl$dretinf)
    x$fpl$drsb                               0x08007f0c   Section       22  daddsub_clz.o(x$fpl$drsb)
    x$fpl$dsqrt                              0x08007f24   Section      460  dsqrt_noumaal.o(x$fpl$dsqrt)
    x$fpl$dsub                               0x080080f0   Section      468  daddsub_clz.o(x$fpl$dsub)
    _dsub1                                   0x08008101   Thumb Code     0  daddsub_clz.o(x$fpl$dsub)
    x$fpl$f2d                                0x080082c4   Section       86  f2d.o(x$fpl$f2d)
    x$fpl$fadd                               0x0800831c   Section      196  faddsub_clz.o(x$fpl$fadd)
    _fadd1                                   0x0800832b   Thumb Code     0  faddsub_clz.o(x$fpl$fadd)
    x$fpl$fdiv                               0x080083e0   Section      388  fdiv.o(x$fpl$fdiv)
    _fdiv1                                   0x080083e1   Thumb Code     0  fdiv.o(x$fpl$fdiv)
    x$fpl$ffix                               0x08008564   Section       54  ffix.o(x$fpl$ffix)
    x$fpl$fflt                               0x0800859c   Section       48  fflt_clz.o(x$fpl$fflt)
    x$fpl$fmul                               0x080085cc   Section      258  fmul.o(x$fpl$fmul)
    x$fpl$fnaninf                            0x080086ce   Section      140  fnaninf.o(x$fpl$fnaninf)
    x$fpl$fretinf                            0x0800875a   Section       10  fretinf.o(x$fpl$fretinf)
    x$fpl$fsub                               0x08008764   Section      234  faddsub_clz.o(x$fpl$fsub)
    _fsub1                                   0x08008773   Thumb Code     0  faddsub_clz.o(x$fpl$fsub)
    x$fpl$retnan                             0x0800884e   Section      100  retnan.o(x$fpl$retnan)
    x$fpl$scalbn                             0x080088b2   Section       92  scalbn.o(x$fpl$scalbn)
    x$fpl$trapveneer                         0x0800890e   Section       48  trapv.o(x$fpl$trapveneer)
    .constdata                               0x0800893e   Section     7534  gui.o(.constdata)
    x$fpl$usenofp                            0x0800893e   Section        0  usenofp.o(x$fpl$usenofp)
    .constdata                               0x0800a6b0   Section       48  cos_i.o(.constdata)
    C                                        0x0800a6b0   Data          48  cos_i.o(.constdata)
    .constdata                               0x0800a6e0   Section      200  rred.o(.constdata)
    pio2s                                    0x0800a6e0   Data          48  rred.o(.constdata)
    twooverpi                                0x0800a710   Data         152  rred.o(.constdata)
    .constdata                               0x0800a7a8   Section       40  sin_i.o(.constdata)
    S                                        0x0800a7a8   Data          40  sin_i.o(.constdata)
    .data                                    0x20000000   Section      114  main.o(.data)
    col                                      0x20000000   Data           4  main.o(.data)
    row                                      0x20000004   Data           4  main.o(.data)
    page                                     0x20000008   Data           1  main.o(.data)
    smode                                    0x20000009   Data           1  main.o(.data)
    wz                                       0x2000000a   Data           1  main.o(.data)
    .data                                    0x20000074   Section       20  system_stm32f10x.o(.data)
    .data                                    0x20000088   Section        4  delay.o(.data)
    fac_us                                   0x20000088   Data           1  delay.o(.data)
    fac_ms                                   0x2000008a   Data           2  delay.o(.data)
    .data                                    0x2000008c   Section        4  can.o(.data)
    .data                                    0x20000090   Section       27  timer.o(.data)
    buf                                      0x20000090   Data           3  timer.o(.data)
    secn                                     0x200000a6   Data           1  timer.o(.data)
    dianliu                                  0x200000a8   Data           2  timer.o(.data)
    js                                       0x200000aa   Data           1  timer.o(.data)
    .data                                    0x200000ac   Section      226  gui.o(.data)
    LJI                                      0x200000ac   Data           4  gui.o(.data)
    WD_1                                     0x200000bc   Data           4  gui.o(.data)
    dianliu                                  0x2000018c   Data           2  gui.o(.data)
    .data                                    0x20000190   Section       47  setcs.o(.data)
    col                                      0x20000190   Data           4  setcs.o(.data)
    row                                      0x20000194   Data           4  setcs.o(.data)
    page                                     0x20000198   Data           1  setcs.o(.data)
    smode                                    0x20000199   Data           1  setcs.o(.data)
    wz                                       0x2000019a   Data           1  setcs.o(.data)
    tem                                      0x2000019b   Data           1  setcs.o(.data)
    fx                                       0x2000019d   Data           1  setcs.o(.data)
    xgbz                                     0x2000019e   Data           1  setcs.o(.data)
    skey                                     0x2000019f   Data           1  setcs.o(.data)
    lsk                                      0x200001a0   Data           1  setcs.o(.data)
    addr                                     0x200001a2   Data           2  setcs.o(.data)
    ss                                       0x200001a4   Data           7  setcs.o(.data)
    ld                                       0x200001ab   Data           8  setcs.o(.data)
    qc                                       0x200001b3   Data           6  setcs.o(.data)
    dd                                       0x200001b9   Data           6  setcs.o(.data)
    .data                                    0x200001c0   Section       16  24c64.o(.data)
    .data                                    0x200001d0   Section        4  tm7707.o(.data)
    .data                                    0x200001d4   Section        4  gp8302 .o(.data)
    .data                                    0x200001d8   Section       20  stm32f10x_rcc.o(.data)
    APBAHBPrescTable                         0x200001d8   Data          16  stm32f10x_rcc.o(.data)
    ADCPrescTable                            0x200001e8   Data           4  stm32f10x_rcc.o(.data)
    .data                                    0x200001ec   Section       18  mport.o(.data)
    .data                                    0x20000200   Section        8  protocol.o(.data)
    .bss                                     0x20000208   Section       40  main.o(.bss)
    .bss                                     0x20000230   Section       40  gui.o(.bss)
    PJ                                       0x20000230   Data          40  gui.o(.bss)
    .bss                                     0x20000258   Section     1024  oled.o(.bss)
    OLED_buffer                              0x20000258   Data        1024  oled.o(.bss)
    .bss                                     0x20000658   Section       96  libspace.o(.bss)
    HEAP                                     0x200006b8   Section      512  startup_stm32f10x_hd.o(HEAP)
    Heap_Mem                                 0x200006b8   Data         512  startup_stm32f10x_hd.o(HEAP)
    STACK                                    0x200008b8   Section     1024  startup_stm32f10x_hd.o(STACK)
    Stack_Mem                                0x200008b8   Data        1024  startup_stm32f10x_hd.o(STACK)
    __initial_sp                             0x20000cb8   Data           0  startup_stm32f10x_hd.o(STACK)
    .ARM.__AT_0x68000000                     0x68000000   Section    983040  malloc.o(.ARM.__AT_0x68000000)
    .ARM.__AT_0x680F0000                     0x680f0000   Section    61440  malloc.o(.ARM.__AT_0x680F0000)

    Global Symbols

    Symbol Name                              Value     Ov Type        Size  Object(Section)

    BuildAttributes$$THM_ISAv4$P$D$K$B$S$PE$A:L22UL41UL21$X:L11$S22US41US21$IEEE1$IW$USESV6$~STKCKD$USESV7$~SHL$OTIME$ROPI$IEEEX$EBA8$UX$STANDARDLIB$REQ8$PRES8$EABIv2 0x00000000   Number         0  anon$$obj.o ABSOLUTE
    __ARM_use_no_argv                        0x00000000   Number         0  main.o ABSOLUTE
    __ARM_exceptions_init                     - Undefined Weak Reference
    __alloca_initialize                       - Undefined Weak Reference
    __arm_preinit_                            - Undefined Weak Reference
    __cpp_initialize__aeabi_                  - Undefined Weak Reference
    __cxa_finalize                            - Undefined Weak Reference
    __rt_locale                               - Undefined Weak Reference
    __sigvec_lookup                           - Undefined Weak Reference
    _atexit_init                              - Undefined Weak Reference
    _call_atexit_fns                          - Undefined Weak Reference
    _clock_init                               - Undefined Weak Reference
    _fp_trap_init                             - Undefined Weak Reference
    _fp_trap_shutdown                         - Undefined Weak Reference
    _get_lc_collate                           - Undefined Weak Reference
    _get_lc_ctype                             - Undefined Weak Reference
    _get_lc_monetary                          - Undefined Weak Reference
    _get_lc_numeric                           - Undefined Weak Reference
    _get_lc_time                              - Undefined Weak Reference
    _getenv_init                              - Undefined Weak Reference
    _handle_redirection                       - Undefined Weak Reference
    _init_alloc                               - Undefined Weak Reference
    _init_user_alloc                          - Undefined Weak Reference
    _initio                                   - Undefined Weak Reference
    _rand_init                                - Undefined Weak Reference
    _signal_finish                            - Undefined Weak Reference
    _signal_init                              - Undefined Weak Reference
    _terminate_alloc                          - Undefined Weak Reference
    _terminate_user_alloc                     - Undefined Weak Reference
    _terminateio                              - Undefined Weak Reference
    __Vectors_Size                           0x00000130   Number         0  startup_stm32f10x_hd.o ABSOLUTE
    __Vectors                                0x08000000   Data           4  startup_stm32f10x_hd.o(RESET)
    __Vectors_End                            0x08000130   Data           0  startup_stm32f10x_hd.o(RESET)
    __main                                   0x08000131   Thumb Code     8  __main.o(!!!main)
    __scatterload                            0x08000139   Thumb Code     0  __scatter.o(!!!scatter)
    __scatterload_rt2                        0x08000139   Thumb Code    44  __scatter.o(!!!scatter)
    __scatterload_rt2_thumb_only             0x08000139   Thumb Code     0  __scatter.o(!!!scatter)
    __scatterload_null                       0x08000147   Thumb Code     0  __scatter.o(!!!scatter)
    __decompress                             0x0800016d   Thumb Code    90  __dczerorl2.o(!!dczerorl2)
    __decompress1                            0x0800016d   Thumb Code     0  __dczerorl2.o(!!dczerorl2)
    __scatterload_zeroinit                   0x080001c9   Thumb Code    28  __scatter_zi.o(!!handler_zi)
    __rt_lib_init                            0x080001e5   Thumb Code     0  libinit.o(.ARM.Collect$$libinit$$00000000)
    __rt_lib_init_alloca_1                   0x080001e7   Thumb Code     0  libinit2.o(.ARM.Collect$$libinit$$0000002E)
    __rt_lib_init_argv_1                     0x080001e7   Thumb Code     0  libinit2.o(.ARM.Collect$$libinit$$0000002C)
    __rt_lib_init_atexit_1                   0x080001e7   Thumb Code     0  libinit2.o(.ARM.Collect$$libinit$$0000001B)
    __rt_lib_init_clock_1                    0x080001e7   Thumb Code     0  libinit2.o(.ARM.Collect$$libinit$$00000021)
    __rt_lib_init_cpp_1                      0x080001e7   Thumb Code     0  libinit2.o(.ARM.Collect$$libinit$$00000032)
    __rt_lib_init_exceptions_1               0x080001e7   Thumb Code     0  libinit2.o(.ARM.Collect$$libinit$$00000030)
    __rt_lib_init_fp_1                       0x080001e7   Thumb Code     0  libinit2.o(.ARM.Collect$$libinit$$00000002)
    __rt_lib_init_fp_trap_1                  0x080001e7   Thumb Code     0  libinit2.o(.ARM.Collect$$libinit$$0000001F)
    __rt_lib_init_getenv_1                   0x080001e7   Thumb Code     0  libinit2.o(.ARM.Collect$$libinit$$00000023)
    __rt_lib_init_heap_1                     0x080001e7   Thumb Code     0  libinit2.o(.ARM.Collect$$libinit$$0000000A)
    __rt_lib_init_lc_collate_1               0x080001e7   Thumb Code     0  libinit2.o(.ARM.Collect$$libinit$$00000011)
    __rt_lib_init_lc_ctype_1                 0x080001e7   Thumb Code     0  libinit2.o(.ARM.Collect$$libinit$$00000013)
    __rt_lib_init_lc_monetary_1              0x080001e7   Thumb Code     0  libinit2.o(.ARM.Collect$$libinit$$00000015)
    __rt_lib_init_lc_numeric_1               0x080001e7   Thumb Code     0  libinit2.o(.ARM.Collect$$libinit$$00000017)
    __rt_lib_init_lc_time_1                  0x080001e7   Thumb Code     0  libinit2.o(.ARM.Collect$$libinit$$00000019)
    __rt_lib_init_preinit_1                  0x080001e7   Thumb Code     0  libinit2.o(.ARM.Collect$$libinit$$00000004)
    __rt_lib_init_rand_1                     0x080001e7   Thumb Code     0  libinit2.o(.ARM.Collect$$libinit$$0000000E)
    __rt_lib_init_return                     0x080001e7   Thumb Code     0  libinit2.o(.ARM.Collect$$libinit$$00000033)
    __rt_lib_init_signal_1                   0x080001e7   Thumb Code     0  libinit2.o(.ARM.Collect$$libinit$$0000001D)
    __rt_lib_init_stdio_1                    0x080001e7   Thumb Code     0  libinit2.o(.ARM.Collect$$libinit$$00000025)
    __rt_lib_init_user_alloc_1               0x080001e7   Thumb Code     0  libinit2.o(.ARM.Collect$$libinit$$0000000C)
    __rt_lib_shutdown                        0x080001e9   Thumb Code     0  libshutdown.o(.ARM.Collect$$libshutdown$$00000000)
    __rt_lib_shutdown_cpp_1                  0x080001eb   Thumb Code     0  libshutdown2.o(.ARM.Collect$$libshutdown$$00000002)
    __rt_lib_shutdown_fp_trap_1              0x080001eb   Thumb Code     0  libshutdown2.o(.ARM.Collect$$libshutdown$$00000007)
    __rt_lib_shutdown_heap_1                 0x080001eb   Thumb Code     0  libshutdown2.o(.ARM.Collect$$libshutdown$$0000000F)
    __rt_lib_shutdown_return                 0x080001eb   Thumb Code     0  libshutdown2.o(.ARM.Collect$$libshutdown$$00000010)
    __rt_lib_shutdown_signal_1               0x080001eb   Thumb Code     0  libshutdown2.o(.ARM.Collect$$libshutdown$$0000000A)
    __rt_lib_shutdown_stdio_1                0x080001eb   Thumb Code     0  libshutdown2.o(.ARM.Collect$$libshutdown$$00000004)
    __rt_lib_shutdown_user_alloc_1           0x080001eb   Thumb Code     0  libshutdown2.o(.ARM.Collect$$libshutdown$$0000000C)
    __rt_entry                               0x080001ed   Thumb Code     0  __rtentry.o(.ARM.Collect$$rtentry$$00000000)
    __rt_entry_presh_1                       0x080001ed   Thumb Code     0  __rtentry2.o(.ARM.Collect$$rtentry$$00000002)
    __rt_entry_sh                            0x080001ed   Thumb Code     0  __rtentry4.o(.ARM.Collect$$rtentry$$00000004)
    __rt_entry_li                            0x080001f3   Thumb Code     0  __rtentry2.o(.ARM.Collect$$rtentry$$0000000A)
    __rt_entry_postsh_1                      0x080001f3   Thumb Code     0  __rtentry2.o(.ARM.Collect$$rtentry$$00000009)
    __rt_entry_main                          0x080001f7   Thumb Code     0  __rtentry2.o(.ARM.Collect$$rtentry$$0000000D)
    __rt_entry_postli_1                      0x080001f7   Thumb Code     0  __rtentry2.o(.ARM.Collect$$rtentry$$0000000C)
    __rt_exit                                0x080001ff   Thumb Code     0  rtexit.o(.ARM.Collect$$rtexit$$00000000)
    __rt_exit_ls                             0x08000201   Thumb Code     0  rtexit2.o(.ARM.Collect$$rtexit$$00000003)
    __rt_exit_prels_1                        0x08000201   Thumb Code     0  rtexit2.o(.ARM.Collect$$rtexit$$00000002)
    __rt_exit_exit                           0x08000205   Thumb Code     0  rtexit2.o(.ARM.Collect$$rtexit$$00000004)
    Reset_Handler                            0x0800020d   Thumb Code     8  startup_stm32f10x_hd.o(.text)
    ADC1_2_IRQHandler                        0x08000227   Thumb Code     0  startup_stm32f10x_hd.o(.text)
    ADC3_IRQHandler                          0x08000227   Thumb Code     0  startup_stm32f10x_hd.o(.text)
    CAN1_RX1_IRQHandler                      0x08000227   Thumb Code     0  startup_stm32f10x_hd.o(.text)
    CAN1_SCE_IRQHandler                      0x08000227   Thumb Code     0  startup_stm32f10x_hd.o(.text)
    DMA1_Channel1_IRQHandler                 0x08000227   Thumb Code     0  startup_stm32f10x_hd.o(.text)
    DMA1_Channel2_IRQHandler                 0x08000227   Thumb Code     0  startup_stm32f10x_hd.o(.text)
    DMA1_Channel3_IRQHandler                 0x08000227   Thumb Code     0  startup_stm32f10x_hd.o(.text)
    DMA1_Channel4_IRQHandler                 0x08000227   Thumb Code     0  startup_stm32f10x_hd.o(.text)
    DMA1_Channel5_IRQHandler                 0x08000227   Thumb Code     0  startup_stm32f10x_hd.o(.text)
    DMA1_Channel6_IRQHandler                 0x08000227   Thumb Code     0  startup_stm32f10x_hd.o(.text)
    DMA1_Channel7_IRQHandler                 0x08000227   Thumb Code     0  startup_stm32f10x_hd.o(.text)
    DMA2_Channel1_IRQHandler                 0x08000227   Thumb Code     0  startup_stm32f10x_hd.o(.text)
    DMA2_Channel2_IRQHandler                 0x08000227   Thumb Code     0  startup_stm32f10x_hd.o(.text)
    DMA2_Channel3_IRQHandler                 0x08000227   Thumb Code     0  startup_stm32f10x_hd.o(.text)
    DMA2_Channel4_5_IRQHandler               0x08000227   Thumb Code     0  startup_stm32f10x_hd.o(.text)
    EXTI0_IRQHandler                         0x08000227   Thumb Code     0  startup_stm32f10x_hd.o(.text)
    EXTI15_10_IRQHandler                     0x08000227   Thumb Code     0  startup_stm32f10x_hd.o(.text)
    EXTI2_IRQHandler                         0x08000227   Thumb Code     0  startup_stm32f10x_hd.o(.text)
    EXTI3_IRQHandler                         0x08000227   Thumb Code     0  startup_stm32f10x_hd.o(.text)
    EXTI4_IRQHandler                         0x08000227   Thumb Code     0  startup_stm32f10x_hd.o(.text)
    EXTI9_5_IRQHandler                       0x08000227   Thumb Code     0  startup_stm32f10x_hd.o(.text)
    FLASH_IRQHandler                         0x08000227   Thumb Code     0  startup_stm32f10x_hd.o(.text)
    FSMC_IRQHandler                          0x08000227   Thumb Code     0  startup_stm32f10x_hd.o(.text)
    I2C1_ER_IRQHandler                       0x08000227   Thumb Code     0  startup_stm32f10x_hd.o(.text)
    I2C1_EV_IRQHandler                       0x08000227   Thumb Code     0  startup_stm32f10x_hd.o(.text)
    I2C2_ER_IRQHandler                       0x08000227   Thumb Code     0  startup_stm32f10x_hd.o(.text)
    I2C2_EV_IRQHandler                       0x08000227   Thumb Code     0  startup_stm32f10x_hd.o(.text)
    RCC_IRQHandler                           0x08000227   Thumb Code     0  startup_stm32f10x_hd.o(.text)
    RTCAlarm_IRQHandler                      0x08000227   Thumb Code     0  startup_stm32f10x_hd.o(.text)
    RTC_IRQHandler                           0x08000227   Thumb Code     0  startup_stm32f10x_hd.o(.text)
    SDIO_IRQHandler                          0x08000227   Thumb Code     0  startup_stm32f10x_hd.o(.text)
    SPI1_IRQHandler                          0x08000227   Thumb Code     0  startup_stm32f10x_hd.o(.text)
    SPI2_IRQHandler                          0x08000227   Thumb Code     0  startup_stm32f10x_hd.o(.text)
    SPI3_IRQHandler                          0x08000227   Thumb Code     0  startup_stm32f10x_hd.o(.text)
    TAMPER_IRQHandler                        0x08000227   Thumb Code     0  startup_stm32f10x_hd.o(.text)
    TIM1_BRK_IRQHandler                      0x08000227   Thumb Code     0  startup_stm32f10x_hd.o(.text)
    TIM1_CC_IRQHandler                       0x08000227   Thumb Code     0  startup_stm32f10x_hd.o(.text)
    TIM1_TRG_COM_IRQHandler                  0x08000227   Thumb Code     0  startup_stm32f10x_hd.o(.text)
    TIM1_UP_IRQHandler                       0x08000227   Thumb Code     0  startup_stm32f10x_hd.o(.text)
    TIM2_IRQHandler                          0x08000227   Thumb Code     0  startup_stm32f10x_hd.o(.text)
    TIM3_IRQHandler                          0x08000227   Thumb Code     0  startup_stm32f10x_hd.o(.text)
    TIM5_IRQHandler                          0x08000227   Thumb Code     0  startup_stm32f10x_hd.o(.text)
    TIM6_IRQHandler                          0x08000227   Thumb Code     0  startup_stm32f10x_hd.o(.text)
    TIM7_IRQHandler                          0x08000227   Thumb Code     0  startup_stm32f10x_hd.o(.text)
    TIM8_BRK_IRQHandler                      0x08000227   Thumb Code     0  startup_stm32f10x_hd.o(.text)
    TIM8_CC_IRQHandler                       0x08000227   Thumb Code     0  startup_stm32f10x_hd.o(.text)
    TIM8_TRG_COM_IRQHandler                  0x08000227   Thumb Code     0  startup_stm32f10x_hd.o(.text)
    TIM8_UP_IRQHandler                       0x08000227   Thumb Code     0  startup_stm32f10x_hd.o(.text)
    UART4_IRQHandler                         0x08000227   Thumb Code     0  startup_stm32f10x_hd.o(.text)
    UART5_IRQHandler                         0x08000227   Thumb Code     0  startup_stm32f10x_hd.o(.text)
    USART2_IRQHandler                        0x08000227   Thumb Code     0  startup_stm32f10x_hd.o(.text)
    USART3_IRQHandler                        0x08000227   Thumb Code     0  startup_stm32f10x_hd.o(.text)
    USBWakeUp_IRQHandler                     0x08000227   Thumb Code     0  startup_stm32f10x_hd.o(.text)
    USB_HP_CAN1_TX_IRQHandler                0x08000227   Thumb Code     0  startup_stm32f10x_hd.o(.text)
    USB_LP_CAN1_RX0_IRQHandler               0x08000227   Thumb Code     0  startup_stm32f10x_hd.o(.text)
    WWDG_IRQHandler                          0x08000227   Thumb Code     0  startup_stm32f10x_hd.o(.text)
    __user_initial_stackheap                 0x08000229   Thumb Code     0  startup_stm32f10x_hd.o(.text)
    __use_no_semihosting                     0x0800024d   Thumb Code     2  use_no_semi_2.o(.text)
    __aeabi_memset                           0x0800024f   Thumb Code    16  aeabi_memset.o(.text)
    __aeabi_memclr                           0x0800025f   Thumb Code     0  rt_memclr.o(.text)
    __rt_memclr                              0x0800025f   Thumb Code    68  rt_memclr.o(.text)
    _memset                                  0x08000263   Thumb Code     0  rt_memclr.o(.text)
    __use_two_region_memory                  0x080002a3   Thumb Code     2  heapauxi.o(.text)
    __rt_heap_escrow$2region                 0x080002a5   Thumb Code     2  heapauxi.o(.text)
    __rt_heap_expand$2region                 0x080002a7   Thumb Code     2  heapauxi.o(.text)
    __I$use$semihosting                      0x080002a9   Thumb Code     0  use_no_semi.o(.text)
    __use_no_semihosting_swi                 0x080002a9   Thumb Code     2  use_no_semi.o(.text)
    __read_errno                             0x080002ab   Thumb Code    10  _rserrno.o(.text)
    __set_errno                              0x080002b5   Thumb Code    12  _rserrno.o(.text)
    __aeabi_memclr4                          0x080002c1   Thumb Code     0  rt_memclr_w.o(.text)
    __aeabi_memclr8                          0x080002c1   Thumb Code     0  rt_memclr_w.o(.text)
    __rt_memclr_w                            0x080002c1   Thumb Code    78  rt_memclr_w.o(.text)
    _memset_w                                0x080002c5   Thumb Code     0  rt_memclr_w.o(.text)
    __aeabi_errno_addr                       0x08000311   Thumb Code     8  rt_errno_addr_intlibspace.o(.text)
    __errno$intlibspace                      0x08000311   Thumb Code     0  rt_errno_addr_intlibspace.o(.text)
    __rt_errno_addr$intlibspace              0x08000311   Thumb Code     0  rt_errno_addr_intlibspace.o(.text)
    __user_libspace                          0x08000319   Thumb Code     8  libspace.o(.text)
    __user_perproc_libspace                  0x08000319   Thumb Code     0  libspace.o(.text)
    __user_perthread_libspace                0x08000319   Thumb Code     0  libspace.o(.text)
    __user_setup_stackheap                   0x08000321   Thumb Code    74  sys_stackheap_outer.o(.text)
    exit                                     0x0800036b   Thumb Code    18  exit.o(.text)
    AT24CXX_Init                             0x0800037d   Thumb Code   960  24c64.o(i.AT24CXX_Init)
    AT24CXX_Read                             0x08000755   Thumb Code   112  24c64.o(i.AT24CXX_Read)
    AT24CXX_Write                            0x080007c5   Thumb Code   106  24c64.o(i.AT24CXX_Write)
    A_N_24C64                                0x08000835   Thumb Code    86  24c64.o(i.A_N_24C64)
    BL_24c64                                 0x0800088d   Thumb Code   474  24c64.o(i.BL_24c64)
    BusFault_Handler                         0x08000a9d   Thumb Code     4  stm32f10x_it.o(i.BusFault_Handler)
    CAN_Answer                               0x08000aa1   Thumb Code  2694  setcs.o(i.CAN_Answer)
    CAN_FilterInit                           0x0800152d   Thumb Code   258  stm32f10x_can.o(i.CAN_FilterInit)
    CAN_Init                                 0x08001635   Thumb Code   276  stm32f10x_can.o(i.CAN_Init)
    CAN_MessagePending                       0x08001749   Thumb Code    30  stm32f10x_can.o(i.CAN_MessagePending)
    CAN_Mode_Init                            0x08001769   Thumb Code   198  can.o(i.CAN_Mode_Init)
    CAN_Receive                              0x08001839   Thumb Code   240  stm32f10x_can.o(i.CAN_Receive)
    CAN_SAVE                                 0x08001929   Thumb Code   774  setcs.o(i.CAN_SAVE)
    CAN_SET                                  0x08001c45   Thumb Code   134  pic.o(i.CAN_SET)
    CAN_Transmit                             0x08001ce1   Thumb Code   294  stm32f10x_can.o(i.CAN_Transmit)
    CAN_TransmitStatus                       0x08001e09   Thumb Code   138  stm32f10x_can.o(i.CAN_TransmitStatus)
    Can_Receive_Msg                          0x08001ea9   Thumb Code    70  can.o(i.Can_Receive_Msg)
    Can_Send_Msg                             0x08001ef9   Thumb Code   114  can.o(i.Can_Send_Msg)
    DebugMon_Handler                         0x08001f75   Thumb Code     2  stm32f10x_it.o(i.DebugMon_Handler)
    EXTI1_IRQHandler                         0x08001f79   Thumb Code    52  timer.o(i.EXTI1_IRQHandler)
    EXTI_GetITStatus                         0x08001fb5   Thumb Code    34  stm32f10x_exti.o(i.EXTI_GetITStatus)
    FIRST                                    0x08001fdd   Thumb Code   158  pic.o(i.FIRST)
    FIRST_2                                  0x080020a5   Thumb Code  1286  pic.o(i.FIRST_2)
    FIVE                                     0x080025b5   Thumb Code    66  pic.o(i.FIVE)
    FOUR                                     0x08002615   Thumb Code    84  pic.o(i.FOUR)
    GP8302                                   0x0800269d   Thumb Code   154  gp8302 .o(i.GP8302)
    GP8302_Init                              0x08002749   Thumb Code    62  gp8302 .o(i.GP8302_Init)
    GP8302_Read                              0x08002791   Thumb Code    62  gp8302 .o(i.GP8302_Read)
    GP8802_Ack                               0x080027d1   Thumb Code    48  gp8302 .o(i.GP8802_Ack)
    GP8802_Send_Byte                         0x08002809   Thumb Code    66  gp8302 .o(i.GP8802_Send_Byte)
    GP8802_Start                             0x08002855   Thumb Code    58  gp8302 .o(i.GP8802_Start)
    GP8802_Stop                              0x08002899   Thumb Code    54  gp8302 .o(i.GP8802_Stop)
    GPIO_Init                                0x080028d9   Thumb Code   278  stm32f10x_gpio.o(i.GPIO_Init)
    GPIO_PinRemapConfig                      0x080029f1   Thumb Code   138  stm32f10x_gpio.o(i.GPIO_PinRemapConfig)
    GPIO_ReadInputDataBit                    0x08002a81   Thumb Code    18  stm32f10x_gpio.o(i.GPIO_ReadInputDataBit)
    GPIO_ResetBits                           0x08002a93   Thumb Code     4  stm32f10x_gpio.o(i.GPIO_ResetBits)
    GPIO_SetBits                             0x08002a97   Thumb Code     4  stm32f10x_gpio.o(i.GPIO_SetBits)
    GUI_DrawLine                             0x08002a9b   Thumb Code   176  gui.o(i.GUI_DrawLine)
    GUI_DrawRectangle                        0x08002b4b   Thumb Code    74  gui.o(i.GUI_DrawRectangle)
    GUI_Draw_sin                             0x08002b95   Thumb Code   400  gui.o(i.GUI_Draw_sin)
    GUI_ShowCHinese                          0x08002d29   Thumb Code   106  gui.o(i.GUI_ShowCHinese)
    GUI_ShowChar                             0x08002d95   Thumb Code   490  gui.o(i.GUI_ShowChar)
    GUI_ShowFont16                           0x08002f91   Thumb Code   236  gui.o(i.GUI_ShowFont16)
    GUI_ShowFont24                           0x08003081   Thumb Code   256  gui.o(i.GUI_ShowFont24)
    GUI_ShowFont32                           0x08003185   Thumb Code   244  gui.o(i.GUI_ShowFont32)
    GUI_ShowNum                              0x0800327d   Thumb Code   176  gui.o(i.GUI_ShowNum)
    GUI_ShowNum_WD                           0x0800332d   Thumb Code   262  gui.o(i.GUI_ShowNum_WD)
    GUI_ShowString                           0x08003433   Thumb Code   144  gui.o(i.GUI_ShowString)
    HardFault_Handler                        0x080034c3   Thumb Code     4  stm32f10x_it.o(i.HardFault_Handler)
    I1C_Ack                                  0x080034c9   Thumb Code    68  myiic.o(i.I1C_Ack)
    I1C_Init                                 0x08003515   Thumb Code    46  myiic.o(i.I1C_Init)
    I1C_NAck                                 0x08003549   Thumb Code    68  myiic.o(i.I1C_NAck)
    I1C_Read_Byte                            0x08003595   Thumb Code    80  myiic.o(i.I1C_Read_Byte)
    I1C_Send_Byte                            0x080035ed   Thumb Code    86  myiic.o(i.I1C_Send_Byte)
    I1C_Start                                0x0800364d   Thumb Code    78  myiic.o(i.I1C_Start)
    I1C_Stop                                 0x080036a9   Thumb Code    74  myiic.o(i.I1C_Stop)
    I1C_Wait_Ack                             0x08003701   Thumb Code    64  myiic.o(i.I1C_Wait_Ack)
    KEY_Init                                 0x08003745   Thumb Code    38  key.o(i.KEY_Init)
    KEY_Scan                                 0x08003771   Thumb Code   104  key.o(i.KEY_Scan)
    LED_Init                                 0x080037dd   Thumb Code    40  led.o(i.LED_Init)
    LJLL_Data                                0x08003809   Thumb Code   170  timer.o(i.LJLL_Data)
    MENU                                     0x080038cd   Thumb Code    90  pic.o(i.MENU)
    Made_Data                                0x08003969   Thumb Code   110  timer.o(i.Made_Data)
    MemManage_Handler                        0x080039e1   Thumb Code     4  stm32f10x_it.o(i.MemManage_Handler)
    NMI_Handler                              0x080039e5   Thumb Code     2  stm32f10x_it.o(i.NMI_Handler)
    NUM_A                                    0x080039e7   Thumb Code    70  gui.o(i.NUM_A)
    NVIC_Init                                0x08003a2d   Thumb Code   100  misc.o(i.NVIC_Init)
    NVIC_PriorityGroupConfig                 0x08003a9d   Thumb Code    10  misc.o(i.NVIC_PriorityGroupConfig)
    N_A                                      0x08003ab1   Thumb Code    36  timer.o(i.N_A)
    OLED_Clear                               0x08003ad5   Thumb Code    36  oled.o(i.OLED_Clear)
    OLED_Display                             0x08003afd   Thumb Code    68  oled.o(i.OLED_Display)
    OLED_Display_Off                         0x08003b45   Thumb Code    28  oled.o(i.OLED_Display_Off)
    OLED_Display_On                          0x08003b61   Thumb Code    28  oled.o(i.OLED_Display_On)
    OLED_Init                                0x08003b7d   Thumb Code   254  oled.o(i.OLED_Init)
    OLED_Init_GPIO                           0x08003c7d   Thumb Code    46  oled.o(i.OLED_Init_GPIO)
    OLED_Reset                               0x08003cb1   Thumb Code    40  oled.o(i.OLED_Reset)
    OLED_Set_Pixel                           0x08003cdd   Thumb Code   122  oled.o(i.OLED_Set_Pixel)
    OLED_WR_Byte                             0x08003d5d   Thumb Code    52  oled.o(i.OLED_WR_Byte)
    ONE                                      0x08003d99   Thumb Code   136  pic.o(i.ONE)
    PVD_IRQHandler                           0x08003e59   Thumb Code    74  timer.o(i.PVD_IRQHandler)
    PendSV_Handler                           0x08003eb1   Thumb Code     2  stm32f10x_it.o(i.PendSV_Handler)
    QJHM                                     0x08003eb5   Thumb Code    98  pic.o(i.QJHM)
    QingJiao_19200                           0x08003f31   Thumb Code    70  mport.o(i.QingJiao_19200)
    QingJiao_F                               0x08003f79   Thumb Code    62  mport.o(i.QingJiao_F)
    RCC_APB1PeriphClockCmd                   0x08003fbd   Thumb Code    26  stm32f10x_rcc.o(i.RCC_APB1PeriphClockCmd)
    RCC_APB2PeriphClockCmd                   0x08003fdd   Thumb Code    26  stm32f10x_rcc.o(i.RCC_APB2PeriphClockCmd)
    RCC_GetClocksFreq                        0x08003ffd   Thumb Code   192  stm32f10x_rcc.o(i.RCC_GetClocksFreq)
    SDA8302_OUT                              0x080040d1   Thumb Code    38  gp8302 .o(i.SDA8302_OUT)
    SDA_IN                                   0x080040fd   Thumb Code    40  myiic.o(i.SDA_IN)
    SET_COME                                 0x08004129   Thumb Code  4436  setcs.o(i.SET_COME)
    SET_IN                                   0x08005291   Thumb Code    38  setcs.o(i.SET_IN)
    SEV                                      0x080052cd   Thumb Code    26  pic.o(i.SEV)
    SIX                                      0x080052f5   Thumb Code   114  pic.o(i.SIX)
    SPI1_Init                                0x0800539d   Thumb Code   144  spi.o(i.SPI1_Init)
    SPI_Cmd                                  0x08005435   Thumb Code    24  stm32f10x_spi.o(i.SPI_Cmd)
    SPI_Init                                 0x0800544d   Thumb Code    60  stm32f10x_spi.o(i.SPI_Init)
    SPI_WriteByte                            0x08005489   Thumb Code    34  spi.o(i.SPI_WriteByte)
    SVC_Handler                              0x080054ab   Thumb Code     2  stm32f10x_it.o(i.SVC_Handler)
    SysTick_CLKSourceConfig                  0x08005595   Thumb Code    40  misc.o(i.SysTick_CLKSourceConfig)
    SysTick_Handler                          0x080055bd   Thumb Code     2  stm32f10x_it.o(i.SysTick_Handler)
    SystemInit                               0x080055c1   Thumb Code    78  system_stm32f10x.o(i.SystemInit)
    THERR                                    0x08005621   Thumb Code    84  pic.o(i.THERR)
    TIM4_IRQHandler                          0x080056a9   Thumb Code   128  timer.o(i.TIM4_IRQHandler)
    TIM4_init                                0x0800574d   Thumb Code    90  timer.o(i.TIM4_init)
    TIM_ClearITPendingBit                    0x080057ad   Thumb Code     6  stm32f10x_tim.o(i.TIM_ClearITPendingBit)
    TIM_Cmd                                  0x080057b3   Thumb Code    24  stm32f10x_tim.o(i.TIM_Cmd)
    TIM_GetITStatus                          0x080057cb   Thumb Code    34  stm32f10x_tim.o(i.TIM_GetITStatus)
    TIM_ITConfig                             0x080057ed   Thumb Code    18  stm32f10x_tim.o(i.TIM_ITConfig)
    TIM_TimeBaseInit                         0x08005801   Thumb Code   122  stm32f10x_tim.o(i.TIM_TimeBaseInit)
    TM7705_CalibSelf                         0x080058a5   Thumb Code   112  tm7707.o(i.TM7705_CalibSelf)
    TM7705_Read3Byte                         0x08005925   Thumb Code    82  tm7707.o(i.TM7705_Read3Byte)
    TM7705_WaitDRDY                          0x08005a21   Thumb Code    84  tm7707.o(i.TM7705_WaitDRDY)
    TM7705_WriteByte                         0x08005a89   Thumb Code    60  tm7707.o(i.TM7705_WriteByte)
    TM7707_init                              0x08005acd   Thumb Code    84  tm7707.o(i.TM7707_init)
    TP1000_ohm                               0x08005b25   Thumb Code   238  gui.o(i.TP1000_ohm)
    TP1000_wd_                               0x08005c31   Thumb Code    54  gui.o(i.TP1000_wd_)
    TWO                                      0x08005c71   Thumb Code    84  pic.o(i.TWO)
    USART1_IRQHandler                        0x08005cf9   Thumb Code   234  mport.o(i.USART1_IRQHandler)
    USART_Cmd                                0x08005df9   Thumb Code    24  stm32f10x_usart.o(i.USART_Cmd)
    USART_ITConfig                           0x08005e11   Thumb Code    74  stm32f10x_usart.o(i.USART_ITConfig)
    USART_Init                               0x08005e5d   Thumb Code   210  stm32f10x_usart.o(i.USART_Init)
    UsageFault_Handler                       0x08005f35   Thumb Code     4  stm32f10x_it.o(i.UsageFault_Handler)
    YS_CY                                    0x08005f39   Thumb Code   182  gui.o(i.YS_CY)
    YS_LJ                                    0x08006005   Thumb Code   114  gui.o(i.YS_LJ)
    YS_LL                                    0x08006089   Thumb Code   790  gui.o(i.YS_LL)
    YS_WD                                    0x080063e9   Thumb Code   130  gui.o(i.YS_WD)
    YS_YM                                    0x0800647d   Thumb Code    42  gui.o(i.YS_YM)
    YS_YS                                    0x080064b1   Thumb Code   310  gui.o(i.YS_YS)
    _7707_REST                               0x0800660d   Thumb Code    62  tm7707.o(i._7707_REST)
    __ARM_fpclassify                         0x08006655   Thumb Code    40  fpclassify.o(i.__ARM_fpclassify)
    __ieee754_rem_pio2                       0x0800667d   Thumb Code   828  rred.o(i.__ieee754_rem_pio2)
    __kernel_cos                             0x08006a05   Thumb Code   230  cos_i.o(i.__kernel_cos)
    __kernel_poly                            0x08006b01   Thumb Code   170  poly.o(i.__kernel_poly)
    __kernel_sin                             0x08006bad   Thumb Code   224  sin_i.o(i.__kernel_sin)
    __mathlib_dbl_infnan                     0x08006c99   Thumb Code     6  dunder.o(i.__mathlib_dbl_infnan)
    __mathlib_dbl_invalid                    0x08006c9f   Thumb Code    12  dunder.o(i.__mathlib_dbl_invalid)
    __mathlib_dbl_underflow                  0x08006cad   Thumb Code    10  dunder.o(i.__mathlib_dbl_underflow)
    _sys_exit                                0x08006cbd   Thumb Code     4  usart.o(i._sys_exit)
    cos                                      0x08006cc1   Thumb Code   148  cos.o(i.cos)
    delay_init                               0x08006d5d   Thumb Code    50  delay.o(i.delay_init)
    delay_ms                                 0x08006da1   Thumb Code    72  delay.o(i.delay_ms)
    delay_us                                 0x08006ded   Thumb Code    72  delay.o(i.delay_us)
    main                                     0x08006e39   Thumb Code  1822  main.o(i.main)
    mp_send_data                             0x0800758d   Thumb Code    42  mport.o(i.mp_send_data)
    sin                                      0x080075d5   Thumb Code   150  sin.o(i.sin)
    sqrt                                     0x08007675   Thumb Code    76  sqrt.o(i.sqrt)
    uart_init                                0x080076c1   Thumb Code   152  usart.o(i.uart_init)
    __aeabi_dadd                             0x08007761   Thumb Code     0  daddsub_clz.o(x$fpl$dadd)
    _dadd                                    0x08007761   Thumb Code   332  daddsub_clz.o(x$fpl$dadd)
    __fpl_dcheck_NaN1                        0x080078b1   Thumb Code    10  dcheck1.o(x$fpl$dcheck1)
    __fpl_dcmp_Inf                           0x080078c1   Thumb Code    24  dcmpi.o(x$fpl$dcmpinf)
    __aeabi_ddiv                             0x080078d9   Thumb Code     0  ddiv.o(x$fpl$ddiv)
    _ddiv                                    0x080078d9   Thumb Code   552  ddiv.o(x$fpl$ddiv)
    __aeabi_cdcmpeq                          0x08007b89   Thumb Code     0  deqf.o(x$fpl$deqf)
    _dcmpeq                                  0x08007b89   Thumb Code   120  deqf.o(x$fpl$deqf)
    __aeabi_d2iz                             0x08007c01   Thumb Code     0  dfix.o(x$fpl$dfix)
    _dfix                                    0x08007c01   Thumb Code    94  dfix.o(x$fpl$dfix)
    __aeabi_d2uiz                            0x08007c61   Thumb Code     0  dfixu.o(x$fpl$dfixu)
    _dfixu                                   0x08007c61   Thumb Code    90  dfixu.o(x$fpl$dfixu)
    __aeabi_i2d                              0x08007cbb   Thumb Code     0  dflt_clz.o(x$fpl$dflt)
    _dflt                                    0x08007cbb   Thumb Code    46  dflt_clz.o(x$fpl$dflt)
    __aeabi_ui2d                             0x08007ce9   Thumb Code     0  dflt_clz.o(x$fpl$dfltu)
    _dfltu                                   0x08007ce9   Thumb Code    38  dflt_clz.o(x$fpl$dfltu)
    __aeabi_dmul                             0x08007d11   Thumb Code     0  dmul.o(x$fpl$dmul)
    _dmul                                    0x08007d11   Thumb Code   332  dmul.o(x$fpl$dmul)
    __fpl_dnaninf                            0x08007e65   Thumb Code   156  dnaninf.o(x$fpl$dnaninf)
    __fpl_dretinf                            0x08007f01   Thumb Code    12  dretinf.o(x$fpl$dretinf)
    __aeabi_drsub                            0x08007f0d   Thumb Code     0  daddsub_clz.o(x$fpl$drsb)
    _drsb                                    0x08007f0d   Thumb Code    22  daddsub_clz.o(x$fpl$drsb)
    _dsqrt                                   0x08007f25   Thumb Code   456  dsqrt_noumaal.o(x$fpl$dsqrt)
    __aeabi_dsub                             0x080080f1   Thumb Code     0  daddsub_clz.o(x$fpl$dsub)
    _dsub                                    0x080080f1   Thumb Code   464  daddsub_clz.o(x$fpl$dsub)
    __aeabi_f2d                              0x080082c5   Thumb Code     0  f2d.o(x$fpl$f2d)
    _f2d                                     0x080082c5   Thumb Code    86  f2d.o(x$fpl$f2d)
    __aeabi_fadd                             0x0800831d   Thumb Code     0  faddsub_clz.o(x$fpl$fadd)
    _fadd                                    0x0800831d   Thumb Code   196  faddsub_clz.o(x$fpl$fadd)
    __aeabi_fdiv                             0x080083e1   Thumb Code     0  fdiv.o(x$fpl$fdiv)
    _fdiv                                    0x080083e1   Thumb Code   384  fdiv.o(x$fpl$fdiv)
    __aeabi_f2iz                             0x08008565   Thumb Code     0  ffix.o(x$fpl$ffix)
    _ffix                                    0x08008565   Thumb Code    54  ffix.o(x$fpl$ffix)
    __aeabi_i2f                              0x0800859d   Thumb Code     0  fflt_clz.o(x$fpl$fflt)
    _fflt                                    0x0800859d   Thumb Code    48  fflt_clz.o(x$fpl$fflt)
    __aeabi_fmul                             0x080085cd   Thumb Code     0  fmul.o(x$fpl$fmul)
    _fmul                                    0x080085cd   Thumb Code   258  fmul.o(x$fpl$fmul)
    __fpl_fnaninf                            0x080086cf   Thumb Code   140  fnaninf.o(x$fpl$fnaninf)
    __fpl_fretinf                            0x0800875b   Thumb Code    10  fretinf.o(x$fpl$fretinf)
    __aeabi_fsub                             0x08008765   Thumb Code     0  faddsub_clz.o(x$fpl$fsub)
    _fsub                                    0x08008765   Thumb Code   234  faddsub_clz.o(x$fpl$fsub)
    __fpl_return_NaN                         0x0800884f   Thumb Code   100  retnan.o(x$fpl$retnan)
    __ARM_scalbn                             0x080088b3   Thumb Code    92  scalbn.o(x$fpl$scalbn)
    __fpl_cmpreturn                          0x0800890f   Thumb Code    48  trapv.o(x$fpl$trapveneer)
    F6x8                                     0x0800893e   Data         760  gui.o(.constdata)
    __I$use$fp                               0x0800893e   Number         0  usenofp.o(x$fpl$usenofp)
    F8X16                                    0x08008c36   Data        1520  gui.o(.constdata)
    F8X24                                    0x08009226   Data        2280  gui.o(.constdata)
    F8X32                                    0x08009b0e   Data          16  gui.o(.constdata)
    cfont16                                  0x08009b1e   Data        1734  gui.o(.constdata)
    cfont24                                  0x0800a1e4   Data         444  gui.o(.constdata)
    cfont32                                  0x0800a3a0   Data         780  gui.o(.constdata)
    Region$$Table$$Base                      0x0800a7d0   Number         0  anon$$obj.o(Region$$Table)
    Region$$Table$$Limit                     0x0800a7f0   Number         0  anon$$obj.o(Region$$Table)
    lwd                                      0x2000000b   Data           8  main.o(.data)
    lwd_pa                                   0x20000013   Data           8  main.o(.data)
    lll                                      0x2000001b   Data           8  main.o(.data)
    ljl                                      0x20000023   Data           8  main.o(.data)
    lsl                                      0x2000002b   Data           8  main.o(.data)
    cyl                                      0x20000033   Data           8  main.o(.data)
    jdl                                      0x2000003b   Data           8  main.o(.data)
    LJ                                       0x20000044   Data           4  main.o(.data)
    LL                                       0x20000048   Data           4  main.o(.data)
    ms1000                                   0x2000004c   Data           1  main.o(.data)
    Gd                                       0x2000004d   Data           1  main.o(.data)
    Gd_y                                     0x2000004e   Data           1  main.o(.data)
    A                                        0x20000050   Data           2  main.o(.data)
    SZ_LD_Z                                  0x20000052   Data           2  main.o(.data)
    SZ_LD_F                                  0x20000054   Data           2  main.o(.data)
    SZ_QC_Z                                  0x20000056   Data           2  main.o(.data)
    SZ_QC_F                                  0x20000058   Data           2  main.o(.data)
    SZ_WD_B                                  0x2000005a   Data           2  main.o(.data)
    SZ_WD_O                                  0x2000005c   Data           2  main.o(.data)
    SZ_LL_Z                                  0x20000060   Data           4  main.o(.data)
    SZ_LL_F                                  0x20000064   Data           4  main.o(.data)
    rxd_bz                                   0x20000068   Data           1  main.o(.data)
    canbuf_rxd                               0x20000069   Data           8  main.o(.data)
    run                                      0x20000071   Data           1  main.o(.data)
    SystemCoreClock                          0x20000074   Data           4  system_stm32f10x.o(.data)
    AHBPrescTable                            0x20000078   Data          16  system_stm32f10x.o(.data)
    myid                                     0x2000008c   Data           4  can.o(.data)
    C                                        0x20000093   Data           1  timer.o(.data)
    B                                        0x20000094   Data           1  timer.o(.data)
    B1                                       0x20000095   Data           1  timer.o(.data)
    kl                                       0x20000096   Data           8  timer.o(.data)
    have                                     0x2000009e   Data           1  timer.o(.data)
    ljks                                     0x2000009f   Data           1  timer.o(.data)
    slj3                                     0x200000a0   Data           1  timer.o(.data)
    slj30                                    0x200000a1   Data           1  timer.o(.data)
    sec                                      0x200000a2   Data           1  timer.o(.data)
    ms200                                    0x200000a3   Data           1  timer.o(.data)
    sec3                                     0x200000a4   Data           1  timer.o(.data)
    se30                                     0x200000a5   Data           1  timer.o(.data)
    BFB                                      0x200000b0   Data           1  gui.o(.data)
    WD                                       0x200000b4   Data           4  gui.o(.data)
    WD_Ohm                                   0x200000b8   Data           4  gui.o(.data)
    WinDu                                    0x200000c0   Data         204  gui.o(.data)
    key                                      0x2000019c   Data           1  setcs.o(.data)
    JNW                                      0x200001c0   Data           8  24c64.o(.data)
    JNS                                      0x200001c8   Data           4  24c64.o(.data)
    NIAN                                     0x200001cc   Data           4  24c64.o(.data)
    kan                                      0x200001d0   Data           1  tm7707.o(.data)
    S_7705                                   0x200001d1   Data           1  tm7707.o(.data)
    error                                    0x200001d2   Data           1  tm7707.o(.data)
    TM                                       0x200001d3   Data           1  tm7707.o(.data)
    lins                                     0x200001d4   Data           4  gp8302 .o(.data)
    QJ                                       0x200001ec   Data           6  mport.o(.data)
    QJp                                      0x200001f2   Data           1  mport.o(.data)
    JDL                                      0x200001f3   Data           8  mport.o(.data)
    QJs                                      0x200001fc   Data           2  mport.o(.data)
    m_ctrl_dev                               0x20000200   Data           8  protocol.o(.data)
    SZ_JZ_Z                                  0x20000208   Data          20  main.o(.bss)
    SZ_JZ_F                                  0x2000021c   Data          20  main.o(.bss)
    __libspace_start                         0x20000658   Data          96  libspace.o(.bss)
    __temporary_stack_top$libspace           0x200006b8   Data           0  libspace.o(.bss)
    mem2base                                 0x68000000   Data       983040  malloc.o(.ARM.__AT_0x68000000)
    mem2mapbase                              0x680f0000   Data       61440  malloc.o(.ARM.__AT_0x680F0000)



==============================================================================

Memory Map of the image

  Image Entry point : 0x0800020d

  Load Region LR_1 (Base: 0x08000000, Size: 0x0000a9f8, Max: 0xffffffff, ABSOLUTE, COMPRESSED[0x0000a8c8])

    Execution Region ER_RO (Exec base: 0x08000000, Load base: 0x08000000, Size: 0x0000a7f0, Max: 0xffffffff, ABSOLUTE)

    Exec Addr    Load Addr    Size         Type   Attr      Idx    E Section Name        Object

    0x08000000   0x08000000   0x00000130   Data   RO          432    RESET               startup_stm32f10x_hd.o
    0x08000130   0x08000130   0x00000008   Code   RO         3918  * !!!main             c_w.l(__main.o)
    0x08000138   0x08000138   0x00000034   Code   RO         4215    !!!scatter          c_w.l(__scatter.o)
    0x0800016c   0x0800016c   0x0000005a   Code   RO         4213    !!dczerorl2         c_w.l(__dczerorl2.o)
    0x080001c6   0x080001c6   0x00000002   PAD
    0x080001c8   0x080001c8   0x0000001c   Code   RO         4217    !!handler_zi        c_w.l(__scatter_zi.o)
    0x080001e4   0x080001e4   0x00000002   Code   RO         4084    .ARM.Collect$$libinit$$00000000  c_w.l(libinit.o)
    0x080001e6   0x080001e6   0x00000000   Code   RO         4090    .ARM.Collect$$libinit$$00000002  c_w.l(libinit2.o)
    0x080001e6   0x080001e6   0x00000000   Code   RO         4092    .ARM.Collect$$libinit$$00000004  c_w.l(libinit2.o)
    0x080001e6   0x080001e6   0x00000000   Code   RO         4095    .ARM.Collect$$libinit$$0000000A  c_w.l(libinit2.o)
    0x080001e6   0x080001e6   0x00000000   Code   RO         4097    .ARM.Collect$$libinit$$0000000C  c_w.l(libinit2.o)
    0x080001e6   0x080001e6   0x00000000   Code   RO         4099    .ARM.Collect$$libinit$$0000000E  c_w.l(libinit2.o)
    0x080001e6   0x080001e6   0x00000000   Code   RO         4102    .ARM.Collect$$libinit$$00000011  c_w.l(libinit2.o)
    0x080001e6   0x080001e6   0x00000000   Code   RO         4104    .ARM.Collect$$libinit$$00000013  c_w.l(libinit2.o)
    0x080001e6   0x080001e6   0x00000000   Code   RO         4106    .ARM.Collect$$libinit$$00000015  c_w.l(libinit2.o)
    0x080001e6   0x080001e6   0x00000000   Code   RO         4108    .ARM.Collect$$libinit$$00000017  c_w.l(libinit2.o)
    0x080001e6   0x080001e6   0x00000000   Code   RO         4110    .ARM.Collect$$libinit$$00000019  c_w.l(libinit2.o)
    0x080001e6   0x080001e6   0x00000000   Code   RO         4112    .ARM.Collect$$libinit$$0000001B  c_w.l(libinit2.o)
    0x080001e6   0x080001e6   0x00000000   Code   RO         4114    .ARM.Collect$$libinit$$0000001D  c_w.l(libinit2.o)
    0x080001e6   0x080001e6   0x00000000   Code   RO         4116    .ARM.Collect$$libinit$$0000001F  c_w.l(libinit2.o)
    0x080001e6   0x080001e6   0x00000000   Code   RO         4118    .ARM.Collect$$libinit$$00000021  c_w.l(libinit2.o)
    0x080001e6   0x080001e6   0x00000000   Code   RO         4120    .ARM.Collect$$libinit$$00000023  c_w.l(libinit2.o)
    0x080001e6   0x080001e6   0x00000000   Code   RO         4122    .ARM.Collect$$libinit$$00000025  c_w.l(libinit2.o)
    0x080001e6   0x080001e6   0x00000000   Code   RO         4126    .ARM.Collect$$libinit$$0000002C  c_w.l(libinit2.o)
    0x080001e6   0x080001e6   0x00000000   Code   RO         4128    .ARM.Collect$$libinit$$0000002E  c_w.l(libinit2.o)
    0x080001e6   0x080001e6   0x00000000   Code   RO         4130    .ARM.Collect$$libinit$$00000030  c_w.l(libinit2.o)
    0x080001e6   0x080001e6   0x00000000   Code   RO         4132    .ARM.Collect$$libinit$$00000032  c_w.l(libinit2.o)
    0x080001e6   0x080001e6   0x00000002   Code   RO         4133    .ARM.Collect$$libinit$$00000033  c_w.l(libinit2.o)
    0x080001e8   0x080001e8   0x00000002   Code   RO         4155    .ARM.Collect$$libshutdown$$00000000  c_w.l(libshutdown.o)
    0x080001ea   0x080001ea   0x00000000   Code   RO         4165    .ARM.Collect$$libshutdown$$00000002  c_w.l(libshutdown2.o)
    0x080001ea   0x080001ea   0x00000000   Code   RO         4167    .ARM.Collect$$libshutdown$$00000004  c_w.l(libshutdown2.o)
    0x080001ea   0x080001ea   0x00000000   Code   RO         4170    .ARM.Collect$$libshutdown$$00000007  c_w.l(libshutdown2.o)
    0x080001ea   0x080001ea   0x00000000   Code   RO         4173    .ARM.Collect$$libshutdown$$0000000A  c_w.l(libshutdown2.o)
    0x080001ea   0x080001ea   0x00000000   Code   RO         4175    .ARM.Collect$$libshutdown$$0000000C  c_w.l(libshutdown2.o)
    0x080001ea   0x080001ea   0x00000000   Code   RO         4178    .ARM.Collect$$libshutdown$$0000000F  c_w.l(libshutdown2.o)
    0x080001ea   0x080001ea   0x00000002   Code   RO         4179    .ARM.Collect$$libshutdown$$00000010  c_w.l(libshutdown2.o)
    0x080001ec   0x080001ec   0x00000000   Code   RO         3998    .ARM.Collect$$rtentry$$00000000  c_w.l(__rtentry.o)
    0x080001ec   0x080001ec   0x00000000   Code   RO         4047    .ARM.Collect$$rtentry$$00000002  c_w.l(__rtentry2.o)
    0x080001ec   0x080001ec   0x00000006   Code   RO         4059    .ARM.Collect$$rtentry$$00000004  c_w.l(__rtentry4.o)
    0x080001f2   0x080001f2   0x00000000   Code   RO         4049    .ARM.Collect$$rtentry$$00000009  c_w.l(__rtentry2.o)
    0x080001f2   0x080001f2   0x00000004   Code   RO         4050    .ARM.Collect$$rtentry$$0000000A  c_w.l(__rtentry2.o)
    0x080001f6   0x080001f6   0x00000000   Code   RO         4052    .ARM.Collect$$rtentry$$0000000C  c_w.l(__rtentry2.o)
    0x080001f6   0x080001f6   0x00000008   Code   RO         4053    .ARM.Collect$$rtentry$$0000000D  c_w.l(__rtentry2.o)
    0x080001fe   0x080001fe   0x00000002   Code   RO         4087    .ARM.Collect$$rtexit$$00000000  c_w.l(rtexit.o)
    0x08000200   0x08000200   0x00000000   Code   RO         4137    .ARM.Collect$$rtexit$$00000002  c_w.l(rtexit2.o)
    0x08000200   0x08000200   0x00000004   Code   RO         4138    .ARM.Collect$$rtexit$$00000003  c_w.l(rtexit2.o)
    0x08000204   0x08000204   0x00000006   Code   RO         4139    .ARM.Collect$$rtexit$$00000004  c_w.l(rtexit2.o)
    0x0800020a   0x0800020a   0x00000002   PAD
    0x0800020c   0x0800020c   0x00000040   Code   RO          433  * .text               startup_stm32f10x_hd.o
    0x0800024c   0x0800024c   0x00000002   Code   RO         3910    .text               c_w.l(use_no_semi_2.o)
    0x0800024e   0x0800024e   0x00000010   Code   RO         3912    .text               c_w.l(aeabi_memset.o)
    0x0800025e   0x0800025e   0x00000044   Code   RO         3914    .text               c_w.l(rt_memclr.o)
    0x080002a2   0x080002a2   0x00000006   Code   RO         3916    .text               c_w.l(heapauxi.o)
    0x080002a8   0x080002a8   0x00000002   Code   RO         3996    .text               c_w.l(use_no_semi.o)
    0x080002aa   0x080002aa   0x00000016   Code   RO         3999    .text               c_w.l(_rserrno.o)
    0x080002c0   0x080002c0   0x0000004e   Code   RO         4001    .text               c_w.l(rt_memclr_w.o)
    0x0800030e   0x0800030e   0x00000002   PAD
    0x08000310   0x08000310   0x00000008   Code   RO         4064    .text               c_w.l(rt_errno_addr_intlibspace.o)
    0x08000318   0x08000318   0x00000008   Code   RO         4072    .text               c_w.l(libspace.o)
    0x08000320   0x08000320   0x0000004a   Code   RO         4075    .text               c_w.l(sys_stackheap_outer.o)
    0x0800036a   0x0800036a   0x00000012   Code   RO         4077    .text               c_w.l(exit.o)
    0x0800037c   0x0800037c   0x000003d8   Code   RO         1194    i.AT24CXX_Init      24c64.o
    0x08000754   0x08000754   0x00000070   Code   RO         1195    i.AT24CXX_Read      24c64.o
    0x080007c4   0x080007c4   0x00000070   Code   RO         1198    i.AT24CXX_Write     24c64.o
    0x08000834   0x08000834   0x00000056   Code   RO         1201    i.A_N_24C64         24c64.o
    0x0800088a   0x0800088a   0x00000002   PAD
    0x0800088c   0x0800088c   0x00000210   Code   RO         1202    i.BL_24c64          24c64.o
    0x08000a9c   0x08000a9c   0x00000004   Code   RO          177    i.BusFault_Handler  stm32f10x_it.o
    0x08000aa0   0x08000aa0   0x00000a8c   Code   RO         1089    i.CAN_Answer        setcs.o
    0x0800152c   0x0800152c   0x00000108   Code   RO         1683    i.CAN_FilterInit    stm32f10x_can.o
    0x08001634   0x08001634   0x00000114   Code   RO         1690    i.CAN_Init          stm32f10x_can.o
    0x08001748   0x08001748   0x0000001e   Code   RO         1691    i.CAN_MessagePending  stm32f10x_can.o
    0x08001766   0x08001766   0x00000002   PAD
    0x08001768   0x08001768   0x000000d0   Code   RO          437    i.CAN_Mode_Init     can.o
    0x08001838   0x08001838   0x000000f0   Code   RO         1693    i.CAN_Receive       stm32f10x_can.o
    0x08001928   0x08001928   0x0000031c   Code   RO         1090    i.CAN_SAVE          setcs.o
    0x08001c44   0x08001c44   0x0000009c   Code   RO          965    i.CAN_SET           pic.o
    0x08001ce0   0x08001ce0   0x00000126   Code   RO         1698    i.CAN_Transmit      stm32f10x_can.o
    0x08001e06   0x08001e06   0x00000002   PAD
    0x08001e08   0x08001e08   0x000000a0   Code   RO         1699    i.CAN_TransmitStatus  stm32f10x_can.o
    0x08001ea8   0x08001ea8   0x00000050   Code   RO          438    i.Can_Receive_Msg   can.o
    0x08001ef8   0x08001ef8   0x0000007c   Code   RO          439    i.Can_Send_Msg      can.o
    0x08001f74   0x08001f74   0x00000002   Code   RO          178    i.DebugMon_Handler  stm32f10x_it.o
    0x08001f76   0x08001f76   0x00000002   PAD
    0x08001f78   0x08001f78   0x0000003c   Code   RO          560    i.EXTI1_IRQHandler  timer.o
    0x08001fb4   0x08001fb4   0x00000028   Code   RO         1969    i.EXTI_GetITStatus  stm32f10x_exti.o
    0x08001fdc   0x08001fdc   0x000000c8   Code   RO          966    i.FIRST             pic.o
    0x080020a4   0x080020a4   0x00000510   Code   RO          967    i.FIRST_2           pic.o
    0x080025b4   0x080025b4   0x00000060   Code   RO          968    i.FIVE              pic.o
    0x08002614   0x08002614   0x00000088   Code   RO          969    i.FOUR              pic.o
    0x0800269c   0x0800269c   0x000000ac   Code   RO         1385    i.GP8302            gp8302 .o
    0x08002748   0x08002748   0x00000048   Code   RO         1386    i.GP8302_Init       gp8302 .o
    0x08002790   0x08002790   0x0000003e   Code   RO         1387    i.GP8302_Read       gp8302 .o
    0x080027ce   0x080027ce   0x00000002   PAD
    0x080027d0   0x080027d0   0x00000038   Code   RO         1388    i.GP8802_Ack        gp8302 .o
    0x08002808   0x08002808   0x0000004c   Code   RO         1390    i.GP8802_Send_Byte  gp8302 .o
    0x08002854   0x08002854   0x00000044   Code   RO         1391    i.GP8802_Start      gp8302 .o
    0x08002898   0x08002898   0x00000040   Code   RO         1392    i.GP8802_Stop       gp8302 .o
    0x080028d8   0x080028d8   0x00000116   Code   RO         2024    i.GPIO_Init         stm32f10x_gpio.o
    0x080029ee   0x080029ee   0x00000002   PAD
    0x080029f0   0x080029f0   0x00000090   Code   RO         2026    i.GPIO_PinRemapConfig  stm32f10x_gpio.o
    0x08002a80   0x08002a80   0x00000012   Code   RO         2028    i.GPIO_ReadInputDataBit  stm32f10x_gpio.o
    0x08002a92   0x08002a92   0x00000004   Code   RO         2031    i.GPIO_ResetBits    stm32f10x_gpio.o
    0x08002a96   0x08002a96   0x00000004   Code   RO         2032    i.GPIO_SetBits      stm32f10x_gpio.o
    0x08002a9a   0x08002a9a   0x000000b0   Code   RO          650    i.GUI_DrawLine      gui.o
    0x08002b4a   0x08002b4a   0x0000004a   Code   RO          652    i.GUI_DrawRectangle  gui.o
    0x08002b94   0x08002b94   0x00000194   Code   RO          654    i.GUI_Draw_sin      gui.o
    0x08002d28   0x08002d28   0x0000006a   Code   RO          659    i.GUI_ShowCHinese   gui.o
    0x08002d92   0x08002d92   0x00000002   PAD
    0x08002d94   0x08002d94   0x000001fc   Code   RO          660    i.GUI_ShowChar      gui.o
    0x08002f90   0x08002f90   0x000000f0   Code   RO          661    i.GUI_ShowFont16    gui.o
    0x08003080   0x08003080   0x00000104   Code   RO          662    i.GUI_ShowFont24    gui.o
    0x08003184   0x08003184   0x000000f8   Code   RO          663    i.GUI_ShowFont32    gui.o
    0x0800327c   0x0800327c   0x000000b0   Code   RO          664    i.GUI_ShowNum       gui.o
    0x0800332c   0x0800332c   0x00000106   Code   RO          668    i.GUI_ShowNum_WD    gui.o
    0x08003432   0x08003432   0x00000090   Code   RO          669    i.GUI_ShowString    gui.o
    0x080034c2   0x080034c2   0x00000004   Code   RO          179    i.HardFault_Handler  stm32f10x_it.o
    0x080034c6   0x080034c6   0x00000002   PAD
    0x080034c8   0x080034c8   0x0000004c   Code   RO          469    i.I1C_Ack           myiic.o
    0x08003514   0x08003514   0x00000034   Code   RO          470    i.I1C_Init          myiic.o
    0x08003548   0x08003548   0x0000004c   Code   RO          471    i.I1C_NAck          myiic.o
    0x08003594   0x08003594   0x00000058   Code   RO          472    i.I1C_Read_Byte     myiic.o
    0x080035ec   0x080035ec   0x00000060   Code   RO          473    i.I1C_Send_Byte     myiic.o
    0x0800364c   0x0800364c   0x0000005c   Code   RO          474    i.I1C_Start         myiic.o
    0x080036a8   0x080036a8   0x00000058   Code   RO          475    i.I1C_Stop          myiic.o
    0x08003700   0x08003700   0x00000044   Code   RO          476    i.I1C_Wait_Ack      myiic.o
    0x08003744   0x08003744   0x0000002c   Code   RO          529    i.KEY_Init          key.o
    0x08003770   0x08003770   0x0000006c   Code   RO          530    i.KEY_Scan          key.o
    0x080037dc   0x080037dc   0x0000002c   Code   RO         1129    i.LED_Init          led.o
    0x08003808   0x08003808   0x000000c4   Code   RO          561    i.LJLL_Data         timer.o
    0x080038cc   0x080038cc   0x0000009c   Code   RO          970    i.MENU              pic.o
    0x08003968   0x08003968   0x00000078   Code   RO          562    i.Made_Data         timer.o
    0x080039e0   0x080039e0   0x00000004   Code   RO          180    i.MemManage_Handler  stm32f10x_it.o
    0x080039e4   0x080039e4   0x00000002   Code   RO          181    i.NMI_Handler       stm32f10x_it.o
    0x080039e6   0x080039e6   0x00000046   Code   RO          671    i.NUM_A             gui.o
    0x08003a2c   0x08003a2c   0x00000070   Code   RO         1641    i.NVIC_Init         misc.o
    0x08003a9c   0x08003a9c   0x00000014   Code   RO         1642    i.NVIC_PriorityGroupConfig  misc.o
    0x08003ab0   0x08003ab0   0x00000024   Code   RO          563    i.N_A               timer.o
    0x08003ad4   0x08003ad4   0x00000028   Code   RO          888    i.OLED_Clear        oled.o
    0x08003afc   0x08003afc   0x00000048   Code   RO          889    i.OLED_Display      oled.o
    0x08003b44   0x08003b44   0x0000001c   Code   RO          890    i.OLED_Display_Off  oled.o
    0x08003b60   0x08003b60   0x0000001c   Code   RO          891    i.OLED_Display_On   oled.o
    0x08003b7c   0x08003b7c   0x000000fe   Code   RO          892    i.OLED_Init         oled.o
    0x08003c7a   0x08003c7a   0x00000002   PAD
    0x08003c7c   0x08003c7c   0x00000034   Code   RO          893    i.OLED_Init_GPIO    oled.o
    0x08003cb0   0x08003cb0   0x0000002c   Code   RO          894    i.OLED_Reset        oled.o
    0x08003cdc   0x08003cdc   0x00000080   Code   RO          895    i.OLED_Set_Pixel    oled.o
    0x08003d5c   0x08003d5c   0x0000003c   Code   RO          897    i.OLED_WR_Byte      oled.o
    0x08003d98   0x08003d98   0x000000c0   Code   RO          971    i.ONE               pic.o
    0x08003e58   0x08003e58   0x00000058   Code   RO          564    i.PVD_IRQHandler    timer.o
    0x08003eb0   0x08003eb0   0x00000002   Code   RO          182    i.PendSV_Handler    stm32f10x_it.o
    0x08003eb2   0x08003eb2   0x00000002   PAD
    0x08003eb4   0x08003eb4   0x0000007c   Code   RO          972    i.QJHM              pic.o
    0x08003f30   0x08003f30   0x00000046   Code   RO         3823    i.QingJiao_19200    mport.o
    0x08003f76   0x08003f76   0x00000002   PAD
    0x08003f78   0x08003f78   0x00000044   Code   RO         3824    i.QingJiao_F        mport.o
    0x08003fbc   0x08003fbc   0x00000020   Code   RO         2380    i.RCC_APB1PeriphClockCmd  stm32f10x_rcc.o
    0x08003fdc   0x08003fdc   0x00000020   Code   RO         2382    i.RCC_APB2PeriphClockCmd  stm32f10x_rcc.o
    0x08003ffc   0x08003ffc   0x000000d4   Code   RO         2390    i.RCC_GetClocksFreq  stm32f10x_rcc.o
    0x080040d0   0x080040d0   0x0000002c   Code   RO         1395    i.SDA8302_OUT       gp8302 .o
    0x080040fc   0x080040fc   0x0000002c   Code   RO          477    i.SDA_IN            myiic.o
    0x08004128   0x08004128   0x00001168   Code   RO         1091    i.SET_COME          setcs.o
    0x08005290   0x08005290   0x0000003c   Code   RO         1092    i.SET_IN            setcs.o
    0x080052cc   0x080052cc   0x00000028   Code   RO          973    i.SEV               pic.o
    0x080052f4   0x080052f4   0x000000a8   Code   RO          974    i.SIX               pic.o
    0x0800539c   0x0800539c   0x00000098   Code   RO         1163    i.SPI1_Init         spi.o
    0x08005434   0x08005434   0x00000018   Code   RO         2673    i.SPI_Cmd           stm32f10x_spi.o
    0x0800544c   0x0800544c   0x0000003c   Code   RO         2686    i.SPI_Init          stm32f10x_spi.o
    0x08005488   0x08005488   0x00000022   Code   RO         1166    i.SPI_WriteByte     spi.o
    0x080054aa   0x080054aa   0x00000002   Code   RO          183    i.SVC_Handler       stm32f10x_it.o
    0x080054ac   0x080054ac   0x00000008   Code   RO          240    i.SetSysClock       system_stm32f10x.o
    0x080054b4   0x080054b4   0x000000e0   Code   RO          241    i.SetSysClockTo72   system_stm32f10x.o
    0x08005594   0x08005594   0x00000028   Code   RO         1645    i.SysTick_CLKSourceConfig  misc.o
    0x080055bc   0x080055bc   0x00000002   Code   RO          184    i.SysTick_Handler   stm32f10x_it.o
    0x080055be   0x080055be   0x00000002   PAD
    0x080055c0   0x080055c0   0x00000060   Code   RO          243    i.SystemInit        system_stm32f10x.o
    0x08005620   0x08005620   0x00000088   Code   RO          975    i.THERR             pic.o
    0x080056a8   0x080056a8   0x000000a4   Code   RO          567    i.TIM4_IRQHandler   timer.o
    0x0800574c   0x0800574c   0x00000060   Code   RO          568    i.TIM4_init         timer.o
    0x080057ac   0x080057ac   0x00000006   Code   RO         2823    i.TIM_ClearITPendingBit  stm32f10x_tim.o
    0x080057b2   0x080057b2   0x00000018   Code   RO         2828    i.TIM_Cmd           stm32f10x_tim.o
    0x080057ca   0x080057ca   0x00000022   Code   RO         2849    i.TIM_GetITStatus   stm32f10x_tim.o
    0x080057ec   0x080057ec   0x00000012   Code   RO         2853    i.TIM_ITConfig      stm32f10x_tim.o
    0x080057fe   0x080057fe   0x00000002   PAD
    0x08005800   0x08005800   0x000000a4   Code   RO         2899    i.TIM_TimeBaseInit  stm32f10x_tim.o
    0x080058a4   0x080058a4   0x00000070   Code   RO         1265    i.TM7705_CalibSelf  tm7707.o
    0x08005914   0x08005914   0x0000000e   Code   RO         1266    i.TM7705_Delay      tm7707.o
    0x08005922   0x08005922   0x00000002   PAD
    0x08005924   0x08005924   0x0000005c   Code   RO         1268    i.TM7705_Read3Byte  tm7707.o
    0x08005980   0x08005980   0x0000004c   Code   RO         1272    i.TM7705_Recive8Bit  tm7707.o
    0x080059cc   0x080059cc   0x00000054   Code   RO         1273    i.TM7705_Send8Bit   tm7707.o
    0x08005a20   0x08005a20   0x00000068   Code   RO         1277    i.TM7705_WaitDRDY   tm7707.o
    0x08005a88   0x08005a88   0x00000044   Code   RO         1279    i.TM7705_WriteByte  tm7707.o
    0x08005acc   0x08005acc   0x00000058   Code   RO         1281    i.TM7707_init       tm7707.o
    0x08005b24   0x08005b24   0x0000010c   Code   RO          672    i.TP1000_ohm        gui.o
    0x08005c30   0x08005c30   0x00000040   Code   RO          674    i.TP1000_wd_        gui.o
    0x08005c70   0x08005c70   0x00000088   Code   RO          976    i.TWO               pic.o
    0x08005cf8   0x08005cf8   0x00000100   Code   RO         3825    i.USART1_IRQHandler  mport.o
    0x08005df8   0x08005df8   0x00000018   Code   RO         1465    i.USART_Cmd         stm32f10x_usart.o
    0x08005e10   0x08005e10   0x0000004a   Code   RO         1471    i.USART_ITConfig    stm32f10x_usart.o
    0x08005e5a   0x08005e5a   0x00000002   PAD
    0x08005e5c   0x08005e5c   0x000000d8   Code   RO         1472    i.USART_Init        stm32f10x_usart.o
    0x08005f34   0x08005f34   0x00000004   Code   RO          185    i.UsageFault_Handler  stm32f10x_it.o
    0x08005f38   0x08005f38   0x000000cc   Code   RO          675    i.YS_CY             gui.o
    0x08006004   0x08006004   0x00000084   Code   RO          676    i.YS_LJ             gui.o
    0x08006088   0x08006088   0x00000360   Code   RO          677    i.YS_LL             gui.o
    0x080063e8   0x080063e8   0x00000094   Code   RO          678    i.YS_WD             gui.o
    0x0800647c   0x0800647c   0x00000034   Code   RO          679    i.YS_YM             gui.o
    0x080064b0   0x080064b0   0x0000015c   Code   RO          680    i.YS_YS             gui.o
    0x0800660c   0x0800660c   0x00000048   Code   RO         1282    i._7707_REST        tm7707.o
    0x08006654   0x08006654   0x00000028   Code   RO         4068    i.__ARM_fpclassify  m_ws.l(fpclassify.o)
    0x0800667c   0x0800667c   0x00000388   Code   RO         4035    i.__ieee754_rem_pio2  m_ws.l(rred.o)
    0x08006a04   0x08006a04   0x000000fc   Code   RO         4018    i.__kernel_cos      m_ws.l(cos_i.o)
    0x08006b00   0x08006b00   0x000000aa   Code   RO         4070    i.__kernel_poly     m_ws.l(poly.o)
    0x08006baa   0x08006baa   0x00000002   PAD
    0x08006bac   0x08006bac   0x000000ec   Code   RO         4040    i.__kernel_sin      m_ws.l(sin_i.o)
    0x08006c98   0x08006c98   0x00000006   Code   RO         4022    i.__mathlib_dbl_infnan  m_ws.l(dunder.o)
    0x08006c9e   0x08006c9e   0x0000000c   Code   RO         4024    i.__mathlib_dbl_invalid  m_ws.l(dunder.o)
    0x08006caa   0x08006caa   0x00000002   PAD
    0x08006cac   0x08006cac   0x00000010   Code   RO         4027    i.__mathlib_dbl_underflow  m_ws.l(dunder.o)
    0x08006cbc   0x08006cbc   0x00000004   Code   RO          359    i._sys_exit         usart.o
    0x08006cc0   0x08006cc0   0x0000009c   Code   RO         3973    i.cos               m_ws.l(cos.o)
    0x08006d5c   0x08006d5c   0x00000044   Code   RO          274    i.delay_init        delay.o
    0x08006da0   0x08006da0   0x0000004c   Code   RO          275    i.delay_ms          delay.o
    0x08006dec   0x08006dec   0x0000004c   Code   RO          276    i.delay_us          delay.o
    0x08006e38   0x08006e38   0x00000754   Code   RO            1    i.main              main.o
    0x0800758c   0x0800758c   0x00000030   Code   RO         3827    i.mp_send_data      mport.o
    0x080075bc   0x080075bc   0x00000016   Code   RO          684    i.mypow             gui.o
    0x080075d2   0x080075d2   0x00000002   PAD
    0x080075d4   0x080075d4   0x000000a0   Code   RO         3981    i.sin               m_ws.l(sin.o)
    0x08007674   0x08007674   0x0000004c   Code   RO         3989    i.sqrt              m_ws.l(sqrt.o)
    0x080076c0   0x080076c0   0x000000a0   Code   RO          362    i.uart_init         usart.o
    0x08007760   0x08007760   0x00000150   Code   RO         3920    x$fpl$dadd          fz_ws.l(daddsub_clz.o)
    0x080078b0   0x080078b0   0x00000010   Code   RO         4085    x$fpl$dcheck1       fz_ws.l(dcheck1.o)
    0x080078c0   0x080078c0   0x00000018   Code   RO         4003    x$fpl$dcmpinf       fz_ws.l(dcmpi.o)
    0x080078d8   0x080078d8   0x000002b0   Code   RO         3927    x$fpl$ddiv          fz_ws.l(ddiv.o)
    0x08007b88   0x08007b88   0x00000078   Code   RO         3930    x$fpl$deqf          fz_ws.l(deqf.o)
    0x08007c00   0x08007c00   0x0000005e   Code   RO         3932    x$fpl$dfix          fz_ws.l(dfix.o)
    0x08007c5e   0x08007c5e   0x00000002   PAD
    0x08007c60   0x08007c60   0x0000005a   Code   RO         3936    x$fpl$dfixu         fz_ws.l(dfixu.o)
    0x08007cba   0x08007cba   0x0000002e   Code   RO         3941    x$fpl$dflt          fz_ws.l(dflt_clz.o)
    0x08007ce8   0x08007ce8   0x00000026   Code   RO         3940    x$fpl$dfltu         fz_ws.l(dflt_clz.o)
    0x08007d0e   0x08007d0e   0x00000002   PAD
    0x08007d10   0x08007d10   0x00000154   Code   RO         3946    x$fpl$dmul          fz_ws.l(dmul.o)
    0x08007e64   0x08007e64   0x0000009c   Code   RO         4007    x$fpl$dnaninf       fz_ws.l(dnaninf.o)
    0x08007f00   0x08007f00   0x0000000c   Code   RO         4009    x$fpl$dretinf       fz_ws.l(dretinf.o)
    0x08007f0c   0x08007f0c   0x00000016   Code   RO         3921    x$fpl$drsb          fz_ws.l(daddsub_clz.o)
    0x08007f22   0x08007f22   0x00000002   PAD
    0x08007f24   0x08007f24   0x000001cc   Code   RO         4011    x$fpl$dsqrt         fz_ws.l(dsqrt_noumaal.o)
    0x080080f0   0x080080f0   0x000001d4   Code   RO         3922    x$fpl$dsub          fz_ws.l(daddsub_clz.o)
    0x080082c4   0x080082c4   0x00000056   Code   RO         3948    x$fpl$f2d           fz_ws.l(f2d.o)
    0x0800831a   0x0800831a   0x00000002   PAD
    0x0800831c   0x0800831c   0x000000c4   Code   RO         3950    x$fpl$fadd          fz_ws.l(faddsub_clz.o)
    0x080083e0   0x080083e0   0x00000184   Code   RO         3957    x$fpl$fdiv          fz_ws.l(fdiv.o)
    0x08008564   0x08008564   0x00000036   Code   RO         3960    x$fpl$ffix          fz_ws.l(ffix.o)
    0x0800859a   0x0800859a   0x00000002   PAD
    0x0800859c   0x0800859c   0x00000030   Code   RO         3965    x$fpl$fflt          fz_ws.l(fflt_clz.o)
    0x080085cc   0x080085cc   0x00000102   Code   RO         3970    x$fpl$fmul          fz_ws.l(fmul.o)
    0x080086ce   0x080086ce   0x0000008c   Code   RO         4013    x$fpl$fnaninf       fz_ws.l(fnaninf.o)
    0x0800875a   0x0800875a   0x0000000a   Code   RO         4015    x$fpl$fretinf       fz_ws.l(fretinf.o)
    0x08008764   0x08008764   0x000000ea   Code   RO         3952    x$fpl$fsub          fz_ws.l(faddsub_clz.o)
    0x0800884e   0x0800884e   0x00000064   Code   RO         4134    x$fpl$retnan        fz_ws.l(retnan.o)
    0x080088b2   0x080088b2   0x0000005c   Code   RO         4066    x$fpl$scalbn        fz_ws.l(scalbn.o)
    0x0800890e   0x0800890e   0x00000030   Code   RO         4147    x$fpl$trapveneer    fz_ws.l(trapv.o)
    0x0800893e   0x0800893e   0x00000000   Code   RO         4017    x$fpl$usenofp       fz_ws.l(usenofp.o)
    0x0800893e   0x0800893e   0x00001d6e   Data   RO          686    .constdata          gui.o
    0x0800a6ac   0x0800a6ac   0x00000004   PAD
    0x0800a6b0   0x0800a6b0   0x00000030   Data   RO         4019    .constdata          m_ws.l(cos_i.o)
    0x0800a6e0   0x0800a6e0   0x000000c8   Data   RO         4037    .constdata          m_ws.l(rred.o)
    0x0800a7a8   0x0800a7a8   0x00000028   Data   RO         4041    .constdata          m_ws.l(sin_i.o)
    0x0800a7d0   0x0800a7d0   0x00000020   Data   RO         4211    Region$$Table       anon$$obj.o


    Execution Region ER_RW (Exec base: 0x20000000, Load base: 0x0800a7f0, Size: 0x00000208, Max: 0xffffffff, ABSOLUTE, COMPRESSED[0x000000d8])

    Exec Addr    Load Addr    Size         Type   Attr      Idx    E Section Name        Object

    0x20000000   COMPRESSED   0x00000072   Data   RW            3    .data               main.o
    0x20000072   COMPRESSED   0x00000002   PAD
    0x20000074   COMPRESSED   0x00000014   Data   RW          244    .data               system_stm32f10x.o
    0x20000088   COMPRESSED   0x00000004   Data   RW          277    .data               delay.o
    0x2000008c   COMPRESSED   0x00000004   Data   RW          440    .data               can.o
    0x20000090   COMPRESSED   0x0000001b   Data   RW          570    .data               timer.o
    0x200000ab   COMPRESSED   0x00000001   PAD
    0x200000ac   COMPRESSED   0x000000e2   Data   RW          687    .data               gui.o
    0x2000018e   COMPRESSED   0x00000002   PAD
    0x20000190   COMPRESSED   0x0000002f   Data   RW         1093    .data               setcs.o
    0x200001bf   COMPRESSED   0x00000001   PAD
    0x200001c0   COMPRESSED   0x00000010   Data   RW         1203    .data               24c64.o
    0x200001d0   COMPRESSED   0x00000004   Data   RW         1283    .data               tm7707.o
    0x200001d4   COMPRESSED   0x00000004   Data   RW         1396    .data               gp8302 .o
    0x200001d8   COMPRESSED   0x00000014   Data   RW         2410    .data               stm32f10x_rcc.o
    0x200001ec   COMPRESSED   0x00000012   Data   RW         3828    .data               mport.o
    0x200001fe   COMPRESSED   0x00000002   PAD
    0x20000200   COMPRESSED   0x00000008   Data   RW         3867    .data               protocol.o


    Execution Region ER_ZI (Exec base: 0x20000208, Load base: 0x0800a8c8, Size: 0x00000ab0, Max: 0xffffffff, ABSOLUTE)

    Exec Addr    Load Addr    Size         Type   Attr      Idx    E Section Name        Object

    0x20000208        -       0x00000028   Zero   RW            2    .bss                main.o
    0x20000230        -       0x00000028   Zero   RW          685    .bss                gui.o
    0x20000258        -       0x00000400   Zero   RW          898    .bss                oled.o
    0x20000658        -       0x00000060   Zero   RW         4073    .bss                c_w.l(libspace.o)
    0x200006b8        -       0x00000200   Zero   RW          431    HEAP                startup_stm32f10x_hd.o
    0x200008b8        -       0x00000400   Zero   RW          430    STACK               startup_stm32f10x_hd.o



  Load Region LR$$.ARM.__AT_0x68000000 (Base: 0x68000000, Size: 0x00000000, Max: 0x000f0000, ABSOLUTE)

    Execution Region ER$$.ARM.__AT_0x68000000 (Exec base: 0x68000000, Load base: 0x68000000, Size: 0x000f0000, Max: 0x000f0000, ABSOLUTE, UNINIT)

    Exec Addr    Load Addr    Size         Type   Attr      Idx    E Section Name        Object

    0x68000000        -       0x000f0000   Zero   RW         3729    .ARM.__AT_0x68000000  malloc.o



  Load Region LR$$.ARM.__AT_0x680F0000 (Base: 0x680f0000, Size: 0x00000000, Max: 0x0000f000, ABSOLUTE)

    Execution Region ER$$.ARM.__AT_0x680F0000 (Exec base: 0x680f0000, Load base: 0x680f0000, Size: 0x0000f000, Max: 0x0000f000, ABSOLUTE, UNINIT)

    Exec Addr    Load Addr    Size         Type   Attr      Idx    E Section Name        Object

    0x680f0000        -       0x0000f000   Zero   RW         3730    .ARM.__AT_0x680F0000  malloc.o


==============================================================================

Image component sizes


      Code (inc. data)   RO Data    RW Data    ZI Data      Debug   Object Name

      1822         84          0         16          0       4756   24c64.o
       412         30          0          4          0       2993   can.o
       220         26          0          4          0     213295   delay.o
       614         72          0          4          0       4455   gp8302 .o
      4770        254       7534        226         40      18873   gui.o
       152         10          0          0          0       1022   key.o
        44          4          0          0          0        475   led.o
      1876        166          0        114         40     260259   main.o
         0          0          0          0    1044480       1609   malloc.o
       172         22          0          0          0       1949   misc.o
       442         34          0         18          0       2902   mport.o
       680         76          0          0          0       4683   myiic.o
       706         32          0          0       1024       5395   oled.o
      2836        708          0          0          0       5984   pic.o
         0          0          0          8          0       1181   protocol.o
      8012        322          0         47          0       7038   setcs.o
       186          8          0          0          0       1436   spi.o
        64         26        304          0       1536        800   startup_stm32f10x_hd.o
      1264         28          0          0          0       4959   stm32f10x_can.o
        40          6          0          0          0        587   stm32f10x_exti.o
       448          6          0          0          0       4330   stm32f10x_gpio.o
        26          0          0          0          0       3658   stm32f10x_it.o
       276         32          0         20          0       4322   stm32f10x_rcc.o
        84          0          0          0          0       2045   stm32f10x_spi.o
       246         42          0          0          0       3394   stm32f10x_tim.o
       314          6          0          0          0       3574   stm32f10x_usart.o
         0          0          0          0          0         32   sys.o
       328         28          0         20          0       2057   system_stm32f10x.o
       760        100          0         27          0       5301   timer.o
       710         64          0          4          0       5136   tm7707.o
       164          8          0          0          0       1152   usart.o

    ----------------------------------------------------------------------
     27700       2194       7874        520    1047120     579652   Object Totals
         0          0         32          0          0          0   (incl. Generated)
        32          0          4          8          0          0   (incl. Padding)

    ----------------------------------------------------------------------

      Code (inc. data)   RO Data    RW Data    ZI Data      Debug   Library Member Name

        90          0          0          0          0          0   __dczerorl2.o
         8          0          0          0          0         68   __main.o
         0          0          0          0          0          0   __rtentry.o
        12          0          0          0          0          0   __rtentry2.o
         6          0          0          0          0          0   __rtentry4.o
        52          8          0          0          0          0   __scatter.o
        28          0          0          0          0          0   __scatter_zi.o
        22          0          0          0          0        100   _rserrno.o
        16          0          0          0          0         68   aeabi_memset.o
        18          0          0          0          0         80   exit.o
         6          0          0          0          0        152   heapauxi.o
         2          0          0          0          0          0   libinit.o
         2          0          0          0          0          0   libinit2.o
         2          0          0          0          0          0   libshutdown.o
         2          0          0          0          0          0   libshutdown2.o
         8          4          0          0         96         68   libspace.o
         8          4          0          0          0         68   rt_errno_addr_intlibspace.o
        68          0          0          0          0         68   rt_memclr.o
        78          0          0          0          0         80   rt_memclr_w.o
         2          0          0          0          0          0   rtexit.o
        10          0          0          0          0          0   rtexit2.o
        74          0          0          0          0         80   sys_stackheap_outer.o
         2          0          0          0          0         68   use_no_semi.o
         2          0          0          0          0         68   use_no_semi_2.o
       826         16          0          0          0        348   daddsub_clz.o
        16          4          0          0          0         68   dcheck1.o
        24          0          0          0          0         68   dcmpi.o
       688        140          0          0          0        208   ddiv.o
       120          4          0          0          0         92   deqf.o
        94          4          0          0          0         92   dfix.o
        90          4          0          0          0         92   dfixu.o
        84          0          0          0          0        136   dflt_clz.o
       340         12          0          0          0        104   dmul.o
       156          4          0          0          0         92   dnaninf.o
        12          0          0          0          0         68   dretinf.o
       460         56          0          0          0        120   dsqrt_noumaal.o
        86          4          0          0          0         84   f2d.o
       430          8          0          0          0        168   faddsub_clz.o
       388         76          0          0          0         96   fdiv.o
        54          4          0          0          0         84   ffix.o
        48          0          0          0          0         68   fflt_clz.o
       258          4          0          0          0         84   fmul.o
       140          4          0          0          0         84   fnaninf.o
        10          0          0          0          0         68   fretinf.o
       100          0          0          0          0         68   retnan.o
        92          0          0          0          0         68   scalbn.o
        48          0          0          0          0         68   trapv.o
         0          0          0          0          0          0   usenofp.o
       156          8          0          0          0        104   cos.o
       252         22         48          0          0        124   cos_i.o
        34          6          0          0          0        204   dunder.o
        40          0          0          0          0         68   fpclassify.o
       170          0          0          0          0         96   poly.o
       904         76        200          0          0        140   rred.o
       160         10          0          0          0        108   sin.o
       236         12         40          0          0        128   sin_i.o
        76          0          0          0          0         84   sqrt.o

    ----------------------------------------------------------------------
      7130        494        288          0         96       4452   Library Totals
        20          0          0          0          0          0   (incl. Padding)

    ----------------------------------------------------------------------

      Code (inc. data)   RO Data    RW Data    ZI Data      Debug   Library Name

       518         16          0          0         96        968   c_w.l
      4564        344          0          0          0       2428   fz_ws.l
      2028        134        288          0          0       1056   m_ws.l

    ----------------------------------------------------------------------
      7130        494        288          0         96       4452   Library Totals

    ----------------------------------------------------------------------

==============================================================================


      Code (inc. data)   RO Data    RW Data    ZI Data      Debug   

     34830       2688       8162        520    1047216     574584   Grand Totals
     34830       2688       8162        216    1047216     574584   ELF Image Totals (compressed)
     34830       2688       8162        216          0          0   ROM Totals

==============================================================================

    Total RO  Size (Code + RO Data)                42992 (  41.98kB)
    Total RW  Size (RW Data + ZI Data)           1047736 (1023.18kB)
    Total ROM Size (Code + RO Data + RW Data)      43208 (  42.20kB)

==============================================================================

