Component: ARM Compiler 5.05 update 1 (build 106) Tool: armlink [4d0efa]

==============================================================================

Section Cross References

    main.o(i.main) refers to delay.o(i.delay_init) for delay_init
    main.o(i.main) refers to oled.o(i.OLED_Init) for OLED_Init
    main.o(i.main) refers to gui.o(i.GUI_ShowCHinese) for GUI_ShowCHinese
    main.o(i.main) refers to misc.o(i.NVIC_PriorityGroupConfig) for NVIC_PriorityGroupConfig
    main.o(i.main) refers to usart.o(i.uart_init) for uart_init
    main.o(i.main) refers to mport.o(i.QingJiao_19200) for QingJiao_19200
    main.o(i.main) refers to led.o(i.LED_Init) for LED_Init
    main.o(i.main) refers to key.o(i.KEY_Init) for KEY_Init
    main.o(i.main) refers to 24c64.o(i.AT24CXX_Init) for AT24CXX_Init
    main.o(i.main) refers to gp8302 .o(i.GP8302_Init) for GP8302_Init
    main.o(i.main) refers to tm7707.o(i.TM7707_init) for TM7707_init
    main.o(i.main) refers to pic.o(i.FIRST) for FIRST
    main.o(i.main) refers to timer.o(i.TIM4_init) for TIM4_init
    main.o(i.main) refers to can.o(i.CAN_Mode_Init) for CAN_Mode_Init
    main.o(i.main) refers to pic.o(i.OLED_error) for OLED_error
    main.o(i.main) refers to timer.o(i.Made_Data) for Made_Data
    main.o(i.main) refers to delay.o(i.delay_ms) for delay_ms
    main.o(i.main) refers to key.o(i.KEY_Scan) for KEY_Scan
    main.o(i.main) refers to can.o(i.Can_Receive_Msg) for Can_Receive_Msg
    main.o(i.main) refers to 24c64.o(i.BL_24c64) for BL_24c64
    main.o(i.main) refers to setcs.o(i.CAN_Answer) for CAN_Answer
    main.o(i.main) refers to setcs.o(i.CAN_SAVE) for CAN_SAVE
    main.o(i.main) refers to setcs.o(i.SET_IN) for SET_IN
    main.o(i.main) refers to pic.o(i.FIRST_2) for FIRST_2
    main.o(i.main) refers to gui.o(i.GUI_ShowString) for GUI_ShowString
    main.o(i.main) refers to gui.o(i.CY_zero) for CY_zero
    main.o(i.main) refers to gui.o(i.CY_zero_1) for CY_zero_1
    main.o(i.main) refers to 24c64.o(i.LJ_zero) for LJ_zero
    main.o(i.main) refers to gui.o(i.GUI_ShowNum) for GUI_ShowNum
    main.o(i.main) refers to setcs.o(.data) for ljks
    main.o(i.main) refers to main.o(.data) for run
    main.o(i.main) refers to timer.o(.data) for slj30
    main.o(i.main) refers to gui.o(.data) for WD_M
    main.o(i.main) refers to gui.o(i.GUI_ShowNum_WD) for GUI_ShowNum_WD
    main.o(i.main) refers to 24c64.o(.data) for NIAN
    main.o(i.main) refers to tm7707.o(.data) for error
    main.o(i.main) refers to setcs.o(i.SET_COME) for SET_COME
    main.o(i.main) refers to timer.o(i.LJLL_Data) for LJLL_Data
    main.o(i.main) refers to can.o(i.Can_Send_Msg) for Can_Send_Msg
    main.o(i.main) refers to can.o(.data) for myid
    system_stm32f10x.o(i.SetSysClock) refers to system_stm32f10x.o(i.SetSysClockTo72) for SetSysClockTo72
    system_stm32f10x.o(i.SystemCoreClockUpdate) refers to system_stm32f10x.o(.data) for SystemCoreClock
    system_stm32f10x.o(i.SystemInit) refers to system_stm32f10x.o(i.SetSysClock) for SetSysClock
    delay.o(i.delay_init) refers to misc.o(i.SysTick_CLKSourceConfig) for SysTick_CLKSourceConfig
    delay.o(i.delay_init) refers to system_stm32f10x.o(.data) for SystemCoreClock
    delay.o(i.delay_init) refers to delay.o(.data) for fac_us
    delay.o(i.delay_ms) refers to delay.o(.data) for fac_ms
    delay.o(i.delay_us) refers to delay.o(.data) for fac_us
    usart.o(i.Usart_SendArray) refers (Special) to use_no_semi_2.o(.text) for __use_no_semihosting
    usart.o(i.Usart_SendArray) refers to usart.o(i.Usart_SendByte) for Usart_SendByte
    usart.o(i.Usart_SendArray) refers to stm32f10x_usart.o(i.USART_GetFlagStatus) for USART_GetFlagStatus
    usart.o(i.Usart_SendByte) refers (Special) to use_no_semi_2.o(.text) for __use_no_semihosting
    usart.o(i.Usart_SendByte) refers to stm32f10x_usart.o(i.USART_SendData) for USART_SendData
    usart.o(i.Usart_SendByte) refers to stm32f10x_usart.o(i.USART_GetFlagStatus) for USART_GetFlagStatus
    usart.o(i.Usart_SendHalfWord) refers (Special) to use_no_semi_2.o(.text) for __use_no_semihosting
    usart.o(i.Usart_SendHalfWord) refers to stm32f10x_usart.o(i.USART_SendData) for USART_SendData
    usart.o(i.Usart_SendHalfWord) refers to stm32f10x_usart.o(i.USART_GetFlagStatus) for USART_GetFlagStatus
    usart.o(i.Usart_SendString) refers (Special) to use_no_semi_2.o(.text) for __use_no_semihosting
    usart.o(i.Usart_SendString) refers to usart.o(i.Usart_SendByte) for Usart_SendByte
    usart.o(i.Usart_SendString) refers to stm32f10x_usart.o(i.USART_GetFlagStatus) for USART_GetFlagStatus
    usart.o(i._sys_exit) refers (Special) to use_no_semi_2.o(.text) for __use_no_semihosting
    usart.o(i.fgetc) refers (Special) to use_no_semi_2.o(.text) for __use_no_semihosting
    usart.o(i.fgetc) refers to stm32f10x_usart.o(i.USART_GetFlagStatus) for USART_GetFlagStatus
    usart.o(i.fgetc) refers to stm32f10x_usart.o(i.USART_ReceiveData) for USART_ReceiveData
[...]
    i.SystemInit                             0x08005c1c   Section        0  system_stm32f10x.o(i.SystemInit)
    i.THERR                                  0x08005c7c   Section        0  pic.o(i.THERR)
    i.TIM4_IRQHandler                        0x08005d04   Section        0  timer.o(i.TIM4_IRQHandler)
    i.TIM4_init                              0x08005da8   Section        0  timer.o(i.TIM4_init)
    i.TIM_ClearITPendingBit                  0x08005e08   Section        0  stm32f10x_tim.o(i.TIM_ClearITPendingBit)
    i.TIM_Cmd                                0x08005e0e   Section        0  stm32f10x_tim.o(i.TIM_Cmd)
    i.TIM_GetITStatus                        0x08005e26   Section        0  stm32f10x_tim.o(i.TIM_GetITStatus)
    i.TIM_ITConfig                           0x08005e48   Section        0  stm32f10x_tim.o(i.TIM_ITConfig)
    i.TIM_TimeBaseInit                       0x08005e5c   Section        0  stm32f10x_tim.o(i.TIM_TimeBaseInit)
    i.TM7705_CalibSelf                       0x08005f00   Section        0  tm7707.o(i.TM7705_CalibSelf)
    i.TM7705_Delay                           0x08005f70   Section        0  tm7707.o(i.TM7705_Delay)
    TM7705_Delay                             0x08005f71   Thumb Code    14  tm7707.o(i.TM7705_Delay)
    i.TM7705_Read3Byte                       0x08005f80   Section        0  tm7707.o(i.TM7705_Read3Byte)
    i.TM7705_Recive8Bit                      0x08005fdc   Section        0  tm7707.o(i.TM7705_Recive8Bit)
    TM7705_Recive8Bit                        0x08005fdd   Thumb Code    70  tm7707.o(i.TM7705_Recive8Bit)
    i.TM7705_Send8Bit                        0x08006028   Section        0  tm7707.o(i.TM7705_Send8Bit)
    TM7705_Send8Bit                          0x08006029   Thumb Code    78  tm7707.o(i.TM7705_Send8Bit)
    i.TM7705_WaitDRDY                        0x0800607c   Section        0  tm7707.o(i.TM7705_WaitDRDY)
    i.TM7705_WriteByte                       0x080060e4   Section        0  tm7707.o(i.TM7705_WriteByte)
    i.TM7707_init                            0x08006128   Section        0  tm7707.o(i.TM7707_init)
    i.TP1000_ohm                             0x08006180   Section        0  gui.o(i.TP1000_ohm)
    i.TP1000_wd_                             0x0800626c   Section        0  gui.o(i.TP1000_wd_)
    i.TWO                                    0x080062a4   Section        0  pic.o(i.TWO)
    i.USART1_IRQHandler                      0x0800632c   Section        0  mport.o(i.USART1_IRQHandler)
    i.USART_Cmd                              0x0800642c   Section        0  stm32f10x_usart.o(i.USART_Cmd)
    i.USART_ITConfig                         0x08006444   Section        0  stm32f10x_usart.o(i.USART_ITConfig)
    i.USART_Init                             0x08006490   Section        0  stm32f10x_usart.o(i.USART_Init)
    i.UsageFault_Handler                     0x08006568   Section        0  stm32f10x_it.o(i.UsageFault_Handler)
    i.YS_CY                                  0x0800656c   Section        0  gui.o(i.YS_CY)
    i.YS_LJ                                  0x080066fc   Section        0  gui.o(i.YS_LJ)
    i.YS_LL                                  0x08006784   Section        0  gui.o(i.YS_LL)
    i.YS_WD                                  0x08006cf8   Section        0  gui.o(i.YS_WD)
    i.YS_YM                                  0x08006ea4   Section        0  gui.o(i.YS_YM)
    i.YS_YS                                  0x08006ed8   Section        0  gui.o(i.YS_YS)
    i._7707_REST                             0x080070a8   Section        0  tm7707.o(i._7707_REST)
    i.__ARM_fpclassify                       0x080070f0   Section        0  fpclassify.o(i.__ARM_fpclassify)
    i.__ieee754_rem_pio2                     0x08007118   Section        0  rred.o(i.__ieee754_rem_pio2)
    i.__kernel_cos                           0x080074a0   Section        0  cos_i.o(i.__kernel_cos)
    i.__kernel_poly                          0x0800759c   Section        0  poly.o(i.__kernel_poly)
    i.__kernel_sin                           0x08007648   Section        0  sin_i.o(i.__kernel_sin)
    i.__mathlib_dbl_infnan                   0x08007734   Section        0  dunder.o(i.__mathlib_dbl_infnan)
    i.__mathlib_dbl_invalid                  0x0800773a   Section        0  dunder.o(i.__mathlib_dbl_invalid)
    i.__mathlib_dbl_underflow                0x08007748   Section        0  dunder.o(i.__mathlib_dbl_underflow)
    i._sys_exit                              0x08007758   Section        0  usart.o(i._sys_exit)
    i.cos                                    0x0800775c   Section        0  cos.o(i.cos)
    i.delay_init                             0x080077f8   Section        0  delay.o(i.delay_init)
    i.delay_ms                               0x0800783c   Section        0  delay.o(i.delay_ms)
    i.delay_us                               0x08007888   Section        0  delay.o(i.delay_us)
    i.main                                   0x080078d4   Section        0  main.o(i.main)
    i.mp_send_data                           0x08008284   Section        0  mport.o(i.mp_send_data)
    i.mypow                                  0x080082b4   Section        0  gui.o(i.mypow)
    mypow                                    0x080082b5   Thumb Code    22  gui.o(i.mypow)
    i.sin                                    0x080082cc   Section        0  sin.o(i.sin)
    i.sqrt                                   0x0800836c   Section        0  sqrt.o(i.sqrt)
    i.uart_init                              0x080083b8   Section        0  usart.o(i.uart_init)
    x$fpl$dadd                               0x08008458   Section      336  daddsub_clz.o(x$fpl$dadd)
    _dadd1                                   0x08008469   Thumb Code     0  daddsub_clz.o(x$fpl$dadd)
    x$fpl$dcheck1                            0x080085a8   Section       16  dcheck1.o(x$fpl$dcheck1)
    x$fpl$dcmpinf                            0x080085b8   Section       24  dcmpi.o(x$fpl$dcmpinf)
    x$fpl$ddiv                               0x080085d0   Section      688  ddiv.o(x$fpl$ddiv)
    ddiv_entry                               0x080085d7   Thumb Code     0  ddiv.o(x$fpl$ddiv)
    x$fpl$deqf                               0x08008880   Section      120  deqf.o(x$fpl$deqf)
    x$fpl$dfix                               0x080088f8   Section       94  dfix.o(x$fpl$dfix)
    x$fpl$dfixu                              0x08008958   Section       90  dfixu.o(x$fpl$dfixu)
    x$fpl$dflt                               0x080089b2   Section       46  dflt_clz.o(x$fpl$dflt)
    x$fpl$dfltu                              0x080089e0   Section       38  dflt_clz.o(x$fpl$dfltu)
    x$fpl$dmul                               0x08008a08   Section      340  dmul.o(x$fpl$dmul)
    x$fpl$dnaninf                            0x08008b5c   Section      156  dnaninf.o(x$fpl$dnaninf)
    x$fpl$dretinf                            0x08008bf8   Section       12  dretinf.o(x$fpl$dretinf)
    x$fpl$drsb                               0x08008c04   Section       22  daddsub_clz.o(x$fpl$drsb)
    x$fpl$dsqrt                              0x08008c1c   Section      460  dsqrt_noumaal.o(x$fpl$dsqrt)
    x$fpl$dsub                               0x08008de8   Section      468  daddsub_clz.o(x$fpl$dsub)
    _dsub1                                   0x08008df9   Thumb Code     0  daddsub_clz.o(x$fpl$dsub)
    x$fpl$f2d                                0x08008fbc   Section       86  f2d.o(x$fpl$f2d)
    x$fpl$fadd                               0x08009014   Section      196  faddsub_clz.o(x$fpl$fadd)
    _fadd1                                   0x08009023   Thumb Code     0  faddsub_clz.o(x$fpl$fadd)
    x$fpl$fdiv                               0x080090d8   Section      388  fdiv.o(x$fpl$fdiv)
    _fdiv1                                   0x080090d9   Thumb Code     0  fdiv.o(x$fpl$fdiv)
    x$fpl$fflt                               0x0800925c   Section       48  fflt_clz.o(x$fpl$fflt)
    x$fpl$fnaninf                            0x0800928c   Section      140  fnaninf.o(x$fpl$fnaninf)
    x$fpl$fretinf                            0x08009318   Section       10  fretinf.o(x$fpl$fretinf)
    x$fpl$fsub                               0x08009324   Section      234  faddsub_clz.o(x$fpl$fsub)
    _fsub1                                   0x08009333   Thumb Code     0  faddsub_clz.o(x$fpl$fsub)
    x$fpl$llsfromd                           0x08009410   Section      194  dfixll.o(x$fpl$llsfromd)
    x$fpl$retnan                             0x080094d2   Section      100  retnan.o(x$fpl$retnan)
    x$fpl$scalbn                             0x08009536   Section       92  scalbn.o(x$fpl$scalbn)
    x$fpl$trapveneer                         0x08009592   Section       48  trapv.o(x$fpl$trapveneer)
    .constdata                               0x080095c2   Section     7964  gui.o(.constdata)
    x$fpl$usenofp                            0x080095c2   Section        0  usenofp.o(x$fpl$usenofp)
    .constdata                               0x0800b4e0   Section       48  cos_i.o(.constdata)
    C                                        0x0800b4e0   Data          48  cos_i.o(.constdata)
    .constdata                               0x0800b510   Section      200  rred.o(.constdata)
    pio2s                                    0x0800b510   Data          48  rred.o(.constdata)
    twooverpi                                0x0800b540   Data         152  rred.o(.constdata)
    .constdata                               0x0800b5d8   Section       40  sin_i.o(.constdata)
    S                                        0x0800b5d8   Data          40  sin_i.o(.constdata)
    .data                                    0x20000000   Section      162  main.o(.data)
    col                                      0x20000000   Data           4  main.o(.data)
    row                                      0x20000004   Data           4  main.o(.data)
    page                                     0x20000008   Data           1  main.o(.data)
    smode                                    0x20000009   Data           1  main.o(.data)
    wz                                       0x2000000a   Data           1  main.o(.data)
    .data                                    0x200000a4   Section       20  system_stm32f10x.o(.data)
    .data                                    0x200000b8   Section        4  delay.o(.data)
    fac_us                                   0x200000b8   Data           1  delay.o(.data)
    fac_ms                                   0x200000ba   Data           2  delay.o(.data)
    .data                                    0x200000bc   Section        4  can.o(.data)
    .data                                    0x200000c0   Section       25  timer.o(.data)
    buf                                      0x200000c0   Data           3  timer.o(.data)
    secn                                     0x200000d5   Data           1  timer.o(.data)
    dianliu                                  0x200000d6   Data           2  timer.o(.data)
    js                                       0x200000d8   Data           1  timer.o(.data)
    .data                                    0x200000dc   Section      224  gui.o(.data)
    LJI                                      0x200000dc   Data           4  gui.o(.data)
    .data                                    0x200001bc   Section       60  setcs.o(.data)
    col                                      0x200001bc   Data           4  setcs.o(.data)
    row                                      0x200001c0   Data           4  setcs.o(.data)
    page                                     0x200001c4   Data           1  setcs.o(.data)
    smode                                    0x200001c5   Data           1  setcs.o(.data)
    wz                                       0x200001c6   Data           1  setcs.o(.data)
    tem                                      0x200001c7   Data           1  setcs.o(.data)
    ljl                                      0x200001c8   Data           8  setcs.o(.data)
    fx                                       0x200001d2   Data           1  setcs.o(.data)
    xgbz                                     0x200001d3   Data           1  setcs.o(.data)
    skey                                     0x200001d4   Data           1  setcs.o(.data)
    lsk                                      0x200001d5   Data           1  setcs.o(.data)
    addr                                     0x200001d6   Data           2  setcs.o(.data)
    ss                                       0x200001d8   Data           8  setcs.o(.data)
    ld                                       0x200001e0   Data           8  setcs.o(.data)
    qc                                       0x200001e8   Data           8  setcs.o(.data)
    dd                                       0x200001f0   Data           8  setcs.o(.data)
    .data                                    0x200001f8   Section       16  24c64.o(.data)
    .data                                    0x20000208   Section        4  tm7707.o(.data)
    .data                                    0x2000020c   Section       20  stm32f10x_rcc.o(.data)
    APBAHBPrescTable                         0x2000020c   Data          16  stm32f10x_rcc.o(.data)
    ADCPrescTable                            0x2000021c   Data           4  stm32f10x_rcc.o(.data)
    .data                                    0x20000220   Section       18  mport.o(.data)
    .data                                    0x20000234   Section        8  protocol.o(.data)
    .bss                                     0x2000023c   Section       40  main.o(.bss)
    .bss                                     0x20000264   Section       40  gui.o(.bss)
    PJ                                       0x20000264   Data          40  gui.o(.bss)
    .bss                                     0x2000028c   Section     1024  oled.o(.bss)
    OLED_buffer                              0x2000028c   Data        1024  oled.o(.bss)
    .bss                                     0x2000068c   Section       96  libspace.o(.bss)
    HEAP                                     0x200006f0   Section      512  startup_stm32f10x_hd.o(HEAP)
    Heap_Mem                                 0x200006f0   Data         512  startup_stm32f10x_hd.o(HEAP)
    STACK                                    0x200008f0   Section     1024  startup_stm32f10x_hd.o(STACK)
    Stack_Mem                                0x200008f0   Data        1024  startup_stm32f10x_hd.o(STACK)
    __initial_sp                             0x20000cf0   Data           0  startup_stm32f10x_hd.o(STACK)
    .ARM.__AT_0x68000000                     0x68000000   Section    983040  malloc.o(.ARM.__AT_0x68000000)
    .ARM.__AT_0x680F0000                     0x680f0000   Section    61440  malloc.o(.ARM.__AT_0x680F0000)

    Global Symbols

    Symbol Name                              Value     Ov Type        Size  Object(Section)

    BuildAttributes$$THM_ISAv4$P$D$K$B$S$PE$A:L22UL41UL21$X:L11$S22US41US21$IEEE1$IW$USESV6$~STKCKD$USESV7$~SHL$OTIME$ROPI$IEEEX$EBA8$UX$STANDARDLIB$REQ8$PRES8$EABIv2 0x00000000   Number         0  anon$$obj.o ABSOLUTE
    __ARM_use_no_argv                        0x00000000   Number         0  main.o ABSOLUTE
    __ARM_exceptions_init                     - Undefined Weak Reference
    __alloca_initialize                       - Undefined Weak Reference
    __arm_preinit_                            - Undefined Weak Reference
    __cpp_initialize__aeabi_                  - Undefined Weak Reference
    __cxa_finalize                            - Undefined Weak Reference
    __rt_locale                               - Undefined Weak Reference
    __sigvec_lookup                           - Undefined Weak Reference
    _atexit_init                              - Undefined Weak Reference
    _call_atexit_fns                          - Undefined Weak Reference
    _clock_init                               - Undefined Weak Reference
    _fp_trap_init                             - Undefined Weak Reference
    _fp_trap_shutdown                         - Undefined Weak Reference
    _get_lc_collate                           - Undefined Weak Reference
    _get_lc_ctype                             - Undefined Weak Reference
    _get_lc_monetary                          - Undefined Weak Reference
    _get_lc_numeric                           - Undefined Weak Reference
    _get_lc_time                              - Undefined Weak Reference
    _getenv_init                              - Undefined Weak Reference
    _handle_redirection                       - Undefined Weak Reference
    _init_alloc                               - Undefined Weak Reference
    _init_user_alloc                          - Undefined Weak Reference
    _initio                                   - Undefined Weak Reference
    _rand_init                                - Undefined Weak Reference
    _signal_finish                            - Undefined Weak Reference
    _signal_init                              - Undefined Weak Reference
    _terminate_alloc                          - Undefined Weak Reference
    _terminate_user_alloc                     - Undefined Weak Reference
    _terminateio                              - Undefined Weak Reference
    __Vectors_Size                           0x00000130   Number         0  startup_stm32f10x_hd.o ABSOLUTE
    __Vectors                                0x08000000   Data           4  startup_stm32f10x_hd.o(RESET)
    __Vectors_End                            0x08000130   Data           0  startup_stm32f10x_hd.o(RESET)
    __main                                   0x08000131   Thumb Code     8  __main.o(!!!main)
    __scatterload                            0x08000139   Thumb Code     0  __scatter.o(!!!scatter)
    __scatterload_rt2                        0x08000139   Thumb Code    44  __scatter.o(!!!scatter)
    __scatterload_rt2_thumb_only             0x08000139   Thumb Code     0  __scatter.o(!!!scatter)
    __scatterload_null                       0x08000147   Thumb Code     0  __scatter.o(!!!scatter)
    __decompress                             0x0800016d   Thumb Code    90  __dczerorl2.o(!!dczerorl2)
    __decompress1                            0x0800016d   Thumb Code     0  __dczerorl2.o(!!dczerorl2)
    __scatterload_zeroinit                   0x080001c9   Thumb Code    28  __scatter_zi.o(!!handler_zi)
    __rt_lib_init                            0x080001e5   Thumb Code     0  libinit.o(.ARM.Collect$$libinit$$00000000)
    __rt_lib_init_alloca_1                   0x080001e7   Thumb Code     0  libinit2.o(.ARM.Collect$$libinit$$0000002E)
    __rt_lib_init_argv_1                     0x080001e7   Thumb Code     0  libinit2.o(.ARM.Collect$$libinit$$0000002C)
    __rt_lib_init_atexit_1                   0x080001e7   Thumb Code     0  libinit2.o(.ARM.Collect$$libinit$$0000001B)
    __rt_lib_init_clock_1                    0x080001e7   Thumb Code     0  libinit2.o(.ARM.Collect$$libinit$$00000021)
    __rt_lib_init_cpp_1                      0x080001e7   Thumb Code     0  libinit2.o(.ARM.Collect$$libinit$$00000032)
    __rt_lib_init_exceptions_1               0x080001e7   Thumb Code     0  libinit2.o(.ARM.Collect$$libinit$$00000030)
    __rt_lib_init_fp_1                       0x080001e7   Thumb Code     0  libinit2.o(.ARM.Collect$$libinit$$00000002)
    __rt_lib_init_fp_trap_1                  0x080001e7   Thumb Code     0  libinit2.o(.ARM.Collect$$libinit$$0000001F)
    __rt_lib_init_getenv_1                   0x080001e7   Thumb Code     0  libinit2.o(.ARM.Collect$$libinit$$00000023)
    __rt_lib_init_heap_1                     0x080001e7   Thumb Code     0  libinit2.o(.ARM.Collect$$libinit$$0000000A)
    __rt_lib_init_lc_collate_1               0x080001e7   Thumb Code     0  libinit2.o(.ARM.Collect$$libinit$$00000011)
    __rt_lib_init_lc_ctype_1                 0x080001e7   Thumb Code     0  libinit2.o(.ARM.Collect$$libinit$$00000013)
    __rt_lib_init_lc_monetary_1              0x080001e7   Thumb Code     0  libinit2.o(.ARM.Collect$$libinit$$00000015)
    __rt_lib_init_lc_numeric_1               0x080001e7   Thumb Code     0  libinit2.o(.ARM.Collect$$libinit$$00000017)
    __rt_lib_init_lc_time_1                  0x080001e7   Thumb Code     0  libinit2.o(.ARM.Collect$$libinit$$00000019)
    __rt_lib_init_preinit_1                  0x080001e7   Thumb Code     0  libinit2.o(.ARM.Collect$$libinit$$00000004)
    __rt_lib_init_rand_1                     0x080001e7   Thumb Code     0  libinit2.o(.ARM.Collect$$libinit$$0000000E)
    __rt_lib_init_return                     0x080001e7   Thumb Code     0  libinit2.o(.ARM.Collect$$libinit$$00000033)
    __rt_lib_init_signal_1                   0x080001e7   Thumb Code     0  libinit2.o(.ARM.Collect$$libinit$$0000001D)
    __rt_lib_init_stdio_1                    0x080001e7   Thumb Code     0  libinit2.o(.ARM.Collect$$libinit$$00000025)
    __rt_lib_init_user_alloc_1               0x080001e7   Thumb Code     0  libinit2.o(.ARM.Collect$$libinit$$0000000C)
    __rt_lib_shutdown                        0x080001e9   Thumb Code     0  libshutdown.o(.ARM.Collect$$libshutdown$$00000000)
    __rt_lib_shutdown_fp_trap_1              0x080001eb   Thumb Code     0  libshutdown2.o(.ARM.Collect$$libshutdown$$00000006)
    __rt_lib_shutdown_heap_1                 0x080001eb   Thumb Code     0  libshutdown2.o(.ARM.Collect$$libshutdown$$0000000E)
    __rt_lib_shutdown_return                 0x080001eb   Thumb Code     0  libshutdown2.o(.ARM.Collect$$libshutdown$$0000000F)
    __rt_lib_shutdown_signal_1               0x080001eb   Thumb Code     0  libshutdown2.o(.ARM.Collect$$libshutdown$$00000009)
    __rt_lib_shutdown_stdio_1                0x080001eb   Thumb Code     0  libshutdown2.o(.ARM.Collect$$libshutdown$$00000003)
    __rt_lib_shutdown_user_alloc_1           0x080001eb   Thumb Code     0  libshutdown2.o(.ARM.Collect$$libshutdown$$0000000B)
    __rt_entry                               0x080001ed   Thumb Code     0  __rtentry.o(.ARM.Collect$$rtentry$$00000000)
    __rt_entry_presh_1                       0x080001ed   Thumb Code     0  __rtentry2.o(.ARM.Collect$$rtentry$$00000002)
    __rt_entry_sh                            0x080001ed   Thumb Code     0  __rtentry4.o(.ARM.Collect$$rtentry$$00000004)
    __rt_entry_li                            0x080001f3   Thumb Code     0  __rtentry2.o(.ARM.Collect$$rtentry$$0000000A)
    __rt_entry_postsh_1                      0x080001f3   Thumb Code     0  __rtentry2.o(.ARM.Collect$$rtentry$$00000009)
    __rt_entry_main                          0x080001f7   Thumb Code     0  __rtentry2.o(.ARM.Collect$$rtentry$$0000000D)
    __rt_entry_postli_1                      0x080001f7   Thumb Code     0  __rtentry2.o(.ARM.Collect$$rtentry$$0000000C)
    __rt_exit                                0x080001ff   Thumb Code     0  rtexit.o(.ARM.Collect$$rtexit$$00000000)
    __rt_exit_ls                             0x08000201   Thumb Code     0  rtexit2.o(.ARM.Collect$$rtexit$$00000003)
    __rt_exit_prels_1                        0x08000201   Thumb Code     0  rtexit2.o(.ARM.Collect$$rtexit$$00000002)
    __rt_exit_exit                           0x08000205   Thumb Code     0  rtexit2.o(.ARM.Collect$$rtexit$$00000004)
    Reset_Handler                            0x0800020d   Thumb Code     8  startup_stm32f10x_hd.o(.text)
    ADC1_2_IRQHandler                        0x08000227   Thumb Code     0  startup_stm32f10x_hd.o(.text)
    ADC3_IRQHandler                          0x08000227   Thumb Code     0  startup_stm32f10x_hd.o(.text)
    CAN1_RX1_IRQHandler                      0x08000227   Thumb Code     0  startup_stm32f10x_hd.o(.text)
    CAN1_SCE_IRQHandler                      0x08000227   Thumb Code     0  startup_stm32f10x_hd.o(.text)
    DMA1_Channel1_IRQHandler                 0x08000227   Thumb Code     0  startup_stm32f10x_hd.o(.text)
    DMA1_Channel2_IRQHandler                 0x08000227   Thumb Code     0  startup_stm32f10x_hd.o(.text)
    DMA1_Channel3_IRQHandler                 0x08000227   Thumb Code     0  startup_stm32f10x_hd.o(.text)
    DMA1_Channel4_IRQHandler                 0x08000227   Thumb Code     0  startup_stm32f10x_hd.o(.text)
    DMA1_Channel5_IRQHandler                 0x08000227   Thumb Code     0  startup_stm32f10x_hd.o(.text)
    DMA1_Channel6_IRQHandler                 0x08000227   Thumb Code     0  startup_stm32f10x_hd.o(.text)
    DMA1_Channel7_IRQHandler                 0x08000227   Thumb Code     0  startup_stm32f10x_hd.o(.text)
    DMA2_Channel1_IRQHandler                 0x08000227   Thumb Code     0  startup_stm32f10x_hd.o(.text)
    DMA2_Channel2_IRQHandler                 0x08000227   Thumb Code     0  startup_stm32f10x_hd.o(.text)
    DMA2_Channel3_IRQHandler                 0x08000227   Thumb Code     0  startup_stm32f10x_hd.o(.text)
    DMA2_Channel4_5_IRQHandler               0x08000227   Thumb Code     0  startup_stm32f10x_hd.o(.text)
    EXTI0_IRQHandler                         0x08000227   Thumb Code     0  startup_stm32f10x_hd.o(.text)
    EXTI15_10_IRQHandler                     0x08000227   Thumb Code     0  startup_stm32f10x_hd.o(.text)
    EXTI2_IRQHandler                         0x08000227   Thumb Code     0  startup_stm32f10x_hd.o(.text)
    EXTI3_IRQHandler                         0x08000227   Thumb Code     0  startup_stm32f10x_hd.o(.text)
    EXTI4_IRQHandler                         0x08000227   Thumb Code     0  startup_stm32f10x_hd.o(.text)
    EXTI9_5_IRQHandler                       0x08000227   Thumb Code     0  startup_stm32f10x_hd.o(.text)
    FLASH_IRQHandler                         0x08000227   Thumb Code     0  startup_stm32f10x_hd.o(.text)
    FSMC_IRQHandler                          0x08000227   Thumb Code     0  startup_stm32f10x_hd.o(.text)
    I2C1_ER_IRQHandler                       0x08000227   Thumb Code     0  startup_stm32f10x_hd.o(.text)
    I2C1_EV_IRQHandler                       0x08000227   Thumb Code     0  startup_stm32f10x_hd.o(.text)
    I2C2_ER_IRQHandler                       0x08000227   Thumb Code     0  startup_stm32f10x_hd.o(.text)
    I2C2_EV_IRQHandler                       0x08000227   Thumb Code     0  startup_stm32f10x_hd.o(.text)
    RCC_IRQHandler                           0x08000227   Thumb Code     0  startup_stm32f10x_hd.o(.text)
    RTCAlarm_IRQHandler                      0x08000227   Thumb Code     0  startup_stm32f10x_hd.o(.text)
    RTC_IRQHandler                           0x08000227   Thumb Code     0  startup_stm32f10x_hd.o(.text)
    SDIO_IRQHandler                          0x08000227   Thumb Code     0  startup_stm32f10x_hd.o(.text)
    SPI1_IRQHandler                          0x08000227   Thumb Code     0  startup_stm32f10x_hd.o(.text)
    SPI2_IRQHandler                          0x08000227   Thumb Code     0  startup_stm32f10x_hd.o(.text)
    SPI3_IRQHandler                          0x08000227   Thumb Code     0  startup_stm32f10x_hd.o(.text)
    TAMPER_IRQHandler                        0x08000227   Thumb Code     0  startup_stm32f10x_hd.o(.text)
    TIM1_BRK_IRQHandler                      0x08000227   Thumb Code     0  startup_stm32f10x_hd.o(.text)
    TIM1_CC_IRQHandler                       0x08000227   Thumb Code     0  startup_stm32f10x_hd.o(.text)
    TIM1_TRG_COM_IRQHandler                  0x08000227   Thumb Code     0  startup_stm32f10x_hd.o(.text)
    TIM1_UP_IRQHandler                       0x08000227   Thumb Code     0  startup_stm32f10x_hd.o(.text)
    TIM2_IRQHandler                          0x08000227   Thumb Code     0  startup_stm32f10x_hd.o(.text)
    TIM3_IRQHandler                          0x08000227   Thumb Code     0  startup_stm32f10x_hd.o(.text)
    TIM5_IRQHandler                          0x08000227   Thumb Code     0  startup_stm32f10x_hd.o(.text)
    TIM6_IRQHandler                          0x08000227   Thumb Code     0  startup_stm32f10x_hd.o(.text)
    TIM7_IRQHandler                          0x08000227   Thumb Code     0  startup_stm32f10x_hd.o(.text)
    TIM8_BRK_IRQHandler                      0x08000227   Thumb Code     0  startup_stm32f10x_hd.o(.text)
    TIM8_CC_IRQHandler                       0x08000227   Thumb Code     0  startup_stm32f10x_hd.o(.text)
    TIM8_TRG_COM_IRQHandler                  0x08000227   Thumb Code     0  startup_stm32f10x_hd.o(.text)
    TIM8_UP_IRQHandler                       0x08000227   Thumb Code     0  startup_stm32f10x_hd.o(.text)
    UART4_IRQHandler                         0x08000227   Thumb Code     0  startup_stm32f10x_hd.o(.text)
    UART5_IRQHandler                         0x08000227   Thumb Code     0  startup_stm32f10x_hd.o(.text)
    USART2_IRQHandler                        0x08000227   Thumb Code     0  startup_stm32f10x_hd.o(.text)
    USART3_IRQHandler                        0x08000227   Thumb Code     0  startup_stm32f10x_hd.o(.text)
    USBWakeUp_IRQHandler                     0x08000227   Thumb Code     0  startup_stm32f10x_hd.o(.text)
    USB_HP_CAN1_TX_IRQHandler                0x08000227   Thumb Code     0  startup_stm32f10x_hd.o(.text)
    USB_LP_CAN1_RX0_IRQHandler               0x08000227   Thumb Code     0  startup_stm32f10x_hd.o(.text)
    WWDG_IRQHandler                          0x08000227   Thumb Code     0  startup_stm32f10x_hd.o(.text)
    __user_initial_stackheap                 0x08000229   Thumb Code     0  startup_stm32f10x_hd.o(.text)
    __use_no_semihosting                     0x0800024d   Thumb Code     2  use_no_semi_2.o(.text)
    __aeabi_memset                           0x0800024f   Thumb Code    16  aeabi_memset.o(.text)
    __aeabi_memclr                           0x0800025f   Thumb Code     0  rt_memclr.o(.text)
    __rt_memclr                              0x0800025f   Thumb Code    68  rt_memclr.o(.text)
    _memset                                  0x08000263   Thumb Code     0  rt_memclr.o(.text)
    __use_two_region_memory                  0x080002a3   Thumb Code     2  heapauxi.o(.text)
    __rt_heap_escrow$2region                 0x080002a5   Thumb Code     2  heapauxi.o(.text)
    __rt_heap_expand$2region                 0x080002a7   Thumb Code     2  heapauxi.o(.text)
    __I$use$semihosting                      0x080002a9   Thumb Code     0  use_no_semi.o(.text)
    __use_no_semihosting_swi                 0x080002a9   Thumb Code     2  use_no_semi.o(.text)
    __read_errno                             0x080002ab   Thumb Code    10  _rserrno.o(.text)
    __set_errno                              0x080002b5   Thumb Code    12  _rserrno.o(.text)
    __aeabi_memclr4                          0x080002c1   Thumb Code     0  rt_memclr_w.o(.text)
    __aeabi_memclr8                          0x080002c1   Thumb Code     0  rt_memclr_w.o(.text)
    __rt_memclr_w                            0x080002c1   Thumb Code    78  rt_memclr_w.o(.text)
    _memset_w                                0x080002c5   Thumb Code     0  rt_memclr_w.o(.text)
    __aeabi_errno_addr                       0x08000311   Thumb Code     8  rt_errno_addr_intlibspace.o(.text)
    __errno$intlibspace                      0x08000311   Thumb Code     0  rt_errno_addr_intlibspace.o(.text)
    __rt_errno_addr$intlibspace              0x08000311   Thumb Code     0  rt_errno_addr_intlibspace.o(.text)
    __user_libspace                          0x08000319   Thumb Code     8  libspace.o(.text)
    __user_perproc_libspace                  0x08000319   Thumb Code     0  libspace.o(.text)
    __user_perthread_libspace                0x08000319   Thumb Code     0  libspace.o(.text)
    __user_setup_stackheap                   0x08000321   Thumb Code    74  sys_stackheap_outer.o(.text)
    exit                                     0x0800036b   Thumb Code    12  exit.o(.text)
    AT24CXX_Init                             0x08000379   Thumb Code  1166  24c64.o(i.AT24CXX_Init)
    AT24CXX_Read                             0x08000821   Thumb Code   112  24c64.o(i.AT24CXX_Read)
    AT24CXX_Write                            0x08000891   Thumb Code   106  24c64.o(i.AT24CXX_Write)
    A_N_24C64                                0x08000901   Thumb Code    92  24c64.o(i.A_N_24C64)
    BL_24c64                                 0x0800095d   Thumb Code   562  24c64.o(i.BL_24c64)
    BusFault_Handler                         0x08000bdd   Thumb Code     4  stm32f10x_it.o(i.BusFault_Handler)
    CAN_Answer                               0x08000be1   Thumb Code  2694  setcs.o(i.CAN_Answer)
    CAN_FilterInit                           0x0800166d   Thumb Code   258  stm32f10x_can.o(i.CAN_FilterInit)
    CAN_Init                                 0x08001775   Thumb Code   276  stm32f10x_can.o(i.CAN_Init)
    CAN_MessagePending                       0x08001889   Thumb Code    30  stm32f10x_can.o(i.CAN_MessagePending)
    CAN_Mode_Init                            0x080018a9   Thumb Code   248  can.o(i.CAN_Mode_Init)
    CAN_Receive                              0x080019ad   Thumb Code   240  stm32f10x_can.o(i.CAN_Receive)
    CAN_SAVE                                 0x08001a9d   Thumb Code   758  setcs.o(i.CAN_SAVE)
    CAN_SET                                  0x08001da9   Thumb Code   134  pic.o(i.CAN_SET)
    CAN_Transmit                             0x08001e45   Thumb Code   294  stm32f10x_can.o(i.CAN_Transmit)
    CAN_TransmitStatus                       0x08001f6d   Thumb Code   138  stm32f10x_can.o(i.CAN_TransmitStatus)
    CY_zero                                  0x0800200d   Thumb Code   120  gui.o(i.CY_zero)
    CY_zero_1                                0x08002091   Thumb Code   208  gui.o(i.CY_zero_1)
    Can_Receive_Msg                          0x0800216d   Thumb Code    74  can.o(i.Can_Receive_Msg)
    Can_Send_Msg                             0x080021c1   Thumb Code    98  can.o(i.Can_Send_Msg)
    DebugMon_Handler                         0x08002229   Thumb Code     2  stm32f10x_it.o(i.DebugMon_Handler)
    EXTI1_IRQHandler                         0x0800222d   Thumb Code    52  timer.o(i.EXTI1_IRQHandler)
    EXTI_GetITStatus                         0x08002269   Thumb Code    34  stm32f10x_exti.o(i.EXTI_GetITStatus)
    FIRST                                    0x08002291   Thumb Code   158  pic.o(i.FIRST)
    FIRST_2                                  0x08002359   Thumb Code  1378  pic.o(i.FIRST_2)
    FIVE                                     0x080028d9   Thumb Code    66  pic.o(i.FIVE)
    FOUR                                     0x08002939   Thumb Code    84  pic.o(i.FOUR)
    GP8302                                   0x080029c1   Thumb Code   242  gp8302 .o(i.GP8302)
    GP8302_Init                              0x08002ac5   Thumb Code    54  gp8302 .o(i.GP8302_Init)
    GP8302_Read                              0x08002b01   Thumb Code    62  gp8302 .o(i.GP8302_Read)
    GP8802_Ack                               0x08002b41   Thumb Code    48  gp8302 .o(i.GP8802_Ack)
    GP8802_Send_Byte                         0x08002b79   Thumb Code    66  gp8302 .o(i.GP8802_Send_Byte)
    GP8802_Start                             0x08002bc5   Thumb Code    58  gp8302 .o(i.GP8802_Start)
    GP8802_Stop                              0x08002c09   Thumb Code    54  gp8302 .o(i.GP8802_Stop)
    GPIO_Init                                0x08002c49   Thumb Code   278  stm32f10x_gpio.o(i.GPIO_Init)
    GPIO_ReadInputDataBit                    0x08002d5f   Thumb Code    18  stm32f10x_gpio.o(i.GPIO_ReadInputDataBit)
    GPIO_ResetBits                           0x08002d71   Thumb Code     4  stm32f10x_gpio.o(i.GPIO_ResetBits)
    GPIO_SetBits                             0x08002d75   Thumb Code     4  stm32f10x_gpio.o(i.GPIO_SetBits)
    GUI_DrawLine                             0x08002d79   Thumb Code   176  gui.o(i.GUI_DrawLine)
    GUI_DrawRectangle                        0x08002e29   Thumb Code    74  gui.o(i.GUI_DrawRectangle)
    GUI_Draw_sin                             0x08002e75   Thumb Code   400  gui.o(i.GUI_Draw_sin)
    GUI_ShowCHinese                          0x08003009   Thumb Code   106  gui.o(i.GUI_ShowCHinese)
    GUI_ShowChar                             0x08003075   Thumb Code   490  gui.o(i.GUI_ShowChar)
    GUI_ShowFont16                           0x08003271   Thumb Code   236  gui.o(i.GUI_ShowFont16)
    GUI_ShowFont24                           0x08003361   Thumb Code   256  gui.o(i.GUI_ShowFont24)
    GUI_ShowFont32                           0x08003465   Thumb Code   244  gui.o(i.GUI_ShowFont32)
    GUI_ShowNum                              0x0800355d   Thumb Code   124  gui.o(i.GUI_ShowNum)
    GUI_ShowNum_WD                           0x080035d9   Thumb Code   262  gui.o(i.GUI_ShowNum_WD)
    GUI_ShowString                           0x080036df   Thumb Code   144  gui.o(i.GUI_ShowString)
    HardFault_Handler                        0x0800376f   Thumb Code     4  stm32f10x_it.o(i.HardFault_Handler)
    I1C_Ack                                  0x08003775   Thumb Code    68  myiic.o(i.I1C_Ack)
    I1C_Init                                 0x080037c1   Thumb Code    46  myiic.o(i.I1C_Init)
    I1C_NAck                                 0x080037f5   Thumb Code    68  myiic.o(i.I1C_NAck)
    I1C_Read_Byte                            0x08003841   Thumb Code    80  myiic.o(i.I1C_Read_Byte)
    I1C_Send_Byte                            0x08003899   Thumb Code    86  myiic.o(i.I1C_Send_Byte)
    I1C_Start                                0x080038f9   Thumb Code    78  myiic.o(i.I1C_Start)
    I1C_Stop                                 0x08003955   Thumb Code    74  myiic.o(i.I1C_Stop)
    I1C_Wait_Ack                             0x080039ad   Thumb Code    64  myiic.o(i.I1C_Wait_Ack)
    KEY_Init                                 0x080039f1   Thumb Code    38  key.o(i.KEY_Init)
    KEY_Scan                                 0x08003a1d   Thumb Code   154  key.o(i.KEY_Scan)
    LED_Init                                 0x08003abd   Thumb Code    40  led.o(i.LED_Init)
    LJLL_Data                                0x08003ae9   Thumb Code   170  timer.o(i.LJLL_Data)
    LJ_zero                                  0x08003bad   Thumb Code    56  24c64.o(i.LJ_zero)
    MENU                                     0x08003bf1   Thumb Code    90  pic.o(i.MENU)
    Made_Data                                0x08003c8d   Thumb Code   116  timer.o(i.Made_Data)
    MemManage_Handler                        0x08003d0d   Thumb Code     4  stm32f10x_it.o(i.MemManage_Handler)
    NMI_Handler                              0x08003d11   Thumb Code     2  stm32f10x_it.o(i.NMI_Handler)
    NUM_A                                    0x08003d13   Thumb Code    70  gui.o(i.NUM_A)
    NVIC_Init                                0x08003d59   Thumb Code   100  misc.o(i.NVIC_Init)
    NVIC_PriorityGroupConfig                 0x08003dc9   Thumb Code    10  misc.o(i.NVIC_PriorityGroupConfig)
    N_A                                      0x08003ddd   Thumb Code    36  timer.o(i.N_A)
    OLED_Clear                               0x08003e01   Thumb Code    36  oled.o(i.OLED_Clear)
    OLED_Display                             0x08003e29   Thumb Code    68  oled.o(i.OLED_Display)
    OLED_Display_Off                         0x08003e71   Thumb Code    28  oled.o(i.OLED_Display_Off)
    OLED_Display_On                          0x08003e8d   Thumb Code    28  oled.o(i.OLED_Display_On)
    OLED_Init                                0x08003ea9   Thumb Code   254  oled.o(i.OLED_Init)
    OLED_Init_GPIO                           0x08003fa9   Thumb Code    46  oled.o(i.OLED_Init_GPIO)
    OLED_Reset                               0x08003fdd   Thumb Code    40  oled.o(i.OLED_Reset)
    OLED_Set_Pixel                           0x08004009   Thumb Code   122  oled.o(i.OLED_Set_Pixel)
    OLED_WR_Byte                             0x08004089   Thumb Code    52  oled.o(i.OLED_WR_Byte)
    OLED_error                               0x080040c5   Thumb Code   104  pic.o(i.OLED_error)
    ONE                                      0x08004175   Thumb Code   136  pic.o(i.ONE)
    PVD_IRQHandler                           0x08004235   Thumb Code    74  timer.o(i.PVD_IRQHandler)
    PendSV_Handler                           0x0800428d   Thumb Code     2  stm32f10x_it.o(i.PendSV_Handler)
    QJHM                                     0x08004291   Thumb Code    78  pic.o(i.QJHM)
    QingJiao_19200                           0x08004305   Thumb Code    70  mport.o(i.QingJiao_19200)
    QingJiao_F                               0x0800434d   Thumb Code    62  mport.o(i.QingJiao_F)
    RCC_APB1PeriphClockCmd                   0x08004391   Thumb Code    26  stm32f10x_rcc.o(i.RCC_APB1PeriphClockCmd)
    RCC_APB2PeriphClockCmd                   0x080043b1   Thumb Code    26  stm32f10x_rcc.o(i.RCC_APB2PeriphClockCmd)
    RCC_GetClocksFreq                        0x080043d1   Thumb Code   192  stm32f10x_rcc.o(i.RCC_GetClocksFreq)
    SDA8302_OUT                              0x080044a5   Thumb Code    38  gp8302 .o(i.SDA8302_OUT)
    SDA_IN                                   0x080044d1   Thumb Code    40  myiic.o(i.SDA_IN)
    SET_COME                                 0x080044fd   Thumb Code  4986  setcs.o(i.SET_COME)
    SET_IN                                   0x080058a9   Thumb Code    38  setcs.o(i.SET_IN)
    SEV                                      0x080058e5   Thumb Code    26  pic.o(i.SEV)
    SIX                                      0x0800590d   Thumb Code   186  pic.o(i.SIX)
    SPI1_Init                                0x080059f9   Thumb Code   144  spi.o(i.SPI1_Init)
    SPI_Cmd                                  0x08005a91   Thumb Code    24  stm32f10x_spi.o(i.SPI_Cmd)
    SPI_Init                                 0x08005aa9   Thumb Code    60  stm32f10x_spi.o(i.SPI_Init)
    SPI_WriteByte                            0x08005ae5   Thumb Code    34  spi.o(i.SPI_WriteByte)
    SVC_Handler                              0x08005b07   Thumb Code     2  stm32f10x_it.o(i.SVC_Handler)
    SysTick_CLKSourceConfig                  0x08005bf1   Thumb Code    40  misc.o(i.SysTick_CLKSourceConfig)
    SysTick_Handler                          0x08005c19   Thumb Code     2  stm32f10x_it.o(i.SysTick_Handler)
    SystemInit                               0x08005c1d   Thumb Code    78  system_stm32f10x.o(i.SystemInit)
    THERR                                    0x08005c7d   Thumb Code    84  pic.o(i.THERR)
    TIM4_IRQHandler                          0x08005d05   Thumb Code   128  timer.o(i.TIM4_IRQHandler)
    TIM4_init                                0x08005da9   Thumb Code    90  timer.o(i.TIM4_init)
    TIM_ClearITPendingBit                    0x08005e09   Thumb Code     6  stm32f10x_tim.o(i.TIM_ClearITPendingBit)
    TIM_Cmd                                  0x08005e0f   Thumb Code    24  stm32f10x_tim.o(i.TIM_Cmd)
    TIM_GetITStatus                          0x08005e27   Thumb Code    34  stm32f10x_tim.o(i.TIM_GetITStatus)
    TIM_ITConfig                             0x08005e49   Thumb Code    18  stm32f10x_tim.o(i.TIM_ITConfig)
    TIM_TimeBaseInit                         0x08005e5d   Thumb Code   122  stm32f10x_tim.o(i.TIM_TimeBaseInit)
    TM7705_CalibSelf                         0x08005f01   Thumb Code   112  tm7707.o(i.TM7705_CalibSelf)
    TM7705_Read3Byte                         0x08005f81   Thumb Code    82  tm7707.o(i.TM7705_Read3Byte)
    TM7705_WaitDRDY                          0x0800607d   Thumb Code    84  tm7707.o(i.TM7705_WaitDRDY)
    TM7705_WriteByte                         0x080060e5   Thumb Code    60  tm7707.o(i.TM7705_WriteByte)
    TM7707_init                              0x08006129   Thumb Code    84  tm7707.o(i.TM7707_init)
    TP1000_ohm                               0x08006181   Thumb Code   210  gui.o(i.TP1000_ohm)
    TP1000_wd_                               0x0800626d   Thumb Code    46  gui.o(i.TP1000_wd_)
    TWO                                      0x080062a5   Thumb Code    84  pic.o(i.TWO)
    USART1_IRQHandler                        0x0800632d   Thumb Code   234  mport.o(i.USART1_IRQHandler)
    USART_Cmd                                0x0800642d   Thumb Code    24  stm32f10x_usart.o(i.USART_Cmd)
    USART_ITConfig                           0x08006445   Thumb Code    74  stm32f10x_usart.o(i.USART_ITConfig)
    USART_Init                               0x08006491   Thumb Code   210  stm32f10x_usart.o(i.USART_Init)
    UsageFault_Handler                       0x08006569   Thumb Code     4  stm32f10x_it.o(i.UsageFault_Handler)
    YS_CY                                    0x0800656d   Thumb Code   374  gui.o(i.YS_CY)
    YS_LJ                                    0x080066fd   Thumb Code   118  gui.o(i.YS_LJ)
    YS_LL                                    0x08006785   Thumb Code  1370  gui.o(i.YS_LL)
    YS_WD                                    0x08006cf9   Thumb Code   362  gui.o(i.YS_WD)
    YS_YM                                    0x08006ea5   Thumb Code    42  gui.o(i.YS_YM)
    YS_YS                                    0x08006ed9   Thumb Code   414  gui.o(i.YS_YS)
    _7707_REST                               0x080070a9   Thumb Code    62  tm7707.o(i._7707_REST)
    __ARM_fpclassify                         0x080070f1   Thumb Code    40  fpclassify.o(i.__ARM_fpclassify)
    __ieee754_rem_pio2                       0x08007119   Thumb Code   828  rred.o(i.__ieee754_rem_pio2)
    __kernel_cos                             0x080074a1   Thumb Code   230  cos_i.o(i.__kernel_cos)
    __kernel_poly                            0x0800759d   Thumb Code   170  poly.o(i.__kernel_poly)
    __kernel_sin                             0x08007649   Thumb Code   224  sin_i.o(i.__kernel_sin)
    __mathlib_dbl_infnan                     0x08007735   Thumb Code     6  dunder.o(i.__mathlib_dbl_infnan)
    __mathlib_dbl_invalid                    0x0800773b   Thumb Code    12  dunder.o(i.__mathlib_dbl_invalid)
    __mathlib_dbl_underflow                  0x08007749   Thumb Code    10  dunder.o(i.__mathlib_dbl_underflow)
    _sys_exit                                0x08007759   Thumb Code     4  usart.o(i._sys_exit)
    cos                                      0x0800775d   Thumb Code   148  cos.o(i.cos)
    delay_init                               0x080077f9   Thumb Code    50  delay.o(i.delay_init)
    delay_ms                                 0x0800783d   Thumb Code    72  delay.o(i.delay_ms)
    delay_us                                 0x08007889   Thumb Code    72  delay.o(i.delay_us)
    main                                     0x080078d5   Thumb Code  2434  main.o(i.main)
    mp_send_data                             0x08008285   Thumb Code    42  mport.o(i.mp_send_data)
    sin                                      0x080082cd   Thumb Code   150  sin.o(i.sin)
    sqrt                                     0x0800836d   Thumb Code    76  sqrt.o(i.sqrt)
    uart_init                                0x080083b9   Thumb Code   152  usart.o(i.uart_init)
    __aeabi_dadd                             0x08008459   Thumb Code     0  daddsub_clz.o(x$fpl$dadd)
    _dadd                                    0x08008459   Thumb Code   332  daddsub_clz.o(x$fpl$dadd)
    __fpl_dcheck_NaN1                        0x080085a9   Thumb Code    10  dcheck1.o(x$fpl$dcheck1)
    __fpl_dcmp_Inf                           0x080085b9   Thumb Code    24  dcmpi.o(x$fpl$dcmpinf)
    __aeabi_ddiv                             0x080085d1   Thumb Code     0  ddiv.o(x$fpl$ddiv)
    _ddiv                                    0x080085d1   Thumb Code   552  ddiv.o(x$fpl$ddiv)
    __aeabi_cdcmpeq                          0x08008881   Thumb Code     0  deqf.o(x$fpl$deqf)
    _dcmpeq                                  0x08008881   Thumb Code   120  deqf.o(x$fpl$deqf)
    __aeabi_d2iz                             0x080088f9   Thumb Code     0  dfix.o(x$fpl$dfix)
    _dfix                                    0x080088f9   Thumb Code    94  dfix.o(x$fpl$dfix)
    __aeabi_d2uiz                            0x08008959   Thumb Code     0  dfixu.o(x$fpl$dfixu)
    _dfixu                                   0x08008959   Thumb Code    90  dfixu.o(x$fpl$dfixu)
    __aeabi_i2d                              0x080089b3   Thumb Code     0  dflt_clz.o(x$fpl$dflt)
    _dflt                                    0x080089b3   Thumb Code    46  dflt_clz.o(x$fpl$dflt)
    __aeabi_ui2d                             0x080089e1   Thumb Code     0  dflt_clz.o(x$fpl$dfltu)
    _dfltu                                   0x080089e1   Thumb Code    38  dflt_clz.o(x$fpl$dfltu)
    __aeabi_dmul                             0x08008a09   Thumb Code     0  dmul.o(x$fpl$dmul)
    _dmul                                    0x08008a09   Thumb Code   332  dmul.o(x$fpl$dmul)
    __fpl_dnaninf                            0x08008b5d   Thumb Code   156  dnaninf.o(x$fpl$dnaninf)
    __fpl_dretinf                            0x08008bf9   Thumb Code    12  dretinf.o(x$fpl$dretinf)
    __aeabi_drsub                            0x08008c05   Thumb Code     0  daddsub_clz.o(x$fpl$drsb)
    _drsb                                    0x08008c05   Thumb Code    22  daddsub_clz.o(x$fpl$drsb)
    _dsqrt                                   0x08008c1d   Thumb Code   456  dsqrt_noumaal.o(x$fpl$dsqrt)
    __aeabi_dsub                             0x08008de9   Thumb Code     0  daddsub_clz.o(x$fpl$dsub)
    _dsub                                    0x08008de9   Thumb Code   464  daddsub_clz.o(x$fpl$dsub)
    __aeabi_f2d                              0x08008fbd   Thumb Code     0  f2d.o(x$fpl$f2d)
    _f2d                                     0x08008fbd   Thumb Code    86  f2d.o(x$fpl$f2d)
    __aeabi_fadd                             0x08009015   Thumb Code     0  faddsub_clz.o(x$fpl$fadd)
    _fadd                                    0x08009015   Thumb Code   196  faddsub_clz.o(x$fpl$fadd)
    __aeabi_fdiv                             0x080090d9   Thumb Code     0  fdiv.o(x$fpl$fdiv)
    _fdiv                                    0x080090d9   Thumb Code   384  fdiv.o(x$fpl$fdiv)
    __aeabi_i2f                              0x0800925d   Thumb Code     0  fflt_clz.o(x$fpl$fflt)
    _fflt                                    0x0800925d   Thumb Code    48  fflt_clz.o(x$fpl$fflt)
    __fpl_fnaninf                            0x0800928d   Thumb Code   140  fnaninf.o(x$fpl$fnaninf)
    __fpl_fretinf                            0x08009319   Thumb Code    10  fretinf.o(x$fpl$fretinf)
    __aeabi_fsub                             0x08009325   Thumb Code     0  faddsub_clz.o(x$fpl$fsub)
    _fsub                                    0x08009325   Thumb Code   234  faddsub_clz.o(x$fpl$fsub)
    __aeabi_d2lz                             0x08009411   Thumb Code     0  dfixll.o(x$fpl$llsfromd)
    _ll_sfrom_d                              0x08009411   Thumb Code   194  dfixll.o(x$fpl$llsfromd)
    __fpl_return_NaN                         0x080094d3   Thumb Code   100  retnan.o(x$fpl$retnan)
    __ARM_scalbn                             0x08009537   Thumb Code    92  scalbn.o(x$fpl$scalbn)
    __fpl_cmpreturn                          0x08009593   Thumb Code    48  trapv.o(x$fpl$trapveneer)
    F6x8                                     0x080095c2   Data         760  gui.o(.constdata)
    __I$use$fp                               0x080095c2   Number         0  usenofp.o(x$fpl$usenofp)
    F8X16                                    0x080098ba   Data        1520  gui.o(.constdata)
    F8X24                                    0x08009eaa   Data        2280  gui.o(.constdata)
    F8X32                                    0x0800a792   Data          16  gui.o(.constdata)
    cfont16                                  0x0800a7a2   Data        2720  gui.o(.constdata)
    cfont24                                  0x0800b242   Data         148  gui.o(.constdata)
    cfont32                                  0x0800b2d6   Data         520  gui.o(.constdata)
    Region$$Table$$Base                      0x0800b600   Number         0  anon$$obj.o(Region$$Table)
    Region$$Table$$Limit                     0x0800b620   Number         0  anon$$obj.o(Region$$Table)
    Version                                  0x2000000b   Data           8  main.o(.data)
    lwd                                      0x20000013   Data           8  main.o(.data)
    lwd_pa                                   0x2000001b   Data           8  main.o(.data)
    lll                                      0x20000023   Data           8  main.o(.data)
    ljl                                      0x2000002b   Data           8  main.o(.data)
    lsl                                      0x20000033   Data           8  main.o(.data)
    cyl                                      0x2000003b   Data           8  main.o(.data)
    cyl_0                                    0x20000043   Data           8  main.o(.data)
    jdl                                      0x2000004b   Data           8  main.o(.data)
    Error                                    0x20000053   Data           1  main.o(.data)
    sto                                      0x20000054   Data           2  main.o(.data)
    sta                                      0x20000056   Data           2  main.o(.data)
    LJ                                       0x20000058   Data           4  main.o(.data)
    LL                                       0x2000005c   Data           4  main.o(.data)
    CY                                       0x20000060   Data           4  main.o(.data)
    WenDu                                    0x20000064   Data           4  main.o(.data)
    ms1000                                   0x20000068   Data           1  main.o(.data)
    K1                                       0x20000069   Data           1  main.o(.data)
    K2                                       0x2000006a   Data           1  main.o(.data)
    K13                                      0x2000006b   Data           1  main.o(.data)
    MNL                                      0x2000006c   Data           1  main.o(.data)
    Gd                                       0x2000006d   Data           1  main.o(.data)
    Gd_y                                     0x2000006e   Data           1  main.o(.data)
    A                                        0x20000070   Data           2  main.o(.data)
    SZ_LD_Z                                  0x20000072   Data           2  main.o(.data)
    SZ_LD_F                                  0x20000074   Data           2  main.o(.data)
    SZ_QC_Z                                  0x20000076   Data           2  main.o(.data)
    SZ_QC_F                                  0x20000078   Data           2  main.o(.data)
    SZ_WD_B                                  0x2000007a   Data           2  main.o(.data)
    SZ_WD_O                                  0x2000007c   Data           2  main.o(.data)
    SZ_WD_KZ                                 0x2000007e   Data           2  main.o(.data)
    SZ_WD_KF                                 0x20000080   Data           2  main.o(.data)
    SZ_LL_Z                                  0x20000084   Data           4  main.o(.data)
    SZ_LL_F                                  0x20000088   Data           4  main.o(.data)
    YuanMa                                   0x2000008c   Data           4  main.o(.data)
    MANMA                                    0x20000090   Data           4  main.o(.data)
    Ma_xz                                    0x20000094   Data           4  main.o(.data)
    rxd_bz                                   0x20000098   Data           1  main.o(.data)
    canbuf_rxd                               0x20000099   Data           8  main.o(.data)
    run                                      0x200000a1   Data           1  main.o(.data)
    SystemCoreClock                          0x200000a4   Data           4  system_stm32f10x.o(.data)
    AHBPrescTable                            0x200000a8   Data          16  system_stm32f10x.o(.data)
    myid                                     0x200000bc   Data           4  can.o(.data)
    C                                        0x200000c3   Data           1  timer.o(.data)
    B                                        0x200000c4   Data           1  timer.o(.data)
    B1                                       0x200000c5   Data           1  timer.o(.data)
    kl                                       0x200000c6   Data           8  timer.o(.data)
    have                                     0x200000ce   Data           1  timer.o(.data)
    slj3                                     0x200000cf   Data           1  timer.o(.data)
    slj30                                    0x200000d0   Data           1  timer.o(.data)
    sec                                      0x200000d1   Data           1  timer.o(.data)
    ms200                                    0x200000d2   Data           1  timer.o(.data)
    sec3                                     0x200000d3   Data           1  timer.o(.data)
    se30                                     0x200000d4   Data           1  timer.o(.data)
    BFB                                      0x200000e0   Data           1  gui.o(.data)
    WD                                       0x200000e4   Data           4  gui.o(.data)
    WD_Ohm                                   0x200000e8   Data           4  gui.o(.data)
    WD_M                                     0x200000ec   Data           4  gui.o(.data)
    WinDu                                    0x200000f0   Data         204  gui.o(.data)
    key                                      0x200001d0   Data           1  setcs.o(.data)
    ljks                                     0x200001d1   Data           1  setcs.o(.data)
    JNW                                      0x200001f8   Data           8  24c64.o(.data)
    JNS                                      0x20000200   Data           4  24c64.o(.data)
    NIAN                                     0x20000204   Data           4  24c64.o(.data)
    kan                                      0x20000208   Data           1  tm7707.o(.data)
    S_7705                                   0x20000209   Data           1  tm7707.o(.data)
    error                                    0x2000020a   Data           1  tm7707.o(.data)
    TM                                       0x2000020b   Data           1  tm7707.o(.data)
    QJ                                       0x20000220   Data           6  mport.o(.data)
    QJp                                      0x20000226   Data           1  mport.o(.data)
    JDL                                      0x20000227   Data           8  mport.o(.data)
    QJs                                      0x20000230   Data           2  mport.o(.data)
    m_ctrl_dev                               0x20000234   Data           8  protocol.o(.data)
    SZ_JZ_Z                                  0x2000023c   Data          20  main.o(.bss)
    SZ_JZ_F                                  0x20000250   Data          20  main.o(.bss)
    __libspace_start                         0x2000068c   Data          96  libspace.o(.bss)
    __temporary_stack_top$libspace           0x200006ec   Data           0  libspace.o(.bss)
    mem2base                                 0x68000000   Data       983040  malloc.o(.ARM.__AT_0x68000000)
    mem2mapbase                              0x680f0000   Data       61440  malloc.o(.ARM.__AT_0x680F0000)



==============================================================================

Memory Map of the image

  Image Entry point : 0x0800020d

  Load Region LR_1 (Base: 0x08000000, Size: 0x0000b85c, Max: 0xffffffff, ABSOLUTE, COMPRESSED[0x0000b708])

    Execution Region ER_RO (Base: 0x08000000, Size: 0x0000b620, Max: 0xffffffff, ABSOLUTE)

    Base Addr    Size         Type   Attr      Idx    E Section Name        Object

    0x08000000   0x00000130   Data   RO          436    RESET               startup_stm32f10x_hd.o
    0x08000130   0x00000008   Code   RO         3958  * !!!main             c_w.l(__main.o)
    0x08000138   0x00000034   Code   RO         4252    !!!scatter          c_w.l(__scatter.o)
    0x0800016c   0x0000005a   Code   RO         4250    !!dczerorl2         c_w.l(__dczerorl2.o)
    0x080001c6   0x00000002   PAD
    0x080001c8   0x0000001c   Code   RO         4254    !!handler_zi        c_w.l(__scatter_zi.o)
    0x080001e4   0x00000002   Code   RO         4122    .ARM.Collect$$libinit$$00000000  c_w.l(libinit.o)
    0x080001e6   0x00000000   Code   RO         4128    .ARM.Collect$$libinit$$00000002  c_w.l(libinit2.o)
    0x080001e6   0x00000000   Code   RO         4130    .ARM.Collect$$libinit$$00000004  c_w.l(libinit2.o)
    0x080001e6   0x00000000   Code   RO         4133    .ARM.Collect$$libinit$$0000000A  c_w.l(libinit2.o)
    0x080001e6   0x00000000   Code   RO         4135    .ARM.Collect$$libinit$$0000000C  c_w.l(libinit2.o)
    0x080001e6   0x00000000   Code   RO         4137    .ARM.Collect$$libinit$$0000000E  c_w.l(libinit2.o)
    0x080001e6   0x00000000   Code   RO         4140    .ARM.Collect$$libinit$$00000011  c_w.l(libinit2.o)
    0x080001e6   0x00000000   Code   RO         4142    .ARM.Collect$$libinit$$00000013  c_w.l(libinit2.o)
    0x080001e6   0x00000000   Code   RO         4144    .ARM.Collect$$libinit$$00000015  c_w.l(libinit2.o)
    0x080001e6   0x00000000   Code   RO         4146    .ARM.Collect$$libinit$$00000017  c_w.l(libinit2.o)
    0x080001e6   0x00000000   Code   RO         4148    .ARM.Collect$$libinit$$00000019  c_w.l(libinit2.o)
    0x080001e6   0x00000000   Code   RO         4150    .ARM.Collect$$libinit$$0000001B  c_w.l(libinit2.o)
    0x080001e6   0x00000000   Code   RO         4152    .ARM.Collect$$libinit$$0000001D  c_w.l(libinit2.o)
    0x080001e6   0x00000000   Code   RO         4154    .ARM.Collect$$libinit$$0000001F  c_w.l(libinit2.o)
    0x080001e6   0x00000000   Code   RO         4156    .ARM.Collect$$libinit$$00000021  c_w.l(libinit2.o)
    0x080001e6   0x00000000   Code   RO         4158    .ARM.Collect$$libinit$$00000023  c_w.l(libinit2.o)
    0x080001e6   0x00000000   Code   RO         4160    .ARM.Collect$$libinit$$00000025  c_w.l(libinit2.o)
    0x080001e6   0x00000000   Code   RO         4164    .ARM.Collect$$libinit$$0000002C  c_w.l(libinit2.o)
    0x080001e6   0x00000000   Code   RO         4166    .ARM.Collect$$libinit$$0000002E  c_w.l(libinit2.o)
    0x080001e6   0x00000000   Code   RO         4168    .ARM.Collect$$libinit$$00000030  c_w.l(libinit2.o)
    0x080001e6   0x00000000   Code   RO         4170    .ARM.Collect$$libinit$$00000032  c_w.l(libinit2.o)
    0x080001e6   0x00000002   Code   RO         4171    .ARM.Collect$$libinit$$00000033  c_w.l(libinit2.o)
    0x080001e8   0x00000002   Code   RO         4193    .ARM.Collect$$libshutdown$$00000000  c_w.l(libshutdown.o)
    0x080001ea   0x00000000   Code   RO         4204    .ARM.Collect$$libshutdown$$00000003  c_w.l(libshutdown2.o)
    0x080001ea   0x00000000   Code   RO         4207    .ARM.Collect$$libshutdown$$00000006  c_w.l(libshutdown2.o)
    0x080001ea   0x00000000   Code   RO         4210    .ARM.Collect$$libshutdown$$00000009  c_w.l(libshutdown2.o)
    0x080001ea   0x00000000   Code   RO         4212    .ARM.Collect$$libshutdown$$0000000B  c_w.l(libshutdown2.o)
    0x080001ea   0x00000000   Code   RO         4215    .ARM.Collect$$libshutdown$$0000000E  c_w.l(libshutdown2.o)
    0x080001ea   0x00000002   Code   RO         4216    .ARM.Collect$$libshutdown$$0000000F  c_w.l(libshutdown2.o)
    0x080001ec   0x00000000   Code   RO         4036    .ARM.Collect$$rtentry$$00000000  c_w.l(__rtentry.o)
    0x080001ec   0x00000000   Code   RO         4085    .ARM.Collect$$rtentry$$00000002  c_w.l(__rtentry2.o)
    0x080001ec   0x00000006   Code   RO         4097    .ARM.Collect$$rtentry$$00000004  c_w.l(__rtentry4.o)
    0x080001f2   0x00000000   Code   RO         4087    .ARM.Collect$$rtentry$$00000009  c_w.l(__rtentry2.o)
    0x080001f2   0x00000004   Code   RO         4088    .ARM.Collect$$rtentry$$0000000A  c_w.l(__rtentry2.o)
    0x080001f6   0x00000000   Code   RO         4090    .ARM.Collect$$rtentry$$0000000C  c_w.l(__rtentry2.o)
    0x080001f6   0x00000008   Code   RO         4091    .ARM.Collect$$rtentry$$0000000D  c_w.l(__rtentry2.o)
    0x080001fe   0x00000002   Code   RO         4125    .ARM.Collect$$rtexit$$00000000  c_w.l(rtexit.o)
    0x08000200   0x00000000   Code   RO         4175    .ARM.Collect$$rtexit$$00000002  c_w.l(rtexit2.o)
    0x08000200   0x00000004   Code   RO         4176    .ARM.Collect$$rtexit$$00000003  c_w.l(rtexit2.o)
    0x08000204   0x00000006   Code   RO         4177    .ARM.Collect$$rtexit$$00000004  c_w.l(rtexit2.o)
    0x0800020a   0x00000002   PAD
    0x0800020c   0x00000040   Code   RO          437  * .text               startup_stm32f10x_hd.o
    0x0800024c   0x00000002   Code   RO         3950    .text               c_w.l(use_no_semi_2.o)
    0x0800024e   0x00000010   Code   RO         3952    .text               c_w.l(aeabi_memset.o)
    0x0800025e   0x00000044   Code   RO         3954    .text               c_w.l(rt_memclr.o)
    0x080002a2   0x00000006   Code   RO         3956    .text               c_w.l(heapauxi.o)
    0x080002a8   0x00000002   Code   RO         4034    .text               c_w.l(use_no_semi.o)
    0x080002aa   0x00000016   Code   RO         4037    .text               c_w.l(_rserrno.o)
    0x080002c0   0x0000004e   Code   RO         4039    .text               c_w.l(rt_memclr_w.o)
    0x0800030e   0x00000002   PAD
    0x08000310   0x00000008   Code   RO         4102    .text               c_w.l(rt_errno_addr_intlibspace.o)
    0x08000318   0x00000008   Code   RO         4110    .text               c_w.l(libspace.o)
    0x08000320   0x0000004a   Code   RO         4113    .text               c_w.l(sys_stackheap_outer.o)
    0x0800036a   0x0000000c   Code   RO         4115    .text               c_w.l(exit.o)
    0x08000376   0x00000002   PAD
    0x08000378   0x000004a8   Code   RO         1216    i.AT24CXX_Init      24c64.o
    0x08000820   0x00000070   Code   RO         1217    i.AT24CXX_Read      24c64.o
    0x08000890   0x00000070   Code   RO         1220    i.AT24CXX_Write     24c64.o
    0x08000900   0x0000005c   Code   RO         1223    i.A_N_24C64         24c64.o
    0x0800095c   0x00000280   Code   RO         1224    i.BL_24c64          24c64.o
    0x08000bdc   0x00000004   Code   RO          177    i.BusFault_Handler  stm32f10x_it.o
    0x08000be0   0x00000a8c   Code   RO         1111    i.CAN_Answer        setcs.o
    0x0800166c   0x00000108   Code   RO         1723    i.CAN_FilterInit    stm32f10x_can.o
    0x08001774   0x00000114   Code   RO         1730    i.CAN_Init          stm32f10x_can.o
    0x08001888   0x0000001e   Code   RO         1731    i.CAN_MessagePending  stm32f10x_can.o
    0x080018a6   0x00000002   PAD
    0x080018a8   0x00000104   Code   RO          441    i.CAN_Mode_Init     can.o
    0x080019ac   0x000000f0   Code   RO         1733    i.CAN_Receive       stm32f10x_can.o
    0x08001a9c   0x0000030c   Code   RO         1112    i.CAN_SAVE          setcs.o
    0x08001da8   0x0000009c   Code   RO          981    i.CAN_SET           pic.o
    0x08001e44   0x00000126   Code   RO         1738    i.CAN_Transmit      stm32f10x_can.o
    0x08001f6a   0x00000002   PAD
    0x08001f6c   0x000000a0   Code   RO         1739    i.CAN_TransmitStatus  stm32f10x_can.o
    0x0800200c   0x00000084   Code   RO          652    i.CY_zero           gui.o
    0x08002090   0x000000dc   Code   RO          653    i.CY_zero_1         gui.o
    0x0800216c   0x00000054   Code   RO          442    i.Can_Receive_Msg   can.o
    0x080021c0   0x00000068   Code   RO          443    i.Can_Send_Msg      can.o
    0x08002228   0x00000002   Code   RO          178    i.DebugMon_Handler  stm32f10x_it.o
    0x0800222a   0x00000002   PAD
    0x0800222c   0x0000003c   Code   RO          564    i.EXTI1_IRQHandler  timer.o
    0x08002268   0x00000028   Code   RO         2009    i.EXTI_GetITStatus  stm32f10x_exti.o
    0x08002290   0x000000c8   Code   RO          982    i.FIRST             pic.o
    0x08002358   0x00000580   Code   RO          983    i.FIRST_2           pic.o
    0x080028d8   0x00000060   Code   RO          984    i.FIVE              pic.o
    0x08002938   0x00000088   Code   RO          985    i.FOUR              pic.o
    0x080029c0   0x00000104   Code   RO         1425    i.GP8302            gp8302 .o
    0x08002ac4   0x0000003c   Code   RO         1426    i.GP8302_Init       gp8302 .o
    0x08002b00   0x0000003e   Code   RO         1427    i.GP8302_Read       gp8302 .o
    0x08002b3e   0x00000002   PAD
    0x08002b40   0x00000038   Code   RO         1428    i.GP8802_Ack        gp8302 .o
    0x08002b78   0x0000004c   Code   RO         1430    i.GP8802_Send_Byte  gp8302 .o
    0x08002bc4   0x00000044   Code   RO         1431    i.GP8802_Start      gp8302 .o
    0x08002c08   0x00000040   Code   RO         1432    i.GP8802_Stop       gp8302 .o
    0x08002c48   0x00000116   Code   RO         2064    i.GPIO_Init         stm32f10x_gpio.o
    0x08002d5e   0x00000012   Code   RO         2068    i.GPIO_ReadInputDataBit  stm32f10x_gpio.o
    0x08002d70   0x00000004   Code   RO         2071    i.GPIO_ResetBits    stm32f10x_gpio.o
    0x08002d74   0x00000004   Code   RO         2072    i.GPIO_SetBits      stm32f10x_gpio.o
    0x08002d78   0x000000b0   Code   RO          656    i.GUI_DrawLine      gui.o
    0x08002e28   0x0000004a   Code   RO          658    i.GUI_DrawRectangle  gui.o
    0x08002e72   0x00000002   PAD
    0x08002e74   0x00000194   Code   RO          660    i.GUI_Draw_sin      gui.o
    0x08003008   0x0000006a   Code   RO          665    i.GUI_ShowCHinese   gui.o
    0x08003072   0x00000002   PAD
    0x08003074   0x000001fc   Code   RO          666    i.GUI_ShowChar      gui.o
    0x08003270   0x000000f0   Code   RO          667    i.GUI_ShowFont16    gui.o
    0x08003360   0x00000104   Code   RO          668    i.GUI_ShowFont24    gui.o
    0x08003464   0x000000f8   Code   RO          669    i.GUI_ShowFont32    gui.o
    0x0800355c   0x0000007c   Code   RO          670    i.GUI_ShowNum       gui.o
    0x080035d8   0x00000106   Code   RO          674    i.GUI_ShowNum_WD    gui.o
    0x080036de   0x00000090   Code   RO          675    i.GUI_ShowString    gui.o
    0x0800376e   0x00000004   Code   RO          179    i.HardFault_Handler  stm32f10x_it.o
    0x08003772   0x00000002   PAD
    0x08003774   0x0000004c   Code   RO          473    i.I1C_Ack           myiic.o
    0x080037c0   0x00000034   Code   RO          474    i.I1C_Init          myiic.o
    0x080037f4   0x0000004c   Code   RO          475    i.I1C_NAck          myiic.o
    0x08003840   0x00000058   Code   RO          476    i.I1C_Read_Byte     myiic.o
    0x08003898   0x00000060   Code   RO          477    i.I1C_Send_Byte     myiic.o
    0x080038f8   0x0000005c   Code   RO          478    i.I1C_Start         myiic.o
    0x08003954   0x00000058   Code   RO          479    i.I1C_Stop          myiic.o
    0x080039ac   0x00000044   Code   RO          480    i.I1C_Wait_Ack      myiic.o
    0x080039f0   0x0000002c   Code   RO          533    i.KEY_Init          key.o
    0x08003a1c   0x000000a0   Code   RO          534    i.KEY_Scan          key.o
    0x08003abc   0x0000002c   Code   RO         1151    i.LED_Init          led.o
    0x08003ae8   0x000000c4   Code   RO          565    i.LJLL_Data         timer.o
    0x08003bac   0x00000044   Code   RO         1225    i.LJ_zero           24c64.o
    0x08003bf0   0x0000009c   Code   RO          986    i.MENU              pic.o
    0x08003c8c   0x00000080   Code   RO          566    i.Made_Data         timer.o
    0x08003d0c   0x00000004   Code   RO          180    i.MemManage_Handler  stm32f10x_it.o
    0x08003d10   0x00000002   Code   RO          181    i.NMI_Handler       stm32f10x_it.o
    0x08003d12   0x00000046   Code   RO          677    i.NUM_A             gui.o
    0x08003d58   0x00000070   Code   RO         1681    i.NVIC_Init         misc.o
    0x08003dc8   0x00000014   Code   RO         1682    i.NVIC_PriorityGroupConfig  misc.o
    0x08003ddc   0x00000024   Code   RO          567    i.N_A               timer.o
    0x08003e00   0x00000028   Code   RO          904    i.OLED_Clear        oled.o
    0x08003e28   0x00000048   Code   RO          905    i.OLED_Display      oled.o
    0x08003e70   0x0000001c   Code   RO          906    i.OLED_Display_Off  oled.o
    0x08003e8c   0x0000001c   Code   RO          907    i.OLED_Display_On   oled.o
    0x08003ea8   0x000000fe   Code   RO          908    i.OLED_Init         oled.o
    0x08003fa6   0x00000002   PAD
    0x08003fa8   0x00000034   Code   RO          909    i.OLED_Init_GPIO    oled.o
    0x08003fdc   0x0000002c   Code   RO          910    i.OLED_Reset        oled.o
    0x08004008   0x00000080   Code   RO          911    i.OLED_Set_Pixel    oled.o
    0x08004088   0x0000003c   Code   RO          913    i.OLED_WR_Byte      oled.o
    0x080040c4   0x000000b0   Code   RO          987    i.OLED_error        pic.o
    0x08004174   0x000000c0   Code   RO          988    i.ONE               pic.o
    0x08004234   0x00000058   Code   RO          568    i.PVD_IRQHandler    timer.o
    0x0800428c   0x00000002   Code   RO          182    i.PendSV_Handler    stm32f10x_it.o
    0x0800428e   0x00000002   PAD
    0x08004290   0x00000074   Code   RO          989    i.QJHM              pic.o
    0x08004304   0x00000046   Code   RO         3863    i.QingJiao_19200    mport.o
    0x0800434a   0x00000002   PAD
    0x0800434c   0x00000044   Code   RO         3864    i.QingJiao_F        mport.o
    0x08004390   0x00000020   Code   RO         2420    i.RCC_APB1PeriphClockCmd  stm32f10x_rcc.o
    0x080043b0   0x00000020   Code   RO         2422    i.RCC_APB2PeriphClockCmd  stm32f10x_rcc.o
    0x080043d0   0x000000d4   Code   RO         2430    i.RCC_GetClocksFreq  stm32f10x_rcc.o
    0x080044a4   0x0000002c   Code   RO         1435    i.SDA8302_OUT       gp8302 .o
    0x080044d0   0x0000002c   Code   RO          481    i.SDA_IN            myiic.o
    0x080044fc   0x000013ac   Code   RO         1113    i.SET_COME          setcs.o
    0x080058a8   0x0000003c   Code   RO         1114    i.SET_IN            setcs.o
    0x080058e4   0x00000028   Code   RO          990    i.SEV               pic.o
    0x0800590c   0x000000ec   Code   RO          991    i.SIX               pic.o
    0x080059f8   0x00000098   Code   RO         1185    i.SPI1_Init         spi.o
    0x08005a90   0x00000018   Code   RO         2713    i.SPI_Cmd           stm32f10x_spi.o
    0x08005aa8   0x0000003c   Code   RO         2726    i.SPI_Init          stm32f10x_spi.o
    0x08005ae4   0x00000022   Code   RO         1188    i.SPI_WriteByte     spi.o
    0x08005b06   0x00000002   Code   RO          183    i.SVC_Handler       stm32f10x_it.o
    0x08005b08   0x00000008   Code   RO          244    i.SetSysClock       system_stm32f10x.o
    0x08005b10   0x000000e0   Code   RO          245    i.SetSysClockTo72   system_stm32f10x.o
    0x08005bf0   0x00000028   Code   RO         1685    i.SysTick_CLKSourceConfig  misc.o
    0x08005c18   0x00000002   Code   RO          184    i.SysTick_Handler   stm32f10x_it.o
    0x08005c1a   0x00000002   PAD
    0x08005c1c   0x00000060   Code   RO          247    i.SystemInit        system_stm32f10x.o
    0x08005c7c   0x00000088   Code   RO          992    i.THERR             pic.o
    0x08005d04   0x000000a4   Code   RO          571    i.TIM4_IRQHandler   timer.o
    0x08005da8   0x00000060   Code   RO          572    i.TIM4_init         timer.o
    0x08005e08   0x00000006   Code   RO         2863    i.TIM_ClearITPendingBit  stm32f10x_tim.o
    0x08005e0e   0x00000018   Code   RO         2868    i.TIM_Cmd           stm32f10x_tim.o
    0x08005e26   0x00000022   Code   RO         2889    i.TIM_GetITStatus   stm32f10x_tim.o
    0x08005e48   0x00000012   Code   RO         2893    i.TIM_ITConfig      stm32f10x_tim.o
    0x08005e5a   0x00000002   PAD
    0x08005e5c   0x000000a4   Code   RO         2939    i.TIM_TimeBaseInit  stm32f10x_tim.o
    0x08005f00   0x00000070   Code   RO         1293    i.TM7705_CalibSelf  tm7707.o
    0x08005f70   0x0000000e   Code   RO         1294    i.TM7705_Delay      tm7707.o
    0x08005f7e   0x00000002   PAD
    0x08005f80   0x0000005c   Code   RO         1298    i.TM7705_Read3Byte  tm7707.o
    0x08005fdc   0x0000004c   Code   RO         1302    i.TM7705_Recive8Bit  tm7707.o
    0x08006028   0x00000054   Code   RO         1303    i.TM7705_Send8Bit   tm7707.o
    0x0800607c   0x00000068   Code   RO         1307    i.TM7705_WaitDRDY   tm7707.o
    0x080060e4   0x00000044   Code   RO         1309    i.TM7705_WriteByte  tm7707.o
    0x08006128   0x00000058   Code   RO         1311    i.TM7707_init       tm7707.o
    0x08006180   0x000000ec   Code   RO          678    i.TP1000_ohm        gui.o
    0x0800626c   0x00000038   Code   RO          680    i.TP1000_wd_        gui.o
    0x080062a4   0x00000088   Code   RO          993    i.TWO               pic.o
    0x0800632c   0x00000100   Code   RO         3865    i.USART1_IRQHandler  mport.o
    0x0800642c   0x00000018   Code   RO         1505    i.USART_Cmd         stm32f10x_usart.o
    0x08006444   0x0000004a   Code   RO         1511    i.USART_ITConfig    stm32f10x_usart.o
    0x0800648e   0x00000002   PAD
    0x08006490   0x000000d8   Code   RO         1512    i.USART_Init        stm32f10x_usart.o
    0x08006568   0x00000004   Code   RO          185    i.UsageFault_Handler  stm32f10x_it.o
    0x0800656c   0x00000190   Code   RO          681    i.YS_CY             gui.o
    0x080066fc   0x00000088   Code   RO          682    i.YS_LJ             gui.o
    0x08006784   0x00000574   Code   RO          683    i.YS_LL             gui.o
    0x08006cf8   0x000001ac   Code   RO          684    i.YS_WD             gui.o
    0x08006ea4   0x00000034   Code   RO          685    i.YS_YM             gui.o
    0x08006ed8   0x000001d0   Code   RO          686    i.YS_YS             gui.o
    0x080070a8   0x00000048   Code   RO         1312    i._7707_REST        tm7707.o
    0x080070f0   0x00000028   Code   RO         4106    i.__ARM_fpclassify  m_ws.l(fpclassify.o)
    0x08007118   0x00000388   Code   RO         4073    i.__ieee754_rem_pio2  m_ws.l(rred.o)
    0x080074a0   0x000000fc   Code   RO         4056    i.__kernel_cos      m_ws.l(cos_i.o)
    0x0800759c   0x000000aa   Code   RO         4108    i.__kernel_poly     m_ws.l(poly.o)
    0x08007646   0x00000002   PAD
    0x08007648   0x000000ec   Code   RO         4078    i.__kernel_sin      m_ws.l(sin_i.o)
    0x08007734   0x00000006   Code   RO         4060    i.__mathlib_dbl_infnan  m_ws.l(dunder.o)
    0x0800773a   0x0000000c   Code   RO         4062    i.__mathlib_dbl_invalid  m_ws.l(dunder.o)
    0x08007746   0x00000002   PAD
    0x08007748   0x00000010   Code   RO         4065    i.__mathlib_dbl_underflow  m_ws.l(dunder.o)
    0x08007758   0x00000004   Code   RO          363    i._sys_exit         usart.o
    0x0800775c   0x0000009c   Code   RO         4011    i.cos               m_ws.l(cos.o)
    0x080077f8   0x00000044   Code   RO          278    i.delay_init        delay.o
    0x0800783c   0x0000004c   Code   RO          279    i.delay_ms          delay.o
    0x08007888   0x0000004c   Code   RO          280    i.delay_us          delay.o
    0x080078d4   0x000009b0   Code   RO            1    i.main              main.o
    0x08008284   0x00000030   Code   RO         3867    i.mp_send_data      mport.o
    0x080082b4   0x00000016   Code   RO          690    i.mypow             gui.o
    0x080082ca   0x00000002   PAD
    0x080082cc   0x000000a0   Code   RO         4019    i.sin               m_ws.l(sin.o)
    0x0800836c   0x0000004c   Code   RO         4027    i.sqrt              m_ws.l(sqrt.o)
    0x080083b8   0x000000a0   Code   RO          366    i.uart_init         usart.o
    0x08008458   0x00000150   Code   RO         3960    x$fpl$dadd          fz_ws.l(daddsub_clz.o)
    0x080085a8   0x00000010   Code   RO         4123    x$fpl$dcheck1       fz_ws.l(dcheck1.o)
    0x080085b8   0x00000018   Code   RO         4041    x$fpl$dcmpinf       fz_ws.l(dcmpi.o)
    0x080085d0   0x000002b0   Code   RO         3967    x$fpl$ddiv          fz_ws.l(ddiv.o)
    0x08008880   0x00000078   Code   RO         3970    x$fpl$deqf          fz_ws.l(deqf.o)
    0x080088f8   0x0000005e   Code   RO         3972    x$fpl$dfix          fz_ws.l(dfix.o)
    0x08008956   0x00000002   PAD
    0x08008958   0x0000005a   Code   RO         3980    x$fpl$dfixu         fz_ws.l(dfixu.o)
    0x080089b2   0x0000002e   Code   RO         3985    x$fpl$dflt          fz_ws.l(dflt_clz.o)
    0x080089e0   0x00000026   Code   RO         3984    x$fpl$dfltu         fz_ws.l(dflt_clz.o)
    0x08008a06   0x00000002   PAD
    0x08008a08   0x00000154   Code   RO         3990    x$fpl$dmul          fz_ws.l(dmul.o)
    0x08008b5c   0x0000009c   Code   RO         4045    x$fpl$dnaninf       fz_ws.l(dnaninf.o)
    0x08008bf8   0x0000000c   Code   RO         4047    x$fpl$dretinf       fz_ws.l(dretinf.o)
    0x08008c04   0x00000016   Code   RO         3961    x$fpl$drsb          fz_ws.l(daddsub_clz.o)
    0x08008c1a   0x00000002   PAD
    0x08008c1c   0x000001cc   Code   RO         4049    x$fpl$dsqrt         fz_ws.l(dsqrt_noumaal.o)
    0x08008de8   0x000001d4   Code   RO         3962    x$fpl$dsub          fz_ws.l(daddsub_clz.o)
    0x08008fbc   0x00000056   Code   RO         3992    x$fpl$f2d           fz_ws.l(f2d.o)
    0x08009012   0x00000002   PAD
    0x08009014   0x000000c4   Code   RO         3994    x$fpl$fadd          fz_ws.l(faddsub_clz.o)
    0x080090d8   0x00000184   Code   RO         4001    x$fpl$fdiv          fz_ws.l(fdiv.o)
    0x0800925c   0x00000030   Code   RO         4005    x$fpl$fflt          fz_ws.l(fflt_clz.o)
    0x0800928c   0x0000008c   Code   RO         4051    x$fpl$fnaninf       fz_ws.l(fnaninf.o)
    0x08009318   0x0000000a   Code   RO         4053    x$fpl$fretinf       fz_ws.l(fretinf.o)
    0x08009322   0x00000002   PAD
    0x08009324   0x000000ea   Code   RO         3996    x$fpl$fsub          fz_ws.l(faddsub_clz.o)
    0x0800940e   0x00000002   PAD
    0x08009410   0x000000c2   Code   RO         3976    x$fpl$llsfromd      fz_ws.l(dfixll.o)
    0x080094d2   0x00000064   Code   RO         4172    x$fpl$retnan        fz_ws.l(retnan.o)
    0x08009536   0x0000005c   Code   RO         4104    x$fpl$scalbn        fz_ws.l(scalbn.o)
    0x08009592   0x00000030   Code   RO         4185    x$fpl$trapveneer    fz_ws.l(trapv.o)
    0x080095c2   0x00000000   Code   RO         4055    x$fpl$usenofp       fz_ws.l(usenofp.o)
    0x080095c2   0x00001f1c   Data   RO          692    .constdata          gui.o
    0x0800b4de   0x00000002   PAD
    0x0800b4e0   0x00000030   Data   RO         4057    .constdata          m_ws.l(cos_i.o)
    0x0800b510   0x000000c8   Data   RO         4075    .constdata          m_ws.l(rred.o)
    0x0800b5d8   0x00000028   Data   RO         4079    .constdata          m_ws.l(sin_i.o)
    0x0800b600   0x00000020   Data   RO         4248    Region$$Table       anon$$obj.o


    Execution Region ER_RW (Base: 0x20000000, Size: 0x0000023c, Max: 0xffffffff, ABSOLUTE, COMPRESSED[0x000000e8])

    Base Addr    Size         Type   Attr      Idx    E Section Name        Object

    0x20000000   0x000000a2   Data   RW            3    .data               main.o
    0x200000a2   0x00000002   PAD
    0x200000a4   0x00000014   Data   RW          248    .data               system_stm32f10x.o
    0x200000b8   0x00000004   Data   RW          281    .data               delay.o
    0x200000bc   0x00000004   Data   RW          444    .data               can.o
    0x200000c0   0x00000019   Data   RW          574    .data               timer.o
    0x200000d9   0x00000003   PAD
    0x200000dc   0x000000e0   Data   RW          693    .data               gui.o
    0x200001bc   0x0000003c   Data   RW         1115    .data               setcs.o
    0x200001f8   0x00000010   Data   RW         1226    .data               24c64.o
    0x20000208   0x00000004   Data   RW         1313    .data               tm7707.o
    0x2000020c   0x00000014   Data   RW         2450    .data               stm32f10x_rcc.o
    0x20000220   0x00000012   Data   RW         3868    .data               mport.o
    0x20000232   0x00000002   PAD
    0x20000234   0x00000008   Data   RW         3907    .data               protocol.o


    Execution Region ER_ZI (Base: 0x2000023c, Size: 0x00000ab4, Max: 0xffffffff, ABSOLUTE)

    Base Addr    Size         Type   Attr      Idx    E Section Name        Object

    0x2000023c   0x00000028   Zero   RW            2    .bss                main.o
    0x20000264   0x00000028   Zero   RW          691    .bss                gui.o
    0x2000028c   0x00000400   Zero   RW          914    .bss                oled.o
    0x2000068c   0x00000060   Zero   RW         4111    .bss                c_w.l(libspace.o)
    0x200006ec   0x00000004   PAD
    0x200006f0   0x00000200   Zero   RW          435    HEAP                startup_stm32f10x_hd.o
    0x200008f0   0x00000400   Zero   RW          434    STACK               startup_stm32f10x_hd.o



  Load Region LR$$.ARM.__AT_0x68000000 (Base: 0x68000000, Size: 0x00000000, Max: 0x000f0000, ABSOLUTE)

    Execution Region ER$$.ARM.__AT_0x68000000 (Base: 0x68000000, Size: 0x000f0000, Max: 0x000f0000, ABSOLUTE, UNINIT)

    Base Addr    Size         Type   Attr      Idx    E Section Name        Object

    0x68000000   0x000f0000   Zero   RW         3769    .ARM.__AT_0x68000000  malloc.o



  Load Region LR$$.ARM.__AT_0x680F0000 (Base: 0x680f0000, Size: 0x00000000, Max: 0x0000f000, ABSOLUTE)

    Execution Region ER$$.ARM.__AT_0x680F0000 (Base: 0x680f0000, Size: 0x0000f000, Max: 0x0000f000, ABSOLUTE, UNINIT)

    Base Addr    Size         Type   Attr      Idx    E Section Name        Object

    0x680f0000   0x0000f000   Zero   RW         3770    .ARM.__AT_0x680F0000  malloc.o


==============================================================================

Image component sizes


      Code (inc. data)   RO Data    RW Data    ZI Data      Debug   Object Name

      2216        130          0         16          0       5615   24c64.o
       448         28          0          4          0       2969   can.o
       220         26          0          4          0     213311   delay.o
       690         68          0          0          0       4404   gp8302 .o
      6158        354       7964        224         40      19943   gui.o
       204         20          0          0          0       1106   key.o
        44          4          0          0          0        479   led.o
      2480        246          0        162         40     276331   main.o
         0          0          0          0    1044480       1621   malloc.o
       172         22          0          0          0       1969   misc.o
       442         34          0         18          0       2922   mport.o
       680         76          0          0          0       4707   myiic.o
       706         32          0          0       1024       5403   oled.o
      3184        804          0          0          0       6633   pic.o
         0          0          0          8          0       1189   protocol.o
      8576        370          0         60          0       8259   setcs.o
       186          8          0          0          0       1440   spi.o
        64         26        304          0       1536        804   startup_stm32f10x_hd.o
      1264         28          0          0          0       4939   stm32f10x_can.o
        40          6          0          0          0        579   stm32f10x_exti.o
       304          0          0          0          0       3520   stm32f10x_gpio.o
        26          0          0          0          0       3702   stm32f10x_it.o
       276         32          0         20          0       4346   stm32f10x_rcc.o
        84          0          0          0          0       2061   stm32f10x_spi.o
       246         42          0          0          0       3414   stm32f10x_tim.o
       314          6          0          0          0       3562   stm32f10x_usart.o
         0          0          0          0          0         32   sys.o
       328         28          0         20          0       2085   system_stm32f10x.o
       768        102          0         25          0       5330   timer.o
       710         64          0          4          0       5164   tm7707.o
       164          8          0          0          0       1148   usart.o

    ----------------------------------------------------------------------
     31024       2564       8302        572    1047120     598987   Object Totals
         0          0         32          0          0          0   (incl. Generated)
        30          0          2          7          0          0   (incl. Padding)

    ----------------------------------------------------------------------

      Code (inc. data)   RO Data    RW Data    ZI Data      Debug   Library Member Name

        90          0          0          0          0          0   __dczerorl2.o
         8          0          0          0          0         68   __main.o
         0          0          0          0          0          0   __rtentry.o
        12          0          0          0          0          0   __rtentry2.o
         6          0          0          0          0          0   __rtentry4.o
        52          8          0          0          0          0   __scatter.o
        28          0          0          0          0          0   __scatter_zi.o
        22          0          0          0          0        100   _rserrno.o
        16          0          0          0          0         68   aeabi_memset.o
        12          0          0          0          0         72   exit.o
         6          0          0          0          0        152   heapauxi.o
         2          0          0          0          0          0   libinit.o
         2          0          0          0          0          0   libinit2.o
         2          0          0          0          0          0   libshutdown.o
         2          0          0          0          0          0   libshutdown2.o
         8          4          0          0         96         68   libspace.o
         8          4          0          0          0         68   rt_errno_addr_intlibspace.o
        68          0          0          0          0         68   rt_memclr.o
        78          0          0          0          0         80   rt_memclr_w.o
         2          0          0          0          0          0   rtexit.o
        10          0          0          0          0          0   rtexit2.o
        74          0          0          0          0         80   sys_stackheap_outer.o
         2          0          0          0          0         68   use_no_semi.o
         2          0          0          0          0         68   use_no_semi_2.o
       826         16          0          0          0        348   daddsub_clz.o
        16          4          0          0          0         68   dcheck1.o
        24          0          0          0          0         68   dcmpi.o
       688        140          0          0          0        208   ddiv.o
       120          4          0          0          0         92   deqf.o
        94          4          0          0          0         92   dfix.o
       194          4          0          0          0        116   dfixll.o
        90          4          0          0          0         92   dfixu.o
        84          0          0          0          0        136   dflt_clz.o
       340         12          0          0          0        104   dmul.o
       156          4          0          0          0         92   dnaninf.o
        12          0          0          0          0         68   dretinf.o
       460         56          0          0          0        120   dsqrt_noumaal.o
        86          4          0          0          0         84   f2d.o
       430          8          0          0          0        168   faddsub_clz.o
       388         76          0          0          0         96   fdiv.o
        48          0          0          0          0         68   fflt_clz.o
       140          4          0          0          0         84   fnaninf.o
        10          0          0          0          0         68   fretinf.o
       100          0          0          0          0         68   retnan.o
        92          0          0          0          0         68   scalbn.o
        48          0          0          0          0         68   trapv.o
         0          0          0          0          0          0   usenofp.o
       156          8          0          0          0        104   cos.o
       252         22         48          0          0        124   cos_i.o
        34          6          0          0          0        204   dunder.o
        40          0          0          0          0         68   fpclassify.o
       170          0          0          0          0         96   poly.o
       904         76        200          0          0        140   rred.o
       160         10          0          0          0        108   sin.o
       236         12         40          0          0        128   sin_i.o
        76          0          0          0          0         84   sqrt.o

    ----------------------------------------------------------------------
      7010        490        288          0        100       4392   Library Totals
        24          0          0          0          4          0   (incl. Padding)

    ----------------------------------------------------------------------

      Code (inc. data)   RO Data    RW Data    ZI Data      Debug   Library Name

       512         16          0          0         96        960   c_w.l
      4446        340          0          0          0       2376   fz_ws.l
      2028        134        288          0          0       1056   m_ws.l

    ----------------------------------------------------------------------
      7010        490        288          0        100       4392   Library Totals

    ----------------------------------------------------------------------

==============================================================================


      Code (inc. data)   RO Data    RW Data    ZI Data      Debug   

     38034       3054       8590        572    1047220     593755   Grand Totals
     38034       3054       8590        232    1047220     593755   ELF Image Totals (compressed)
     38034       3054       8590        232          0          0   ROM Totals

==============================================================================

    Total RO  Size (Code + RO Data)                46624 (  45.53kB)
    Total RW  Size (RW Data + ZI Data)           1047792 (1023.23kB)
    Total ROM Size (Code + RO Data + RW Data)      46856 (  45.76kB)

==============================================================================

